Component: ARM Compiler 5.06 update 7 (build 960) Tool: armlink [4d3601]

==============================================================================

Section Cross References

    startup_stm32f767xx.o(RESET) refers to startup_stm32f767xx.o(STACK) for __initial_sp
    startup_stm32f767xx.o(RESET) refers to startup_stm32f767xx.o(.text) for Reset_Handler
    startup_stm32f767xx.o(RESET) refers to stm32f7xx_it.o(i.NMI_Handler) for NMI_Handler
    startup_stm32f767xx.o(RESET) refers to stm32f7xx_it.o(i.HardFault_Handler) for HardFault_Handler
    startup_stm32f767xx.o(RESET) refers to stm32f7xx_it.o(i.MemManage_Handler) for MemManage_Handler
    startup_stm32f767xx.o(RESET) refers to stm32f7xx_it.o(i.BusFault_Handler) for BusFault_Handler
    startup_stm32f767xx.o(RESET) refers to stm32f7xx_it.o(i.UsageFault_Handler) for UsageFault_Handler
    startup_stm32f767xx.o(RESET) refers to port.o(.emb_text) for SVC_Handler
    startup_stm32f767xx.o(RESET) refers to stm32f7xx_it.o(i.DebugMon_Handler) for DebugMon_Handler
    startup_stm32f767xx.o(RESET) refers to stm32f7xx_it.o(i.SysTick_Handler) for SysTick_Handler
    startup_stm32f767xx.o(RESET) refers to stm32f7xx_it.o(i.USART1_IRQHandler) for USART1_IRQHandler
    startup_stm32f767xx.o(RESET) refers to stm32f7xx_it.o(i.OTG_FS_IRQHandler) for OTG_FS_IRQHandler
    startup_stm32f767xx.o(.text) refers to system_stm32f7xx.o(i.SystemInit) for SystemInit
    startup_stm32f767xx.o(.text) refers to entry.o(.ARM.Collect$$$$00000000) for __main
    main.o(i.MPU_Config) refers to stm32f7xx_hal_cortex.o(i.HAL_MPU_Disable) for HAL_MPU_Disable
    main.o(i.MPU_Config) refers to stm32f7xx_hal_cortex.o(i.HAL_MPU_ConfigRegion) for HAL_MPU_ConfigRegion
    main.o(i.MPU_Config) refers to stm32f7xx_hal_cortex.o(i.HAL_MPU_Enable) for HAL_MPU_Enable
    main.o(i.SystemClock_Config) refers to memseta.o(.text) for __aeabi_memclr4
    main.o(i.SystemClock_Config) refers to stm32f7xx_hal_rcc.o(i.HAL_RCC_OscConfig) for HAL_RCC_OscConfig
    main.o(i.SystemClock_Config) refers to main.o(i.Error_Handler) for Error_Handler
    main.o(i.SystemClock_Config) refers to stm32f7xx_hal_pwr_ex.o(i.HAL_PWREx_EnableOverDrive) for HAL_PWREx_EnableOverDrive
    main.o(i.SystemClock_Config) refers to stm32f7xx_hal_rcc.o(i.HAL_RCC_ClockConfig) for HAL_RCC_ClockConfig
    main.o(i.SystemClock_Config) refers to stm32f7xx_hal_rcc.o(i.HAL_RCC_EnableCSS) for HAL_RCC_EnableCSS
    main.o(i.main) refers to main.o(i.MPU_Config) for MPU_Config
    main.o(i.main) refers to stm32f7xx_hal.o(i.HAL_Init) for HAL_Init
    main.o(i.main) refers to main.o(i.SystemClock_Config) for SystemClock_Config
    main.o(i.main) refers to gpio.o(i.MX_GPIO_Init) for MX_GPIO_Init
    main.o(i.main) refers to usart.o(i.MX_USART1_UART_Init) for MX_USART1_UART_Init
    main.o(i.main) refers to gpio.o(i.LED_Init) for LED_Init
    main.o(i.main) refers to freertos.o(i.MX_FREERTOS_Init) for MX_FREERTOS_Init
    main.o(i.main) refers to cmsis_os.o(i.osKernelStart) for osKernelStart
    main.o(i.main) refers to cli_cmds.o(i.cli_parser) for cli_parser
    main.o(i.main) refers to printf8.o(i.__0printf$8) for __2printf
    main.o(i.main) refers to memseta.o(.text) for __aeabi_memclr
    main.o(i.main) refers to stm32f7xx_hal.o(i.HAL_Delay) for HAL_Delay
    main.o(i.main) refers to stm32f7xx_hal_gpio.o(i.HAL_GPIO_TogglePin) for HAL_GPIO_TogglePin
    main.o(i.main) refers to usart.o(.data) for USART_RX_LEN
    main.o(i.main) refers to usart.o(.bss) for USART_TX_BUF
    gpio.o(i.LED_Init) refers to stm32f7xx_hal_gpio.o(i.HAL_GPIO_Init) for HAL_GPIO_Init
    gpio.o(i.LED_Init) refers to stm32f7xx_hal_gpio.o(i.HAL_GPIO_WritePin) for HAL_GPIO_WritePin
    freertos.o(i.MX_FREERTOS_Init) refers to memcpya.o(.text) for __aeabi_memcpy4
    freertos.o(i.MX_FREERTOS_Init) refers to cmsis_os.o(i.osThreadCreate) for osThreadCreate
    freertos.o(i.MX_FREERTOS_Init) refers to freertos.o(.constdata) for .constdata
    freertos.o(i.MX_FREERTOS_Init) refers to freertos.o(.data) for defaultTaskHandle
    freertos.o(i.StartDefaultTask) refers to usb_host.o(i.MX_USB_HOST_Init) for MX_USB_HOST_Init
    freertos.o(i.StartDefaultTask) refers to cmsis_os.o(i.osDelay) for osDelay
    freertos.o(i.Xbox_Task) refers to usbh_hid.o(i.USBH_HID_GetDeviceType) for USBH_HID_GetDeviceType
    freertos.o(i.Xbox_Task) refers to cmsis_os.o(i.osDelay) for osDelay
    freertos.o(i.Xbox_Task) refers to printf8.o(i.__0printf$8) for __2printf
    freertos.o(i.Xbox_Task) refers to usbh_hid_mouse.o(i.USBH_HID_GetMouseInfo) for USBH_HID_GetMouseInfo
    freertos.o(i.Xbox_Task) refers to usb_host.o(.bss) for hUsbHostFS
    freertos.o(i.Xbox_Task) refers to usb_host.o(.data) for Appli_state
    freertos.o(i.vApplicationGetIdleTaskMemory) refers to freertos.o(.bss) for xIdleTaskTCBBuffer
    freertos.o(.constdata) refers to freertos.o(.conststring) for .conststring
    freertos.o(.constdata) refers to freertos.o(i.StartDefaultTask) for StartDefaultTask
[...]
    xStart                                   0x20000074   Data           8  heap_4.o(.data)
    pxEnd                                    0x2000007c   Data           4  heap_4.o(.data)
    xFreeBytesRemaining                      0x20000080   Data           4  heap_4.o(.data)
    xMinimumEverFreeBytesRemaining           0x20000084   Data           4  heap_4.o(.data)
    xBlockAllocatedBit                       0x20000088   Data           4  heap_4.o(.data)
    .data                                    0x2000008c   Section       12  port.o(.data)
    uxCriticalNesting                        0x2000008c   Data           4  port.o(.data)
    ucMaxSysCallPriority                     0x20000090   Data           1  port.o(.data)
    ulMaxPRIGROUPValue                       0x20000094   Data           4  port.o(.data)
    .data                                    0x20000098   Section       32  usbh_hid.o(.data)
    .data                                    0x200000b8   Section       16  usbh_hid_keybd.o(.data)
    .data                                    0x200000c8   Section       21  usbh_hid_mouse.o(.data)
    .data                                    0x200000e0   Section        4  strtok.o(.data)
    state                                    0x200000e0   Data           4  strtok.o(.data)
    .data                                    0x200000e4   Section        4  stdout.o(.data)
    .data                                    0x200000e8   Section        4  mvars.o(.data)
    .data                                    0x200000ec   Section        4  mvars.o(.data)
    .bss                                     0x200000f0   Section      596  freertos.o(.bss)
    xIdleTaskTCBBuffer                       0x200000f0   Data          84  freertos.o(.bss)
    xIdleStack                               0x20000144   Data         512  freertos.o(.bss)
    .bss                                     0x20000344   Section     2184  usart.o(.bss)
    .bss                                     0x20000bcc   Section      256  cli.o(.bss)
    .bss                                     0x20000ccc   Section     1072  usb_host.o(.bss)
    .bss                                     0x200010fc   Section      992  usbh_conf.o(.bss)
    .bss                                     0x200014dc   Section      240  tasks.o(.bss)
    pxReadyTasksLists                        0x200014dc   Data         140  tasks.o(.bss)
    xDelayedTaskList1                        0x20001568   Data          20  tasks.o(.bss)
    xDelayedTaskList2                        0x2000157c   Data          20  tasks.o(.bss)
    xPendingReadyList                        0x20001590   Data          20  tasks.o(.bss)
    xTasksWaitingTermination                 0x200015a4   Data          20  tasks.o(.bss)
    xSuspendedTaskList                       0x200015b8   Data          20  tasks.o(.bss)
    .bss                                     0x200015cc   Section    15360  heap_4.o(.bss)
    ucHeap                                   0x200015cc   Data       15360  heap_4.o(.bss)
    .bss                                     0x200051cc   Section       15  usbh_hid_keybd.o(.bss)
    HEAP                                     0x200051e0   Section    16384  startup_stm32f767xx.o(HEAP)
    STACK                                    0x200091e0   Section     4096  startup_stm32f767xx.o(STACK)

    Global Symbols

    Symbol Name                              Value     Ov Type        Size  Object(Section)

    BuildAttributes$$THM_ISAv4$E$P$D$K$B$S$7EM$VFPv5_D16$PE$PLD8$A:L22UL41UL21$X:L11$S22US41US21$IEEE1$IW$USESV6$~STKCKD$USESV7$~SHL$OSPACE$ROPI$EBA8$MICROLIB$REQ8$PRES8$EABIv2 0x00000000   Number         0  anon$$obj.o ABSOLUTE
    __ARM_use_no_argv                        0x00000000   Number         0  main.o ABSOLUTE
    _printf_a                                0x00000000   Number         0  stubs.o ABSOLUTE
    _printf_c                                0x00000000   Number         0  stubs.o ABSOLUTE
    _printf_charcount                        0x00000000   Number         0  stubs.o ABSOLUTE
    _printf_d                                0x00000000   Number         0  stubs.o ABSOLUTE
    _printf_e                                0x00000000   Number         0  stubs.o ABSOLUTE
    _printf_f                                0x00000000   Number         0  stubs.o ABSOLUTE
    _printf_flags                            0x00000000   Number         0  stubs.o ABSOLUTE
    _printf_fp_dec                           0x00000000   Number         0  stubs.o ABSOLUTE
    _printf_fp_hex                           0x00000000   Number         0  stubs.o ABSOLUTE
    _printf_g                                0x00000000   Number         0  stubs.o ABSOLUTE
    _printf_i                                0x00000000   Number         0  stubs.o ABSOLUTE
    _printf_int_dec                          0x00000000   Number         0  stubs.o ABSOLUTE
    _printf_l                                0x00000000   Number         0  stubs.o ABSOLUTE
    _printf_lc                               0x00000000   Number         0  stubs.o ABSOLUTE
    _printf_ll                               0x00000000   Number         0  stubs.o ABSOLUTE
    _printf_lld                              0x00000000   Number         0  stubs.o ABSOLUTE
    _printf_lli                              0x00000000   Number         0  stubs.o ABSOLUTE
    _printf_llo                              0x00000000   Number         0  stubs.o ABSOLUTE
    _printf_llu                              0x00000000   Number         0  stubs.o ABSOLUTE
    _printf_llx                              0x00000000   Number         0  stubs.o ABSOLUTE
    _printf_longlong_dec                     0x00000000   Number         0  stubs.o ABSOLUTE
    _printf_longlong_hex                     0x00000000   Number         0  stubs.o ABSOLUTE
    _printf_longlong_oct                     0x00000000   Number         0  stubs.o ABSOLUTE
    _printf_ls                               0x00000000   Number         0  stubs.o ABSOLUTE
    _printf_mbtowc                           0x00000000   Number         0  stubs.o ABSOLUTE
    _printf_n                                0x00000000   Number         0  stubs.o ABSOLUTE
    _printf_o                                0x00000000   Number         0  stubs.o ABSOLUTE
    _printf_p                                0x00000000   Number         0  stubs.o ABSOLUTE
    _printf_percent                          0x00000000   Number         0  stubs.o ABSOLUTE
    _printf_pre_padding                      0x00000000   Number         0  stubs.o ABSOLUTE
    _printf_return_value                     0x00000000   Number         0  stubs.o ABSOLUTE
    _printf_s                                0x00000000   Number         0  stubs.o ABSOLUTE
    _printf_sizespec                         0x00000000   Number         0  stubs.o ABSOLUTE
    _printf_str                              0x00000000   Number         0  stubs.o ABSOLUTE
    _printf_truncate_signed                  0x00000000   Number         0  stubs.o ABSOLUTE
    _printf_truncate_unsigned                0x00000000   Number         0  stubs.o ABSOLUTE
    _printf_u                                0x00000000   Number         0  stubs.o ABSOLUTE
    _printf_wc                               0x00000000   Number         0  stubs.o ABSOLUTE
    _printf_wctomb                           0x00000000   Number         0  stubs.o ABSOLUTE
    _printf_widthprec                        0x00000000   Number         0  stubs.o ABSOLUTE
    _printf_x                                0x00000000   Number         0  stubs.o ABSOLUTE
    __arm_fini_                               - Undefined Weak Reference
    __cpp_initialize__aeabi_                  - Undefined Weak Reference
    __cxa_finalize                            - Undefined Weak Reference
    __decompress                              - Undefined Weak Reference
    _clock_init                               - Undefined Weak Reference
    _microlib_exit                            - Undefined Weak Reference
    __Vectors_Size                           0x000001f8   Number         0  startup_stm32f767xx.o ABSOLUTE
    __Vectors                                0x08000000   Data           4  startup_stm32f767xx.o(RESET)
    __Vectors_End                            0x080001f8   Data           0  startup_stm32f767xx.o(RESET)
    __main                                   0x080001f9   Thumb Code     0  entry.o(.ARM.Collect$$$$00000000)
    _main_stk                                0x080001f9   Thumb Code     0  entry2.o(.ARM.Collect$$$$00000001)
    _main_scatterload                        0x080001fd   Thumb Code     0  entry5.o(.ARM.Collect$$$$00000004)
    __main_after_scatterload                 0x08000201   Thumb Code     0  entry5.o(.ARM.Collect$$$$00000004)
    _main_clock                              0x08000201   Thumb Code     0  entry7b.o(.ARM.Collect$$$$00000008)
    _main_cpp_init                           0x08000201   Thumb Code     0  entry8b.o(.ARM.Collect$$$$0000000A)
    _main_init                               0x08000201   Thumb Code     0  entry9a.o(.ARM.Collect$$$$0000000B)
    __rt_lib_shutdown_fini                   0x08000209   Thumb Code     0  entry12b.o(.ARM.Collect$$$$0000000E)
    __rt_final_cpp                           0x0800020d   Thumb Code     0  entry10a.o(.ARM.Collect$$$$0000000F)
    __rt_final_exit                          0x0800020d   Thumb Code     0  entry11a.o(.ARM.Collect$$$$00000011)
    SVC_Handler                              0x08000211   Thumb Code    28  port.o(.emb_text)
    __asm___6_port_c_39a90d8d__prvStartFirstTask 0x08000231   Thumb Code    36  port.o(.emb_text)
    __asm___6_port_c_39a90d8d__prvEnableVFP  0x08000259   Thumb Code    16  port.o(.emb_text)
    PendSV_Handler                           0x0800026d   Thumb Code    92  port.o(.emb_text)
    vPortGetIPSR                             0x080002cd   Thumb Code     6  port.o(.emb_text)
    Reset_Handler                            0x080002d5   Thumb Code     8  startup_stm32f767xx.o(.text)
    ADC_IRQHandler                           0x080002ef   Thumb Code     0  startup_stm32f767xx.o(.text)
    CAN1_RX0_IRQHandler                      0x080002ef   Thumb Code     0  startup_stm32f767xx.o(.text)
    CAN1_RX1_IRQHandler                      0x080002ef   Thumb Code     0  startup_stm32f767xx.o(.text)
    CAN1_SCE_IRQHandler                      0x080002ef   Thumb Code     0  startup_stm32f767xx.o(.text)
    CAN1_TX_IRQHandler                       0x080002ef   Thumb Code     0  startup_stm32f767xx.o(.text)
    CAN2_RX0_IRQHandler                      0x080002ef   Thumb Code     0  startup_stm32f767xx.o(.text)
    CAN2_RX1_IRQHandler                      0x080002ef   Thumb Code     0  startup_stm32f767xx.o(.text)
    CAN2_SCE_IRQHandler                      0x080002ef   Thumb Code     0  startup_stm32f767xx.o(.text)
    CAN2_TX_IRQHandler                       0x080002ef   Thumb Code     0  startup_stm32f767xx.o(.text)
    CAN3_RX0_IRQHandler                      0x080002ef   Thumb Code     0  startup_stm32f767xx.o(.text)
    CAN3_RX1_IRQHandler                      0x080002ef   Thumb Code     0  startup_stm32f767xx.o(.text)
    CAN3_SCE_IRQHandler                      0x080002ef   Thumb Code     0  startup_stm32f767xx.o(.text)
    CAN3_TX_IRQHandler                       0x080002ef   Thumb Code     0  startup_stm32f767xx.o(.text)
    CEC_IRQHandler                           0x080002ef   Thumb Code     0  startup_stm32f767xx.o(.text)
    DCMI_IRQHandler                          0x080002ef   Thumb Code     0  startup_stm32f767xx.o(.text)
    DFSDM1_FLT0_IRQHandler                   0x080002ef   Thumb Code     0  startup_stm32f767xx.o(.text)
    DFSDM1_FLT1_IRQHandler                   0x080002ef   Thumb Code     0  startup_stm32f767xx.o(.text)
    DFSDM1_FLT2_IRQHandler                   0x080002ef   Thumb Code     0  startup_stm32f767xx.o(.text)
    DFSDM1_FLT3_IRQHandler                   0x080002ef   Thumb Code     0  startup_stm32f767xx.o(.text)
    DMA1_Stream0_IRQHandler                  0x080002ef   Thumb Code     0  startup_stm32f767xx.o(.text)
    DMA1_Stream1_IRQHandler                  0x080002ef   Thumb Code     0  startup_stm32f767xx.o(.text)
    DMA1_Stream2_IRQHandler                  0x080002ef   Thumb Code     0  startup_stm32f767xx.o(.text)
    DMA1_Stream3_IRQHandler                  0x080002ef   Thumb Code     0  startup_stm32f767xx.o(.text)
    DMA1_Stream4_IRQHandler                  0x080002ef   Thumb Code     0  startup_stm32f767xx.o(.text)
    DMA1_Stream5_IRQHandler                  0x080002ef   Thumb Code     0  startup_stm32f767xx.o(.text)
    DMA1_Stream6_IRQHandler                  0x080002ef   Thumb Code     0  startup_stm32f767xx.o(.text)
    DMA1_Stream7_IRQHandler                  0x080002ef   Thumb Code     0  startup_stm32f767xx.o(.text)
    DMA2D_IRQHandler                         0x080002ef   Thumb Code     0  startup_stm32f767xx.o(.text)
    DMA2_Stream0_IRQHandler                  0x080002ef   Thumb Code     0  startup_stm32f767xx.o(.text)
    DMA2_Stream1_IRQHandler                  0x080002ef   Thumb Code     0  startup_stm32f767xx.o(.text)
    DMA2_Stream2_IRQHandler                  0x080002ef   Thumb Code     0  startup_stm32f767xx.o(.text)
    DMA2_Stream3_IRQHandler                  0x080002ef   Thumb Code     0  startup_stm32f767xx.o(.text)
    DMA2_Stream4_IRQHandler                  0x080002ef   Thumb Code     0  startup_stm32f767xx.o(.text)
    DMA2_Stream5_IRQHandler                  0x080002ef   Thumb Code     0  startup_stm32f767xx.o(.text)
    DMA2_Stream6_IRQHandler                  0x080002ef   Thumb Code     0  startup_stm32f767xx.o(.text)
    DMA2_Stream7_IRQHandler                  0x080002ef   Thumb Code     0  startup_stm32f767xx.o(.text)
    ETH_IRQHandler                           0x080002ef   Thumb Code     0  startup_stm32f767xx.o(.text)
    ETH_WKUP_IRQHandler                      0x080002ef   Thumb Code     0  startup_stm32f767xx.o(.text)
    EXTI0_IRQHandler                         0x080002ef   Thumb Code     0  startup_stm32f767xx.o(.text)
    EXTI15_10_IRQHandler                     0x080002ef   Thumb Code     0  startup_stm32f767xx.o(.text)
    EXTI1_IRQHandler                         0x080002ef   Thumb Code     0  startup_stm32f767xx.o(.text)
    EXTI2_IRQHandler                         0x080002ef   Thumb Code     0  startup_stm32f767xx.o(.text)
    EXTI3_IRQHandler                         0x080002ef   Thumb Code     0  startup_stm32f767xx.o(.text)
    EXTI4_IRQHandler                         0x080002ef   Thumb Code     0  startup_stm32f767xx.o(.text)
    EXTI9_5_IRQHandler                       0x080002ef   Thumb Code     0  startup_stm32f767xx.o(.text)
    FLASH_IRQHandler                         0x080002ef   Thumb Code     0  startup_stm32f767xx.o(.text)
    FMC_IRQHandler                           0x080002ef   Thumb Code     0  startup_stm32f767xx.o(.text)
    FPU_IRQHandler                           0x080002ef   Thumb Code     0  startup_stm32f767xx.o(.text)
    I2C1_ER_IRQHandler                       0x080002ef   Thumb Code     0  startup_stm32f767xx.o(.text)
    I2C1_EV_IRQHandler                       0x080002ef   Thumb Code     0  startup_stm32f767xx.o(.text)
    I2C2_ER_IRQHandler                       0x080002ef   Thumb Code     0  startup_stm32f767xx.o(.text)
    I2C2_EV_IRQHandler                       0x080002ef   Thumb Code     0  startup_stm32f767xx.o(.text)
    I2C3_ER_IRQHandler                       0x080002ef   Thumb Code     0  startup_stm32f767xx.o(.text)
    I2C3_EV_IRQHandler                       0x080002ef   Thumb Code     0  startup_stm32f767xx.o(.text)
    I2C4_ER_IRQHandler                       0x080002ef   Thumb Code     0  startup_stm32f767xx.o(.text)
    I2C4_EV_IRQHandler                       0x080002ef   Thumb Code     0  startup_stm32f767xx.o(.text)
    JPEG_IRQHandler                          0x080002ef   Thumb Code     0  startup_stm32f767xx.o(.text)
    LPTIM1_IRQHandler                        0x080002ef   Thumb Code     0  startup_stm32f767xx.o(.text)
    LTDC_ER_IRQHandler                       0x080002ef   Thumb Code     0  startup_stm32f767xx.o(.text)
    LTDC_IRQHandler                          0x080002ef   Thumb Code     0  startup_stm32f767xx.o(.text)
    MDIOS_IRQHandler                         0x080002ef   Thumb Code     0  startup_stm32f767xx.o(.text)
    OTG_FS_WKUP_IRQHandler                   0x080002ef   Thumb Code     0  startup_stm32f767xx.o(.text)
    OTG_HS_EP1_IN_IRQHandler                 0x080002ef   Thumb Code     0  startup_stm32f767xx.o(.text)
    OTG_HS_EP1_OUT_IRQHandler                0x080002ef   Thumb Code     0  startup_stm32f767xx.o(.text)
    OTG_HS_IRQHandler                        0x080002ef   Thumb Code     0  startup_stm32f767xx.o(.text)
    OTG_HS_WKUP_IRQHandler                   0x080002ef   Thumb Code     0  startup_stm32f767xx.o(.text)
    PVD_IRQHandler                           0x080002ef   Thumb Code     0  startup_stm32f767xx.o(.text)
    QUADSPI_IRQHandler                       0x080002ef   Thumb Code     0  startup_stm32f767xx.o(.text)
    RCC_IRQHandler                           0x080002ef   Thumb Code     0  startup_stm32f767xx.o(.text)
    RNG_IRQHandler                           0x080002ef   Thumb Code     0  startup_stm32f767xx.o(.text)
    RTC_Alarm_IRQHandler                     0x080002ef   Thumb Code     0  startup_stm32f767xx.o(.text)
    RTC_WKUP_IRQHandler                      0x080002ef   Thumb Code     0  startup_stm32f767xx.o(.text)
    SAI1_IRQHandler                          0x080002ef   Thumb Code     0  startup_stm32f767xx.o(.text)
    SAI2_IRQHandler                          0x080002ef   Thumb Code     0  startup_stm32f767xx.o(.text)
    SDMMC1_IRQHandler                        0x080002ef   Thumb Code     0  startup_stm32f767xx.o(.text)
    SDMMC2_IRQHandler                        0x080002ef   Thumb Code     0  startup_stm32f767xx.o(.text)
    SPDIF_RX_IRQHandler                      0x080002ef   Thumb Code     0  startup_stm32f767xx.o(.text)
    SPI1_IRQHandler                          0x080002ef   Thumb Code     0  startup_stm32f767xx.o(.text)
    SPI2_IRQHandler                          0x080002ef   Thumb Code     0  startup_stm32f767xx.o(.text)
    SPI3_IRQHandler                          0x080002ef   Thumb Code     0  startup_stm32f767xx.o(.text)
    SPI4_IRQHandler                          0x080002ef   Thumb Code     0  startup_stm32f767xx.o(.text)
    SPI5_IRQHandler                          0x080002ef   Thumb Code     0  startup_stm32f767xx.o(.text)
    SPI6_IRQHandler                          0x080002ef   Thumb Code     0  startup_stm32f767xx.o(.text)
    TAMP_STAMP_IRQHandler                    0x080002ef   Thumb Code     0  startup_stm32f767xx.o(.text)
    TIM1_BRK_TIM9_IRQHandler                 0x080002ef   Thumb Code     0  startup_stm32f767xx.o(.text)
    TIM1_CC_IRQHandler                       0x080002ef   Thumb Code     0  startup_stm32f767xx.o(.text)
    TIM1_TRG_COM_TIM11_IRQHandler            0x080002ef   Thumb Code     0  startup_stm32f767xx.o(.text)
    TIM1_UP_TIM10_IRQHandler                 0x080002ef   Thumb Code     0  startup_stm32f767xx.o(.text)
    TIM2_IRQHandler                          0x080002ef   Thumb Code     0  startup_stm32f767xx.o(.text)
    TIM3_IRQHandler                          0x080002ef   Thumb Code     0  startup_stm32f767xx.o(.text)
    TIM4_IRQHandler                          0x080002ef   Thumb Code     0  startup_stm32f767xx.o(.text)
    TIM5_IRQHandler                          0x080002ef   Thumb Code     0  startup_stm32f767xx.o(.text)
    TIM6_DAC_IRQHandler                      0x080002ef   Thumb Code     0  startup_stm32f767xx.o(.text)
    TIM7_IRQHandler                          0x080002ef   Thumb Code     0  startup_stm32f767xx.o(.text)
    TIM8_BRK_TIM12_IRQHandler                0x080002ef   Thumb Code     0  startup_stm32f767xx.o(.text)
    TIM8_CC_IRQHandler                       0x080002ef   Thumb Code     0  startup_stm32f767xx.o(.text)
    TIM8_TRG_COM_TIM14_IRQHandler            0x080002ef   Thumb Code     0  startup_stm32f767xx.o(.text)
    TIM8_UP_TIM13_IRQHandler                 0x080002ef   Thumb Code     0  startup_stm32f767xx.o(.text)
    UART4_IRQHandler                         0x080002ef   Thumb Code     0  startup_stm32f767xx.o(.text)
    UART5_IRQHandler                         0x080002ef   Thumb Code     0  startup_stm32f767xx.o(.text)
    UART7_IRQHandler                         0x080002ef   Thumb Code     0  startup_stm32f767xx.o(.text)
    UART8_IRQHandler                         0x080002ef   Thumb Code     0  startup_stm32f767xx.o(.text)
    USART2_IRQHandler                        0x080002ef   Thumb Code     0  startup_stm32f767xx.o(.text)
    USART3_IRQHandler                        0x080002ef   Thumb Code     0  startup_stm32f767xx.o(.text)
    USART6_IRQHandler                        0x080002ef   Thumb Code     0  startup_stm32f767xx.o(.text)
    WWDG_IRQHandler                          0x080002ef   Thumb Code     0  startup_stm32f767xx.o(.text)
    __aeabi_uldivmod                         0x080002f9   Thumb Code    98  uldiv.o(.text)
    __aeabi_memcpy                           0x0800035b   Thumb Code    36  memcpya.o(.text)
    __aeabi_memcpy4                          0x0800035b   Thumb Code     0  memcpya.o(.text)
    __aeabi_memcpy8                          0x0800035b   Thumb Code     0  memcpya.o(.text)
    __aeabi_memset                           0x0800037f   Thumb Code    14  memseta.o(.text)
    __aeabi_memset4                          0x0800037f   Thumb Code     0  memseta.o(.text)
    __aeabi_memset8                          0x0800037f   Thumb Code     0  memseta.o(.text)
    __aeabi_memclr                           0x0800038d   Thumb Code     4  memseta.o(.text)
    __aeabi_memclr4                          0x0800038d   Thumb Code     0  memseta.o(.text)
    __aeabi_memclr8                          0x0800038d   Thumb Code     0  memseta.o(.text)
    memset                                   0x08000391   Thumb Code    18  memseta.o(.text)
    strcmp                                   0x080003a3   Thumb Code    28  strcmp.o(.text)
    strncmp                                  0x080003bf   Thumb Code    30  strncmp.o(.text)
    strtok                                   0x080003dd   Thumb Code    62  strtok.o(.text)
    __aeabi_llsl                             0x08000421   Thumb Code    30  llshl.o(.text)
    _ll_shift_l                              0x08000421   Thumb Code     0  llshl.o(.text)
    __aeabi_llsr                             0x0800043f   Thumb Code    32  llushr.o(.text)
    _ll_ushift_r                             0x0800043f   Thumb Code     0  llushr.o(.text)
    __scatterload                            0x08000461   Thumb Code    28  init.o(.text)
    __scatterload_rt2                        0x08000461   Thumb Code     0  init.o(.text)
    BusFault_Handler                         0x08000485   Thumb Code     4  stm32f7xx_it.o(i.BusFault_Handler)
    DebugMon_Handler                         0x08000515   Thumb Code     2  stm32f7xx_it.o(i.DebugMon_Handler)
    Error_Handler                            0x08000517   Thumb Code     6  main.o(i.Error_Handler)
    HAL_DMA_Abort                            0x0800051d   Thumb Code   172  stm32f7xx_hal_dma.o(i.HAL_DMA_Abort)
    HAL_DMA_Abort_IT                         0x080005c9   Thumb Code    40  stm32f7xx_hal_dma.o(i.HAL_DMA_Abort_IT)
    HAL_Delay                                0x080005f1   Thumb Code    36  stm32f7xx_hal.o(i.HAL_Delay)
    HAL_GPIO_Init                            0x08000619   Thumb Code   472  stm32f7xx_hal_gpio.o(i.HAL_GPIO_Init)
    HAL_GPIO_TogglePin                       0x08000825   Thumb Code    20  stm32f7xx_hal_gpio.o(i.HAL_GPIO_TogglePin)
    HAL_GPIO_WritePin                        0x08000839   Thumb Code    12  stm32f7xx_hal_gpio.o(i.HAL_GPIO_WritePin)
    HAL_GetTick                              0x08000845   Thumb Code     6  stm32f7xx_hal.o(i.HAL_GetTick)
    HAL_HCD_Connect_Callback                 0x08000851   Thumb Code    14  usbh_conf.o(i.HAL_HCD_Connect_Callback)
    HAL_HCD_Disconnect_Callback              0x0800085f   Thumb Code    14  usbh_conf.o(i.HAL_HCD_Disconnect_Callback)
    HAL_HCD_GetCurrentFrame                  0x0800086d   Thumb Code    12  stm32f7xx_hal_hcd.o(i.HAL_HCD_GetCurrentFrame)
    HAL_HCD_GetCurrentSpeed                  0x08000879   Thumb Code    12  stm32f7xx_hal_hcd.o(i.HAL_HCD_GetCurrentSpeed)
    HAL_HCD_HC_ClearHubInfo                  0x08000885   Thumb Code    66  stm32f7xx_hal_hcd.o(i.HAL_HCD_HC_ClearHubInfo)
    HAL_HCD_HC_GetURBState                   0x080008c7   Thumb Code    20  stm32f7xx_hal_hcd.o(i.HAL_HCD_HC_GetURBState)
    HAL_HCD_HC_GetXferCount                  0x080008db   Thumb Code    18  stm32f7xx_hal_hcd.o(i.HAL_HCD_HC_GetXferCount)
    HAL_HCD_HC_Halt                          0x080008ed   Thumb Code    52  stm32f7xx_hal_hcd.o(i.HAL_HCD_HC_Halt)
    HAL_HCD_HC_Init                          0x08000921   Thumb Code   270  stm32f7xx_hal_hcd.o(i.HAL_HCD_HC_Init)
    HAL_HCD_HC_NotifyURBChange_Callback      0x08000a2f   Thumb Code    18  usbh_conf.o(i.HAL_HCD_HC_NotifyURBChange_Callback)
    HAL_HCD_HC_SubmitRequest                 0x08000a41   Thumb Code   644  stm32f7xx_hal_hcd.o(i.HAL_HCD_HC_SubmitRequest)
    HAL_HCD_IRQHandler                       0x08000cc5   Thumb Code   380  stm32f7xx_hal_hcd.o(i.HAL_HCD_IRQHandler)
    HAL_HCD_Init                             0x08000e41   Thumb Code   134  stm32f7xx_hal_hcd.o(i.HAL_HCD_Init)
    HAL_HCD_MspInit                          0x08000ec9   Thumb Code   212  usbh_conf.o(i.HAL_HCD_MspInit)
    HAL_HCD_PortDisabled_Callback            0x08000fa5   Thumb Code    14  usbh_conf.o(i.HAL_HCD_PortDisabled_Callback)
    HAL_HCD_PortEnabled_Callback             0x08000fb3   Thumb Code    14  usbh_conf.o(i.HAL_HCD_PortEnabled_Callback)
    HAL_HCD_ResetPort                        0x08000fc1   Thumb Code    12  stm32f7xx_hal_hcd.o(i.HAL_HCD_ResetPort)
    HAL_HCD_SOF_Callback                     0x08000fcd   Thumb Code    14  usbh_conf.o(i.HAL_HCD_SOF_Callback)
    HAL_HCD_Start                            0x08000fdb   Thumb Code    54  stm32f7xx_hal_hcd.o(i.HAL_HCD_Start)
    HAL_HCD_Stop                             0x08001011   Thumb Code    46  stm32f7xx_hal_hcd.o(i.HAL_HCD_Stop)
    HAL_IncTick                              0x08001041   Thumb Code    16  stm32f7xx_hal.o(i.HAL_IncTick)
    HAL_Init                                 0x08001059   Thumb Code    22  stm32f7xx_hal.o(i.HAL_Init)
    HAL_InitTick                             0x08001071   Thumb Code    64  stm32f7xx_hal.o(i.HAL_InitTick)
    HAL_MPU_ConfigRegion                     0x080010bd   Thumb Code    86  stm32f7xx_hal_cortex.o(i.HAL_MPU_ConfigRegion)
    HAL_MPU_Disable                          0x08001119   Thumb Code    38  stm32f7xx_hal_cortex.o(i.HAL_MPU_Disable)
    HAL_MPU_Enable                           0x08001145   Thumb Code    58  stm32f7xx_hal_cortex.o(i.HAL_MPU_Enable)
    HAL_MspInit                              0x08001185   Thumb Code    70  stm32f7xx_hal_msp.o(i.HAL_MspInit)
    HAL_NVIC_EnableIRQ                       0x080011d1   Thumb Code    32  stm32f7xx_hal_cortex.o(i.HAL_NVIC_EnableIRQ)
    HAL_NVIC_SetPriority                     0x080011f1   Thumb Code   124  stm32f7xx_hal_cortex.o(i.HAL_NVIC_SetPriority)
    HAL_NVIC_SetPriorityGrouping             0x0800126d   Thumb Code    32  stm32f7xx_hal_cortex.o(i.HAL_NVIC_SetPriorityGrouping)
    HAL_PWREx_EnableOverDrive                0x08001295   Thumb Code   136  stm32f7xx_hal_pwr_ex.o(i.HAL_PWREx_EnableOverDrive)
    HAL_RCCEx_PeriphCLKConfig                0x08001325   Thumb Code  1880  stm32f7xx_hal_rcc_ex.o(i.HAL_RCCEx_PeriphCLKConfig)
    HAL_RCC_CSSCallback                      0x08001a81   Thumb Code     2  stm32f7xx_hal_rcc.o(i.HAL_RCC_CSSCallback)
    HAL_RCC_ClockConfig                      0x08001a85   Thumb Code   384  stm32f7xx_hal_rcc.o(i.HAL_RCC_ClockConfig)
    HAL_RCC_EnableCSS                        0x08001c19   Thumb Code    14  stm32f7xx_hal_rcc.o(i.HAL_RCC_EnableCSS)
    HAL_RCC_GetHCLKFreq                      0x08001c2d   Thumb Code     6  stm32f7xx_hal_rcc.o(i.HAL_RCC_GetHCLKFreq)
    HAL_RCC_GetPCLK1Freq                     0x08001c39   Thumb Code    22  stm32f7xx_hal_rcc.o(i.HAL_RCC_GetPCLK1Freq)
    HAL_RCC_GetPCLK2Freq                     0x08001c59   Thumb Code    22  stm32f7xx_hal_rcc.o(i.HAL_RCC_GetPCLK2Freq)
    HAL_RCC_GetSysClockFreq                  0x08001c79   Thumb Code   162  stm32f7xx_hal_rcc.o(i.HAL_RCC_GetSysClockFreq)
    HAL_RCC_NMI_IRQHandler                   0x08001d29   Thumb Code    28  stm32f7xx_hal_rcc.o(i.HAL_RCC_NMI_IRQHandler)
    HAL_RCC_OscConfig                        0x08001d49   Thumb Code  1296  stm32f7xx_hal_rcc.o(i.HAL_RCC_OscConfig)
    HAL_SYSTICK_Config                       0x0800225d   Thumb Code    52  stm32f7xx_hal_cortex.o(i.HAL_SYSTICK_Config)
    HAL_UARTEx_RxEventCallback               0x08002291   Thumb Code     2  stm32f7xx_hal_uart.o(i.HAL_UARTEx_RxEventCallback)
    HAL_UARTEx_WakeupCallback                0x08002293   Thumb Code     2  stm32f7xx_hal_uart.o(i.HAL_UARTEx_WakeupCallback)
    HAL_UART_ErrorCallback                   0x08002295   Thumb Code     2  stm32f7xx_hal_uart.o(i.HAL_UART_ErrorCallback)
    HAL_UART_IRQHandler                      0x08002299   Thumb Code   874  stm32f7xx_hal_uart.o(i.HAL_UART_IRQHandler)
    HAL_UART_Init                            0x0800260d   Thumb Code   116  stm32f7xx_hal_uart.o(i.HAL_UART_Init)
    HAL_UART_MspInit                         0x08002681   Thumb Code   160  usart.o(i.HAL_UART_MspInit)
    HAL_UART_Receive_IT                      0x0800272d   Thumb Code    80  stm32f7xx_hal_uart.o(i.HAL_UART_Receive_IT)
    HAL_UART_RxCpltCallback                  0x0800277d   Thumb Code    44  usart.o(i.HAL_UART_RxCpltCallback)
    HAL_UART_Transmit                        0x080027bd   Thumb Code   186  stm32f7xx_hal_uart.o(i.HAL_UART_Transmit)
    HAL_UART_TxCpltCallback                  0x08002877   Thumb Code     2  stm32f7xx_hal_uart.o(i.HAL_UART_TxCpltCallback)
    HardFault_Handler                        0x08003bb9   Thumb Code     4  stm32f7xx_it.o(i.HardFault_Handler)
    LED_Init                                 0x08003bbd   Thumb Code    78  gpio.o(i.LED_Init)
    MX_FREERTOS_Init                         0x08003c6d   Thumb Code    30  freertos.o(i.MX_FREERTOS_Init)
    MX_GPIO_Init                             0x08003c95   Thumb Code    84  gpio.o(i.MX_GPIO_Init)
    MX_USART1_UART_Init                      0x08003ced   Thumb Code    66  usart.o(i.MX_USART1_UART_Init)
    MX_USB_HOST_Init                         0x08003d3d   Thumb Code    46  usb_host.o(i.MX_USB_HOST_Init)
    MemManage_Handler                        0x08003d79   Thumb Code     4  stm32f7xx_it.o(i.MemManage_Handler)
    NMI_Handler                              0x08003d7d   Thumb Code     8  stm32f7xx_it.o(i.NMI_Handler)
    OTG_FS_IRQHandler                        0x08003d85   Thumb Code    10  stm32f7xx_it.o(i.OTG_FS_IRQHandler)
    Scan_All_HID_Interfaces                  0x08003d95   Thumb Code    64  usb_host.o(i.Scan_All_HID_Interfaces)
    StartDefaultTask                         0x08003e1d   Thumb Code    14  freertos.o(i.StartDefaultTask)
    SysTick_Handler                          0x08003e2b   Thumb Code    20  stm32f7xx_it.o(i.SysTick_Handler)
    SystemClock_Config                       0x08003e41   Thumb Code   182  main.o(i.SystemClock_Config)
    SystemInit                               0x08003f01   Thumb Code    14  system_stm32f7xx.o(i.SystemInit)
    UART_AdvFeatureConfig                    0x08003f15   Thumb Code   248  stm32f7xx_hal_uart.o(i.UART_AdvFeatureConfig)
    UART_CheckIdleState                      0x0800400d   Thumb Code   230  stm32f7xx_hal_uart.o(i.UART_CheckIdleState)
    UART_SetConfig                           0x08004389   Thumb Code   782  stm32f7xx_hal_uart.o(i.UART_SetConfig)
    UART_Start_Receive_IT                    0x080046c5   Thumb Code   234  stm32f7xx_hal_uart.o(i.UART_Start_Receive_IT)
    UART_WaitOnFlagUntilTimeout              0x080047b9   Thumb Code   172  stm32f7xx_hal_uart.o(i.UART_WaitOnFlagUntilTimeout)
    USART1_IRQHandler                        0x08004865   Thumb Code    10  stm32f7xx_it.o(i.USART1_IRQHandler)
    USBH_AllocPipe                           0x08004875   Thumb Code    42  usbh_pipes.o(i.USBH_AllocPipe)
    USBH_ClosePipe                           0x0800489f   Thumb Code    18  usbh_pipes.o(i.USBH_ClosePipe)
    USBH_ClrFeature                          0x080048b1   Thumb Code    40  usbh_ctlreq.o(i.USBH_ClrFeature)
    USBH_CtlReceiveData                      0x080048d9   Thumb Code    42  usbh_ioreq.o(i.USBH_CtlReceiveData)
    USBH_CtlReq                              0x08004903   Thumb Code   108  usbh_ctlreq.o(i.USBH_CtlReq)
    USBH_CtlSendData                         0x0800496f   Thumb Code    52  usbh_ioreq.o(i.USBH_CtlSendData)
    USBH_CtlSendSetup                        0x080049a3   Thumb Code    38  usbh_ioreq.o(i.USBH_CtlSendSetup)
    USBH_Delay                               0x080049c9   Thumb Code    12  usbh_conf.o(i.USBH_Delay)
    USBH_FindInterface                       0x080049d5   Thumb Code    80  usbh_core.o(i.USBH_FindInterface)
    USBH_FreePipe                            0x08004a25   Thumb Code    30  usbh_pipes.o(i.USBH_FreePipe)
    USBH_GetDescriptor                       0x08004a43   Thumb Code    74  usbh_ctlreq.o(i.USBH_GetDescriptor)
    USBH_GetNextDesc                         0x08004ab5   Thumb Code    18  usbh_ctlreq.o(i.USBH_GetNextDesc)
    USBH_Get_CfgDesc                         0x08004ac9   Thumb Code    78  usbh_ctlreq.o(i.USBH_Get_CfgDesc)
    USBH_Get_DevDesc                         0x08004b29   Thumb Code    78  usbh_ctlreq.o(i.USBH_Get_DevDesc)
    USBH_Get_StringDesc                      0x08004b89   Thumb Code    86  usbh_ctlreq.o(i.USBH_Get_StringDesc)
    USBH_Get_USB_Status                      0x08004bf1   Thumb Code    44  usbh_conf.o(i.USBH_Get_USB_Status)
    USBH_HID_EventCallback                   0x08004d6d   Thumb Code    52  usbh_hid.o(i.USBH_HID_EventCallback)
    USBH_HID_FifoInit                        0x08004db9   Thumb Code    14  usbh_hid.o(i.USBH_HID_FifoInit)
    USBH_HID_FifoWrite                       0x08004dc7   Thumb Code    96  usbh_hid.o(i.USBH_HID_FifoWrite)
    USBH_HID_GetHIDReportDescriptor          0x08004e29   Thumb Code    62  usbh_hid.o(i.USBH_HID_GetHIDReportDescriptor)
    USBH_HID_GetReport                       0x08004e79   Thumb Code    52  usbh_hid.o(i.USBH_HID_GetReport)
    USBH_HID_KeybdInit                       0x08005195   Thumb Code    82  usbh_hid_keybd.o(i.USBH_HID_KeybdInit)
    USBH_HID_MouseInit                       0x080051f5   Thumb Code    80  usbh_hid_mouse.o(i.USBH_HID_MouseInit)
    USBH_HID_SetIdle                         0x0800544f   Thumb Code    40  usbh_hid.o(i.USBH_HID_SetIdle)
    USBH_HID_SetProtocol                     0x08005477   Thumb Code    44  usbh_hid.o(i.USBH_HID_SetProtocol)
    USBH_Init                                0x08005d71   Thumb Code   142  usbh_core.o(i.USBH_Init)
    USBH_InterruptReceiveData                0x08005e25   Thumb Code    42  usbh_ioreq.o(i.USBH_InterruptReceiveData)
    USBH_LL_ClosePipe                        0x08005e4f   Thumb Code    38  usbh_conf.o(i.USBH_LL_ClosePipe)
    USBH_LL_Connect                          0x08005e75   Thumb Code    36  usbh_core.o(i.USBH_LL_Connect)
    USBH_LL_Disconnect                       0x08005e99   Thumb Code    58  usbh_core.o(i.USBH_LL_Disconnect)
    USBH_LL_DriverVBUS                       0x08005ed3   Thumb Code    26  usbh_conf.o(i.USBH_LL_DriverVBUS)
    USBH_LL_GetLastXferSize                  0x08005eed   Thumb Code    18  usbh_conf.o(i.USBH_LL_GetLastXferSize)
    USBH_LL_GetSpeed                         0x08005eff   Thumb Code    48  usbh_conf.o(i.USBH_LL_GetSpeed)
    USBH_LL_GetURBState                      0x08005f2f   Thumb Code    18  usbh_conf.o(i.USBH_LL_GetURBState)
    USBH_LL_IncTimer                         0x08005f41   Thumb Code    22  usbh_core.o(i.USBH_LL_IncTimer)
    USBH_LL_Init                             0x08005f59   Thumb Code    82  usbh_conf.o(i.USBH_LL_Init)
    USBH_LL_NotifyURBChange                  0x08005fb1   Thumb Code    20  usbh_core.o(i.USBH_LL_NotifyURBChange)
    USBH_LL_OpenPipe                         0x08005fc5   Thumb Code    64  usbh_conf.o(i.USBH_LL_OpenPipe)
    USBH_LL_PortDisabled                     0x08006005   Thumb Code    14  usbh_core.o(i.USBH_LL_PortDisabled)
    USBH_LL_PortEnabled                      0x08006013   Thumb Code    22  usbh_core.o(i.USBH_LL_PortEnabled)
    USBH_LL_ResetPort                        0x08006029   Thumb Code    30  usbh_conf.o(i.USBH_LL_ResetPort)
    USBH_LL_SetTimer                         0x08006047   Thumb Code     6  usbh_core.o(i.USBH_LL_SetTimer)
    USBH_LL_SetToggle                        0x0800604d   Thumb Code    62  usbh_conf.o(i.USBH_LL_SetToggle)
    USBH_LL_Start                            0x0800608b   Thumb Code    30  usbh_conf.o(i.USBH_LL_Start)
    USBH_LL_Stop                             0x080060a9   Thumb Code    30  usbh_conf.o(i.USBH_LL_Stop)
    USBH_LL_SubmitURB                        0x080060c7   Thumb Code    64  usbh_conf.o(i.USBH_LL_SubmitURB)
    USBH_OS_PutMessage                       0x08006107   Thumb Code    48  usbh_core.o(i.USBH_OS_PutMessage)
    USBH_OpenPipe                            0x08006137   Thumb Code    42  usbh_pipes.o(i.USBH_OpenPipe)
    USBH_Process                             0x080064f5   Thumb Code  1552  usbh_core.o(i.USBH_Process)
    USBH_RegisterClass                       0x08006b31   Thumb Code    90  usbh_core.o(i.USBH_RegisterClass)
    USBH_SelectInterface                     0x08006bcd   Thumb Code   168  usbh_core.o(i.USBH_SelectInterface)
    USBH_SetAddress                          0x08006cf1   Thumb Code    40  usbh_ctlreq.o(i.USBH_SetAddress)
    USBH_SetCfg                              0x08006d19   Thumb Code    40  usbh_ctlreq.o(i.USBH_SetCfg)
    USBH_SetFeature                          0x08006d41   Thumb Code    40  usbh_ctlreq.o(i.USBH_SetFeature)
    USBH_Start                               0x08006d69   Thumb Code    22  usbh_core.o(i.USBH_Start)
    USB_CoreInit                             0x08006e49   Thumb Code   120  stm32f7xx_ll_usb.o(i.USB_CoreInit)
    USB_DisableGlobalInt                     0x08006f27   Thumb Code    14  stm32f7xx_ll_usb.o(i.USB_DisableGlobalInt)
    USB_DoPing                               0x08006f35   Thumb Code    64  stm32f7xx_ll_usb.o(i.USB_DoPing)
    USB_DriveVbus                            0x08006f79   Thumb Code    74  stm32f7xx_ll_usb.o(i.USB_DriveVbus)
    USB_EnableGlobalInt                      0x08006fc3   Thumb Code    14  stm32f7xx_ll_usb.o(i.USB_EnableGlobalInt)
    USB_FlushRxFifo                          0x08006fd1   Thumb Code    80  stm32f7xx_ll_usb.o(i.USB_FlushRxFifo)
    USB_FlushTxFifo                          0x08007021   Thumb Code    84  stm32f7xx_ll_usb.o(i.USB_FlushTxFifo)
    USB_GetCurrentFrame                      0x08007075   Thumb Code    14  stm32f7xx_ll_usb.o(i.USB_GetCurrentFrame)
    USB_GetHostSpeed                         0x08007083   Thumb Code    24  stm32f7xx_ll_usb.o(i.USB_GetHostSpeed)
    USB_GetMode                              0x0800709b   Thumb Code    10  stm32f7xx_ll_usb.o(i.USB_GetMode)
    USB_HC_Halt                              0x080070a5   Thumb Code   438  stm32f7xx_ll_usb.o(i.USB_HC_Halt)
    USB_HC_Init                              0x0800725d   Thumb Code   464  stm32f7xx_ll_usb.o(i.USB_HC_Init)
    USB_HC_ReadInterrupt                     0x08007431   Thumb Code    14  stm32f7xx_ll_usb.o(i.USB_HC_ReadInterrupt)
    USB_HC_StartXfer                         0x08007441   Thumb Code   896  stm32f7xx_ll_usb.o(i.USB_HC_StartXfer)
    USB_HostInit                             0x080077c9   Thumb Code   216  stm32f7xx_ll_usb.o(i.USB_HostInit)
    USB_InitFSLSPClkSel                      0x080078b9   Thumb Code    74  stm32f7xx_ll_usb.o(i.USB_InitFSLSPClkSel)
    USB_ReadChInterrupts                     0x08007903   Thumb Code    30  stm32f7xx_ll_usb.o(i.USB_ReadChInterrupts)
    USB_ReadInterrupts                       0x08007921   Thumb Code    10  stm32f7xx_ll_usb.o(i.USB_ReadInterrupts)
    USB_ReadPacket                           0x0800792b   Thumb Code    96  stm32f7xx_ll_usb.o(i.USB_ReadPacket)
    USB_ResetPort                            0x0800798b   Thumb Code    60  stm32f7xx_ll_usb.o(i.USB_ResetPort)
    USB_SetCurrentMode                       0x080079c7   Thumb Code   104  stm32f7xx_ll_usb.o(i.USB_SetCurrentMode)
    USB_StopHost                             0x08007a2f   Thumb Code   198  stm32f7xx_ll_usb.o(i.USB_StopHost)
    USB_WritePacket                          0x08007af5   Thumb Code    68  stm32f7xx_ll_usb.o(i.USB_WritePacket)
    UsageFault_Handler                       0x08007b39   Thumb Code     4  stm32f7xx_it.o(i.UsageFault_Handler)
    __0printf$8                              0x08007b3d   Thumb Code    22  printf8.o(i.__0printf$8)
    __1printf$8                              0x08007b3d   Thumb Code     0  printf8.o(i.__0printf$8)
    __2printf                                0x08007b3d   Thumb Code     0  printf8.o(i.__0printf$8)
    __0sprintf$8                             0x08007b5d   Thumb Code    34  printf8.o(i.__0sprintf$8)
    __1sprintf$8                             0x08007b5d   Thumb Code     0  printf8.o(i.__0sprintf$8)
    __2sprintf                               0x08007b5d   Thumb Code     0  printf8.o(i.__0sprintf$8)
    __scatterload_copy                       0x08007bbd   Thumb Code    14  handlers.o(i.__scatterload_copy)
    __scatterload_null                       0x08007bcb   Thumb Code     2  handlers.o(i.__scatterload_null)
    __scatterload_zeroinit                   0x08007bcd   Thumb Code    14  handlers.o(i.__scatterload_zeroinit)
    cli_help                                 0x0800803d   Thumb Code    26  cli.o(i.cli_help)
    cli_parser                               0x08008095   Thumb Code   186  cli_cmds.o(i.cli_parser)
    cli_version                              0x08008161   Thumb Code    26  cli.o(i.cli_version)
    fputc                                    0x08008191   Thumb Code    22  usart.o(i.fputc)
    free                                     0x080081ad   Thumb Code    76  malloc.o(i.free)
    main                                     0x0800820d   Thumb Code   114  main.o(i.main)
    malloc                                   0x080082a5   Thumb Code    92  malloc.o(i.malloc)
    osDelay                                  0x08008311   Thumb Code    24  cmsis_os.o(i.osDelay)
    osKernelStart                            0x08008329   Thumb Code    10  cmsis_os.o(i.osKernelStart)
    osMessageCreate                          0x08008333   Thumb Code    40  cmsis_os.o(i.osMessageCreate)
    osMessageGet                             0x0800835d   Thumb Code   150  cmsis_os.o(i.osMessageGet)
    osMessagePut                             0x080083f9   Thumb Code    92  cmsis_os.o(i.osMessagePut)
    osMessageWaiting                         0x08008459   Thumb Code    26  cmsis_os.o(i.osMessageWaiting)
    osThreadCreate                           0x08008473   Thumb Code    94  cmsis_os.o(i.osThreadCreate)
    pvPortMalloc                             0x08008ae9   Thumb Code   308  heap_4.o(i.pvPortMalloc)
    pxPortInitialiseStack                    0x08008c31   Thumb Code    38  port.o(i.pxPortInitialiseStack)
    uxListRemove                             0x08008c5d   Thumb Code    40  list.o(i.uxListRemove)
    uxQueueMessagesWaiting                   0x08008c85   Thumb Code    46  queue.o(i.uxQueueMessagesWaiting)
    uxQueueMessagesWaitingFromISR            0x08008cb3   Thumb Code    38  queue.o(i.uxQueueMessagesWaitingFromISR)
    vApplicationGetIdleTaskMemory            0x08008cd9   Thumb Code    14  freertos.o(i.vApplicationGetIdleTaskMemory)
    vListInitialise                          0x08008cf1   Thumb Code    26  list.o(i.vListInitialise)
    vListInitialiseItem                      0x08008d0b   Thumb Code     6  list.o(i.vListInitialiseItem)
    vListInsert                              0x08008d11   Thumb Code    52  list.o(i.vListInsert)
    vListInsertEnd                           0x08008d45   Thumb Code    24  list.o(i.vListInsertEnd)
    vPortEnterCritical                       0x08008d5d   Thumb Code    84  port.o(i.vPortEnterCritical)
    vPortExitCritical                        0x08008db9   Thumb Code    60  port.o(i.vPortExitCritical)
    vPortFree                                0x08008df9   Thumb Code   148  heap_4.o(i.vPortFree)
    vPortSetupTimerInterrupt                 0x08008e95   Thumb Code    36  port.o(i.vPortSetupTimerInterrupt)
    vPortValidateInterruptPriority           0x08008ebd   Thumb Code   114  port.o(i.vPortValidateInterruptPriority)
    vTaskDelay                               0x08008f3d   Thumb Code    86  tasks.o(i.vTaskDelay)
    vTaskInternalSetTimeOutState             0x08008f9d   Thumb Code    14  tasks.o(i.vTaskInternalSetTimeOutState)
    vTaskMissedYield                         0x08008fb5   Thumb Code     8  tasks.o(i.vTaskMissedYield)
    vTaskPlaceOnEventList                    0x08008fc1   Thumb Code    56  tasks.o(i.vTaskPlaceOnEventList)
    vTaskStartScheduler                      0x08008ffd   Thumb Code   154  tasks.o(i.vTaskStartScheduler)
    vTaskSuspendAll                          0x080090b5   Thumb Code    12  tasks.o(i.vTaskSuspendAll)
    vTaskSwitchContext                       0x080090c5   Thumb Code   122  tasks.o(i.vTaskSwitchContext)
    xPortStartScheduler                      0x08009155   Thumb Code   252  port.o(i.xPortStartScheduler)
    xPortSysTickHandler                      0x08009269   Thumb Code    50  port.o(i.xPortSysTickHandler)
    xQueueGenericCreate                      0x080092a1   Thumb Code   100  queue.o(i.xQueueGenericCreate)
    xQueueGenericCreateStatic                0x08009305   Thumb Code   244  queue.o(i.xQueueGenericCreateStatic)
    xQueueGenericReset                       0x080093f9   Thumb Code   150  queue.o(i.xQueueGenericReset)
    xQueueGenericSend                        0x08009495   Thumb Code   436  queue.o(i.xQueueGenericSend)
    xQueueGenericSendFromISR                 0x0800964d   Thumb Code   264  queue.o(i.xQueueGenericSendFromISR)
    xQueueReceive                            0x08009755   Thumb Code   368  queue.o(i.xQueueReceive)
    xQueueReceiveFromISR                     0x080098c9   Thumb Code   214  queue.o(i.xQueueReceiveFromISR)
    xTaskCheckForTimeOut                     0x080099a1   Thumb Code   140  tasks.o(i.xTaskCheckForTimeOut)
    xTaskCreate                              0x08009a35   Thumb Code   100  tasks.o(i.xTaskCreate)
    xTaskCreateStatic                        0x08009a99   Thumb Code   198  tasks.o(i.xTaskCreateStatic)
    xTaskGetSchedulerState                   0x08009b61   Thumb Code    24  tasks.o(i.xTaskGetSchedulerState)
    xTaskIncrementTick                       0x08009b81   Thumb Code   286  tasks.o(i.xTaskIncrementTick)
    xTaskPriorityDisinherit                  0x08009ccd   Thumb Code   196  tasks.o(i.xTaskPriorityDisinherit)
    xTaskRemoveFromEventList                 0x08009d9d   Thumb Code   132  tasks.o(i.xTaskRemoveFromEventList)
    xTaskResumeAll                           0x08009e39   Thumb Code   228  tasks.o(i.xTaskResumeAll)
    AHBPrescTable                            0x08009f5c   Data          16  system_stm32f7xx.o(.constdata)
    APBPrescTable                            0x08009f6c   Data           8  system_stm32f7xx.o(.constdata)
    Region$$Table$$Base                      0x0800a12c   Number         0  anon$$obj.o(Region$$Table)
    Region$$Table$$Limit                     0x0800a14c   Number         0  anon$$obj.o(Region$$Table)
    defaultTaskHandle                        0x20000000   Data           4  freertos.o(.data)
    uart_rx_byte                             0x20000004   Data           1  usart.o(.data)
    USART_RX_LEN                             0x20000008   Data           4  usart.o(.data)
    uwTick                                   0x2000000c   Data           4  stm32f7xx_hal.o(.data)
    uwTickPrio                               0x20000010   Data           4  stm32f7xx_hal.o(.data)
    uwTickFreq                               0x20000014   Data           1  stm32f7xx_hal.o(.data)
    SystemCoreClock                          0x20000018   Data           4  system_stm32f7xx.o(.data)
    Appli_state                              0x20000034   Data           1  usb_host.o(.data)
    pxCurrentTCB                             0x20000038   Data           4  tasks.o(.data)
    HID_Class                                0x20000098   Data          32  usbh_hid.o(.data)
    keybd_rx_report_buf                      0x200000b8   Data           8  usbh_hid_keybd.o(.data)
    keybd_report_data                        0x200000c0   Data           8  usbh_hid_keybd.o(.data)
    mouse_info                               0x200000c8   Data           5  usbh_hid_mouse.o(.data)
    mouse_report_data                        0x200000cd   Data           8  usbh_hid_mouse.o(.data)
    mouse_rx_report_buf                      0x200000d5   Data           8  usbh_hid_mouse.o(.data)
    __stdout                                 0x200000e4   Data           4  stdout.o(.data)
    __microlib_freelist                      0x200000e8   Data           4  mvars.o(.data)
    __microlib_freelist_initialised          0x200000ec   Data           4  mvars.o(.data)
    USART_RX_BUF                             0x20000344   Data        1024  usart.o(.bss)
    USART_TX_BUF                             0x20000744   Data        1024  usart.o(.bss)
    huart1                                   0x20000b44   Data         136  usart.o(.bss)
    cli_inbuffer                             0x20000bcc   Data         128  cli.o(.bss)
    cli_outbuffer                            0x20000c4c   Data         128  cli.o(.bss)
    hUsbHostFS                               0x20000ccc   Data        1072  usb_host.o(.bss)
    hhcd_USB_OTG_FS                          0x200010fc   Data         992  usbh_conf.o(.bss)
    keybd_info                               0x200051cc   Data          15  usbh_hid_keybd.o(.bss)
    __heap_base                              0x200051e0   Data           0  startup_stm32f767xx.o(HEAP)
    __heap_limit                             0x200091e0   Data           0  startup_stm32f767xx.o(HEAP)
    __initial_sp                             0x2000a1e0   Data           0  startup_stm32f767xx.o(STACK)



==============================================================================

Memory Map of the image

  Image Entry point : 0x080001f9

  Load Region LR_IROM1 (Base: 0x08000000, Size: 0x0000a23c, Max: 0x00100000, ABSOLUTE)

    Execution Region ER_IROM1 (Exec base: 0x08000000, Load base: 0x08000000, Size: 0x0000a14c, Max: 0x00100000, ABSOLUTE)

    Exec Addr    Load Addr    Size         Type   Attr      Idx    E Section Name        Object

    0x08000000   0x08000000   0x000001f8   Data   RO            3    RESET               startup_stm32f767xx.o
    0x080001f8   0x080001f8   0x00000000   Code   RO         5525  * .ARM.Collect$$$$00000000  mc_w.l(entry.o)
    0x080001f8   0x080001f8   0x00000004   Code   RO         5837    .ARM.Collect$$$$00000001  mc_w.l(entry2.o)
    0x080001fc   0x080001fc   0x00000004   Code   RO         5840    .ARM.Collect$$$$00000004  mc_w.l(entry5.o)
    0x08000200   0x08000200   0x00000000   Code   RO         5842    .ARM.Collect$$$$00000008  mc_w.l(entry7b.o)
    0x08000200   0x08000200   0x00000000   Code   RO         5844    .ARM.Collect$$$$0000000A  mc_w.l(entry8b.o)
    0x08000200   0x08000200   0x00000008   Code   RO         5845    .ARM.Collect$$$$0000000B  mc_w.l(entry9a.o)
    0x08000208   0x08000208   0x00000004   Code   RO         5852    .ARM.Collect$$$$0000000E  mc_w.l(entry12b.o)
    0x0800020c   0x0800020c   0x00000000   Code   RO         5847    .ARM.Collect$$$$0000000F  mc_w.l(entry10a.o)
    0x0800020c   0x0800020c   0x00000000   Code   RO         5849    .ARM.Collect$$$$00000011  mc_w.l(entry11a.o)
    0x0800020c   0x0800020c   0x00000004   Code   RO         5838    .ARM.Collect$$$$00002712  mc_w.l(entry2.o)
    0x08000210   0x08000210   0x000000c2   Code   RO         4802    .emb_text           port.o
    0x080002d2   0x080002d2   0x00000002   PAD
    0x080002d4   0x080002d4   0x00000024   Code   RO            4    .text               startup_stm32f767xx.o
    0x080002f8   0x080002f8   0x00000062   Code   RO         5528    .text               mc_w.l(uldiv.o)
    0x0800035a   0x0800035a   0x00000024   Code   RO         5530    .text               mc_w.l(memcpya.o)
    0x0800037e   0x0800037e   0x00000024   Code   RO         5534    .text               mc_w.l(memseta.o)
    0x080003a2   0x080003a2   0x0000001c   Code   RO         5536    .text               mc_w.l(strcmp.o)
    0x080003be   0x080003be   0x0000001e   Code   RO         5538    .text               mc_w.l(strncmp.o)
    0x080003dc   0x080003dc   0x00000044   Code   RO         5540    .text               mc_w.l(strtok.o)
    0x08000420   0x08000420   0x0000001e   Code   RO         5856    .text               mc_w.l(llshl.o)
    0x0800043e   0x0800043e   0x00000020   Code   RO         5858    .text               mc_w.l(llushr.o)
    0x0800045e   0x0800045e   0x00000002   PAD
    0x08000460   0x08000460   0x00000024   Code   RO         5873    .text               mc_w.l(init.o)
    0x08000484   0x08000484   0x00000004   Code   RO          397    i.BusFault_Handler  stm32f7xx_it.o
    0x08000488   0x08000488   0x0000008c   Code   RO         4882    i.DeInitStateMachine  usbh_core.o
    0x08000514   0x08000514   0x00000002   Code   RO          398    i.DebugMon_Handler  stm32f7xx_it.o
    0x08000516   0x08000516   0x00000006   Code   RO           13    i.Error_Handler     main.o
    0x0800051c   0x0800051c   0x000000ac   Code   RO         1460    i.HAL_DMA_Abort     stm32f7xx_hal_dma.o
    0x080005c8   0x080005c8   0x00000028   Code   RO         1461    i.HAL_DMA_Abort_IT  stm32f7xx_hal_dma.o
    0x080005f0   0x080005f0   0x00000028   Code   RO         1979    i.HAL_Delay         stm32f7xx_hal.o
    0x08000618   0x08000618   0x0000020c   Code   RO         1394    i.HAL_GPIO_Init     stm32f7xx_hal_gpio.o
    0x08000824   0x08000824   0x00000014   Code   RO         1397    i.HAL_GPIO_TogglePin  stm32f7xx_hal_gpio.o
    0x08000838   0x08000838   0x0000000c   Code   RO         1398    i.HAL_GPIO_WritePin  stm32f7xx_hal_gpio.o
    0x08000844   0x08000844   0x0000000c   Code   RO         1989    i.HAL_GetTick       stm32f7xx_hal.o
    0x08000850   0x08000850   0x0000000e   Code   RO         3399    i.HAL_HCD_Connect_Callback  usbh_conf.o
    0x0800085e   0x0800085e   0x0000000e   Code   RO         3400    i.HAL_HCD_Disconnect_Callback  usbh_conf.o
    0x0800086c   0x0800086c   0x0000000c   Code   RO          500    i.HAL_HCD_GetCurrentFrame  stm32f7xx_hal_hcd.o
    0x08000878   0x08000878   0x0000000c   Code   RO          501    i.HAL_HCD_GetCurrentSpeed  stm32f7xx_hal_hcd.o
    0x08000884   0x08000884   0x00000042   Code   RO          503    i.HAL_HCD_HC_ClearHubInfo  stm32f7xx_hal_hcd.o
    0x080008c6   0x080008c6   0x00000014   Code   RO          505    i.HAL_HCD_HC_GetURBState  stm32f7xx_hal_hcd.o
    0x080008da   0x080008da   0x00000012   Code   RO          506    i.HAL_HCD_HC_GetXferCount  stm32f7xx_hal_hcd.o
    0x080008ec   0x080008ec   0x00000034   Code   RO          507    i.HAL_HCD_HC_Halt   stm32f7xx_hal_hcd.o
    0x08000920   0x08000920   0x0000010e   Code   RO          508    i.HAL_HCD_HC_Init   stm32f7xx_hal_hcd.o
    0x08000a2e   0x08000a2e   0x00000012   Code   RO         3401    i.HAL_HCD_HC_NotifyURBChange_Callback  usbh_conf.o
    0x08000a40   0x08000a40   0x00000284   Code   RO          511    i.HAL_HCD_HC_SubmitRequest  stm32f7xx_hal_hcd.o
    0x08000cc4   0x08000cc4   0x0000017c   Code   RO          512    i.HAL_HCD_IRQHandler  stm32f7xx_hal_hcd.o
    0x08000e40   0x08000e40   0x00000086   Code   RO          513    i.HAL_HCD_Init      stm32f7xx_hal_hcd.o
    0x08000ec6   0x08000ec6   0x00000002   PAD
    0x08000ec8   0x08000ec8   0x000000dc   Code   RO         3403    i.HAL_HCD_MspInit   usbh_conf.o
    0x08000fa4   0x08000fa4   0x0000000e   Code   RO         3404    i.HAL_HCD_PortDisabled_Callback  usbh_conf.o
    0x08000fb2   0x08000fb2   0x0000000e   Code   RO         3405    i.HAL_HCD_PortEnabled_Callback  usbh_conf.o
    0x08000fc0   0x08000fc0   0x0000000c   Code   RO          518    i.HAL_HCD_ResetPort  stm32f7xx_hal_hcd.o
    0x08000fcc   0x08000fcc   0x0000000e   Code   RO         3406    i.HAL_HCD_SOF_Callback  usbh_conf.o
    0x08000fda   0x08000fda   0x00000036   Code   RO          520    i.HAL_HCD_Start     stm32f7xx_hal_hcd.o
    0x08001010   0x08001010   0x0000002e   Code   RO          521    i.HAL_HCD_Stop      stm32f7xx_hal_hcd.o
    0x0800103e   0x0800103e   0x00000002   PAD
    0x08001040   0x08001040   0x00000018   Code   RO         1995    i.HAL_IncTick       stm32f7xx_hal.o
    0x08001058   0x08001058   0x00000016   Code   RO         1996    i.HAL_Init          stm32f7xx_hal.o
    0x0800106e   0x0800106e   0x00000002   PAD
    0x08001070   0x08001070   0x0000004c   Code   RO         1997    i.HAL_InitTick      stm32f7xx_hal.o
    0x080010bc   0x080010bc   0x0000005c   Code   RO         1820    i.HAL_MPU_ConfigRegion  stm32f7xx_hal_cortex.o
    0x08001118   0x08001118   0x0000002c   Code   RO         1821    i.HAL_MPU_Disable   stm32f7xx_hal_cortex.o
    0x08001144   0x08001144   0x00000040   Code   RO         1823    i.HAL_MPU_Enable    stm32f7xx_hal_cortex.o
    0x08001184   0x08001184   0x0000004c   Code   RO          473    i.HAL_MspInit       stm32f7xx_hal_msp.o
    0x080011d0   0x080011d0   0x00000020   Code   RO         1827    i.HAL_NVIC_EnableIRQ  stm32f7xx_hal_cortex.o
    0x080011f0   0x080011f0   0x0000007c   Code   RO         1833    i.HAL_NVIC_SetPriority  stm32f7xx_hal_cortex.o
    0x0800126c   0x0800126c   0x00000028   Code   RO         1834    i.HAL_NVIC_SetPriorityGrouping  stm32f7xx_hal_cortex.o
    0x08001294   0x08001294   0x00000090   Code   RO         1734    i.HAL_PWREx_EnableOverDrive  stm32f7xx_hal_pwr_ex.o
    0x08001324   0x08001324   0x0000075c   Code   RO         1110    i.HAL_RCCEx_PeriphCLKConfig  stm32f7xx_hal_rcc_ex.o
    0x08001a80   0x08001a80   0x00000002   Code   RO         1002    i.HAL_RCC_CSSCallback  stm32f7xx_hal_rcc.o
    0x08001a82   0x08001a82   0x00000002   PAD
    0x08001a84   0x08001a84   0x00000194   Code   RO         1003    i.HAL_RCC_ClockConfig  stm32f7xx_hal_rcc.o
    0x08001c18   0x08001c18   0x00000014   Code   RO         1006    i.HAL_RCC_EnableCSS  stm32f7xx_hal_rcc.o
    0x08001c2c   0x08001c2c   0x0000000c   Code   RO         1008    i.HAL_RCC_GetHCLKFreq  stm32f7xx_hal_rcc.o
    0x08001c38   0x08001c38   0x00000020   Code   RO         1010    i.HAL_RCC_GetPCLK1Freq  stm32f7xx_hal_rcc.o
    0x08001c58   0x08001c58   0x00000020   Code   RO         1011    i.HAL_RCC_GetPCLK2Freq  stm32f7xx_hal_rcc.o
    0x08001c78   0x08001c78   0x000000b0   Code   RO         1012    i.HAL_RCC_GetSysClockFreq  stm32f7xx_hal_rcc.o
    0x08001d28   0x08001d28   0x00000020   Code   RO         1014    i.HAL_RCC_NMI_IRQHandler  stm32f7xx_hal_rcc.o
    0x08001d48   0x08001d48   0x00000514   Code   RO         1015    i.HAL_RCC_OscConfig  stm32f7xx_hal_rcc.o
    0x0800225c   0x0800225c   0x00000034   Code   RO         1838    i.HAL_SYSTICK_Config  stm32f7xx_hal_cortex.o
    0x08002290   0x08002290   0x00000002   Code   RO         2777    i.HAL_UARTEx_RxEventCallback  stm32f7xx_hal_uart.o
    0x08002292   0x08002292   0x00000002   Code   RO         2778    i.HAL_UARTEx_WakeupCallback  stm32f7xx_hal_uart.o
    0x08002294   0x08002294   0x00000002   Code   RO         2794    i.HAL_UART_ErrorCallback  stm32f7xx_hal_uart.o
    0x08002296   0x08002296   0x00000002   PAD
    0x08002298   0x08002298   0x00000374   Code   RO         2797    i.HAL_UART_IRQHandler  stm32f7xx_hal_uart.o
    0x0800260c   0x0800260c   0x00000074   Code   RO         2798    i.HAL_UART_Init     stm32f7xx_hal_uart.o
    0x08002680   0x08002680   0x000000ac   Code   RO          343    i.HAL_UART_MspInit  usart.o
    0x0800272c   0x0800272c   0x00000050   Code   RO         2803    i.HAL_UART_Receive_IT  stm32f7xx_hal_uart.o
    0x0800277c   0x0800277c   0x00000040   Code   RO          344    i.HAL_UART_RxCpltCallback  usart.o
    0x080027bc   0x080027bc   0x000000ba   Code   RO         2807    i.HAL_UART_Transmit  stm32f7xx_hal_uart.o
    0x08002876   0x08002876   0x00000002   Code   RO         2810    i.HAL_UART_TxCpltCallback  stm32f7xx_hal_uart.o
    0x08002878   0x08002878   0x000009e0   Code   RO          523    i.HCD_HC_IN_IRQHandler  stm32f7xx_hal_hcd.o
    0x08003258   0x08003258   0x00000754   Code   RO          524    i.HCD_HC_OUT_IRQHandler  stm32f7xx_hal_hcd.o
    0x080039ac   0x080039ac   0x000000b6   Code   RO          525    i.HCD_Port_IRQHandler  stm32f7xx_hal_hcd.o
    0x08003a62   0x08003a62   0x00000156   Code   RO          526    i.HCD_RXQLVL_IRQHandler  stm32f7xx_hal_hcd.o
    0x08003bb8   0x08003bb8   0x00000004   Code   RO          399    i.HardFault_Handler  stm32f7xx_it.o
    0x08003bbc   0x08003bbc   0x00000058   Code   RO          220    i.LED_Init          gpio.o
    0x08003c14   0x08003c14   0x00000056   Code   RO           14    i.MPU_Config        main.o
    0x08003c6a   0x08003c6a   0x00000002   PAD
    0x08003c6c   0x08003c6c   0x00000028   Code   RO          250    i.MX_FREERTOS_Init  freertos.o
    0x08003c94   0x08003c94   0x00000058   Code   RO          221    i.MX_GPIO_Init      gpio.o
    0x08003cec   0x08003cec   0x00000050   Code   RO          345    i.MX_USART1_UART_Init  usart.o
    0x08003d3c   0x08003d3c   0x0000003c   Code   RO         3348    i.MX_USB_HOST_Init  usb_host.o
    0x08003d78   0x08003d78   0x00000004   Code   RO          400    i.MemManage_Handler  stm32f7xx_it.o
    0x08003d7c   0x08003d7c   0x00000008   Code   RO          401    i.NMI_Handler       stm32f7xx_it.o
    0x08003d84   0x08003d84   0x00000010   Code   RO          402    i.OTG_FS_IRQHandler  stm32f7xx_it.o
    0x08003d94   0x08003d94   0x00000088   Code   RO         3349    i.Scan_All_HID_Interfaces  usb_host.o
    0x08003e1c   0x08003e1c   0x0000000e   Code   RO          251    i.StartDefaultTask  freertos.o
    0x08003e2a   0x08003e2a   0x00000014   Code   RO          403    i.SysTick_Handler   stm32f7xx_it.o
    0x08003e3e   0x08003e3e   0x00000002   PAD
    0x08003e40   0x08003e40   0x000000c0   Code   RO           15    i.SystemClock_Config  main.o
    0x08003f00   0x08003f00   0x00000014   Code   RO         3261    i.SystemInit        system_stm32f7xx.o
    0x08003f14   0x08003f14   0x000000f8   Code   RO         2812    i.UART_AdvFeatureConfig  stm32f7xx_hal_uart.o
    0x0800400c   0x0800400c   0x000000e6   Code   RO         2813    i.UART_CheckIdleState  stm32f7xx_hal_uart.o
    0x080040f2   0x080040f2   0x00000014   Code   RO         2814    i.UART_DMAAbortOnError  stm32f7xx_hal_uart.o
    0x08004106   0x08004106   0x00000066   Code   RO         2824    i.UART_EndRxTransfer  stm32f7xx_hal_uart.o
    0x0800416c   0x0800416c   0x0000002e   Code   RO         2825    i.UART_EndTransmit_IT  stm32f7xx_hal_uart.o
    0x0800419a   0x0800419a   0x000000f8   Code   RO         2827    i.UART_RxISR_16BIT  stm32f7xx_hal_uart.o
    0x08004292   0x08004292   0x000000f4   Code   RO         2828    i.UART_RxISR_8BIT   stm32f7xx_hal_uart.o
    0x08004386   0x08004386   0x00000002   PAD
    0x08004388   0x08004388   0x0000033c   Code   RO         2829    i.UART_SetConfig    stm32f7xx_hal_uart.o
    0x080046c4   0x080046c4   0x000000f4   Code   RO         2831    i.UART_Start_Receive_IT  stm32f7xx_hal_uart.o
    0x080047b8   0x080047b8   0x000000ac   Code   RO         2834    i.UART_WaitOnFlagUntilTimeout  stm32f7xx_hal_uart.o
    0x08004864   0x08004864   0x00000010   Code   RO          404    i.USART1_IRQHandler  stm32f7xx_it.o
    0x08004874   0x08004874   0x0000002a   Code   RO         5229    i.USBH_AllocPipe    usbh_pipes.o
    0x0800489e   0x0800489e   0x00000012   Code   RO         5230    i.USBH_ClosePipe    usbh_pipes.o
    0x080048b0   0x080048b0   0x00000028   Code   RO         5042    i.USBH_ClrFeature   usbh_ctlreq.o
    0x080048d8   0x080048d8   0x0000002a   Code   RO         5159    i.USBH_CtlReceiveData  usbh_ioreq.o
    0x08004902   0x08004902   0x0000006c   Code   RO         5043    i.USBH_CtlReq       usbh_ctlreq.o
    0x0800496e   0x0800496e   0x00000034   Code   RO         5160    i.USBH_CtlSendData  usbh_ioreq.o
    0x080049a2   0x080049a2   0x00000026   Code   RO         5161    i.USBH_CtlSendSetup  usbh_ioreq.o
    0x080049c8   0x080049c8   0x0000000c   Code   RO         3407    i.USBH_Delay        usbh_conf.o
    0x080049d4   0x080049d4   0x00000050   Code   RO         4884    i.USBH_FindInterface  usbh_core.o
    0x08004a24   0x08004a24   0x0000001e   Code   RO         5231    i.USBH_FreePipe     usbh_pipes.o
    0x08004a42   0x08004a42   0x0000004a   Code   RO         5044    i.USBH_GetDescriptor  usbh_ctlreq.o
    0x08004a8c   0x08004a8c   0x00000028   Code   RO         5232    i.USBH_GetFreePipe  usbh_pipes.o
    0x08004ab4   0x08004ab4   0x00000012   Code   RO         5045    i.USBH_GetNextDesc  usbh_ctlreq.o
    0x08004ac6   0x08004ac6   0x00000002   PAD
    0x08004ac8   0x08004ac8   0x00000060   Code   RO         5046    i.USBH_Get_CfgDesc  usbh_ctlreq.o
    0x08004b28   0x08004b28   0x00000060   Code   RO         5047    i.USBH_Get_DevDesc  usbh_ctlreq.o
    0x08004b88   0x08004b88   0x00000068   Code   RO         5048    i.USBH_Get_StringDesc  usbh_ctlreq.o
    0x08004bf0   0x08004bf0   0x0000002c   Code   RO         3408    i.USBH_Get_USB_Status  usbh_conf.o
    0x08004c1c   0x08004c1c   0x00000150   Code   RO         5276    i.USBH_HID_ClassRequest  usbh_hid.o
    0x08004d6c   0x08004d6c   0x0000004c   Code   RO         5277    i.USBH_HID_EventCallback  usbh_hid.o
    0x08004db8   0x08004db8   0x0000000e   Code   RO         5278    i.USBH_HID_FifoInit  usbh_hid.o
    0x08004dc6   0x08004dc6   0x00000060   Code   RO         5280    i.USBH_HID_FifoWrite  usbh_hid.o
    0x08004e26   0x08004e26   0x00000002   PAD
    0x08004e28   0x08004e28   0x00000050   Code   RO         5283    i.USBH_HID_GetHIDReportDescriptor  usbh_hid.o
    0x08004e78   0x08004e78   0x00000034   Code   RO         5285    i.USBH_HID_GetReport  usbh_hid.o
    0x08004eac   0x08004eac   0x00000058   Code   RO         5286    i.USBH_HID_InterfaceDeInit  usbh_hid.o
    0x08004f04   0x08004f04   0x00000290   Code   RO         5287    i.USBH_HID_InterfaceInit  usbh_hid.o
    0x08005194   0x08005194   0x00000060   Code   RO         5412    i.USBH_HID_KeybdInit  usbh_hid_keybd.o
    0x080051f4   0x080051f4   0x0000005c   Code   RO         5461    i.USBH_HID_MouseInit  usbh_hid_mouse.o
    0x08005250   0x08005250   0x00000060   Code   RO         5288    i.USBH_HID_ParseHIDDesc  usbh_hid.o
    0x080052b0   0x080052b0   0x0000016c   Code   RO         5289    i.USBH_HID_Process  usbh_hid.o
    0x0800541c   0x0800541c   0x00000032   Code   RO         5290    i.USBH_HID_SOFProcess  usbh_hid.o
    0x0800544e   0x0800544e   0x00000028   Code   RO         5291    i.USBH_HID_SetIdle  usbh_hid.o
    0x08005476   0x08005476   0x0000002c   Code   RO         5292    i.USBH_HID_SetProtocol  usbh_hid.o
    0x080054a2   0x080054a2   0x00000002   PAD
    0x080054a4   0x080054a4   0x000002d4   Code   RO         5049    i.USBH_HandleControl  usbh_ctlreq.o
    0x08005778   0x08005778   0x000005dc   Code   RO         4887    i.USBH_HandleEnum   usbh_core.o
    0x08005d54   0x08005d54   0x0000001c   Code   RO         4888    i.USBH_HandleSof    usbh_core.o
    0x08005d70   0x08005d70   0x000000b4   Code   RO         4889    i.USBH_Init         usbh_core.o
    0x08005e24   0x08005e24   0x0000002a   Code   RO         5162    i.USBH_InterruptReceiveData  usbh_ioreq.o
    0x08005e4e   0x08005e4e   0x00000026   Code   RO         3409    i.USBH_LL_ClosePipe  usbh_conf.o
    0x08005e74   0x08005e74   0x00000024   Code   RO         4891    i.USBH_LL_Connect   usbh_core.o
    0x08005e98   0x08005e98   0x0000003a   Code   RO         4892    i.USBH_LL_Disconnect  usbh_core.o
    0x08005ed2   0x08005ed2   0x0000001a   Code   RO         3411    i.USBH_LL_DriverVBUS  usbh_conf.o
    0x08005eec   0x08005eec   0x00000012   Code   RO         3412    i.USBH_LL_GetLastXferSize  usbh_conf.o
    0x08005efe   0x08005efe   0x00000030   Code   RO         3413    i.USBH_LL_GetSpeed  usbh_conf.o
    0x08005f2e   0x08005f2e   0x00000012   Code   RO         3415    i.USBH_LL_GetURBState  usbh_conf.o
    0x08005f40   0x08005f40   0x00000016   Code   RO         4893    i.USBH_LL_IncTimer  usbh_core.o
    0x08005f56   0x08005f56   0x00000002   PAD
    0x08005f58   0x08005f58   0x00000058   Code   RO         3416    i.USBH_LL_Init      usbh_conf.o
    0x08005fb0   0x08005fb0   0x00000014   Code   RO         4894    i.USBH_LL_NotifyURBChange  usbh_core.o
    0x08005fc4   0x08005fc4   0x00000040   Code   RO         3417    i.USBH_LL_OpenPipe  usbh_conf.o
    0x08006004   0x08006004   0x0000000e   Code   RO         4895    i.USBH_LL_PortDisabled  usbh_core.o
    0x08006012   0x08006012   0x00000016   Code   RO         4896    i.USBH_LL_PortEnabled  usbh_core.o
    0x08006028   0x08006028   0x0000001e   Code   RO         3418    i.USBH_LL_ResetPort  usbh_conf.o
    0x08006046   0x08006046   0x00000006   Code   RO         4897    i.USBH_LL_SetTimer  usbh_core.o
    0x0800604c   0x0800604c   0x0000003e   Code   RO         3419    i.USBH_LL_SetToggle  usbh_conf.o
    0x0800608a   0x0800608a   0x0000001e   Code   RO         3420    i.USBH_LL_Start     usbh_conf.o
    0x080060a8   0x080060a8   0x0000001e   Code   RO         3421    i.USBH_LL_Stop      usbh_conf.o
    0x080060c6   0x080060c6   0x00000040   Code   RO         3422    i.USBH_LL_SubmitURB  usbh_conf.o
    0x08006106   0x08006106   0x00000030   Code   RO         4898    i.USBH_OS_PutMessage  usbh_core.o
    0x08006136   0x08006136   0x0000002a   Code   RO         5233    i.USBH_OpenPipe     usbh_pipes.o
    0x08006160   0x08006160   0x0000015e   Code   RO         5050    i.USBH_ParseCfgDesc  usbh_ctlreq.o
    0x080062be   0x080062be   0x000000b2   Code   RO         5051    i.USBH_ParseDevDesc  usbh_ctlreq.o
    0x08006370   0x08006370   0x00000128   Code   RO         5052    i.USBH_ParseEPDesc  usbh_ctlreq.o
    0x08006498   0x08006498   0x00000026   Code   RO         5053    i.USBH_ParseInterfaceDesc  usbh_ctlreq.o
    0x080064be   0x080064be   0x00000036   Code   RO         5054    i.USBH_ParseStringDesc  usbh_ctlreq.o
    0x080064f4   0x080064f4   0x00000610   Code   RO         4899    i.USBH_Process      usbh_core.o
    0x08006b04   0x08006b04   0x0000002a   Code   RO         4900    i.USBH_Process_OS   usbh_core.o
    0x08006b2e   0x08006b2e   0x00000002   PAD
    0x08006b30   0x08006b30   0x0000009c   Code   RO         4902    i.USBH_RegisterClass  usbh_core.o
    0x08006bcc   0x08006bcc   0x00000124   Code   RO         4903    i.USBH_SelectInterface  usbh_core.o
    0x08006cf0   0x08006cf0   0x00000028   Code   RO         5055    i.USBH_SetAddress   usbh_ctlreq.o
    0x08006d18   0x08006d18   0x00000028   Code   RO         5056    i.USBH_SetCfg       usbh_ctlreq.o
    0x08006d40   0x08006d40   0x00000028   Code   RO         5057    i.USBH_SetFeature   usbh_ctlreq.o
    0x08006d68   0x08006d68   0x00000016   Code   RO         4904    i.USBH_Start        usbh_core.o
    0x08006d7e   0x08006d7e   0x00000002   PAD
    0x08006d80   0x08006d80   0x000000c8   Code   RO         3350    i.USBH_UserProcess  usb_host.o
    0x08006e48   0x08006e48   0x0000007c   Code   RO          696    i.USB_CoreInit      stm32f7xx_ll_usb.o
    0x08006ec4   0x08006ec4   0x00000062   Code   RO          697    i.USB_CoreReset     stm32f7xx_ll_usb.o
    0x08006f26   0x08006f26   0x0000000e   Code   RO          704    i.USB_DisableGlobalInt  stm32f7xx_ll_usb.o
    0x08006f34   0x08006f34   0x00000044   Code   RO          705    i.USB_DoPing        stm32f7xx_ll_usb.o
    0x08006f78   0x08006f78   0x0000004a   Code   RO          706    i.USB_DriveVbus     stm32f7xx_ll_usb.o
    0x08006fc2   0x08006fc2   0x0000000e   Code   RO          712    i.USB_EnableGlobalInt  stm32f7xx_ll_usb.o
    0x08006fd0   0x08006fd0   0x00000050   Code   RO          713    i.USB_FlushRxFifo   stm32f7xx_ll_usb.o
    0x08007020   0x08007020   0x00000054   Code   RO          714    i.USB_FlushTxFifo   stm32f7xx_ll_usb.o
    0x08007074   0x08007074   0x0000000e   Code   RO          715    i.USB_GetCurrentFrame  stm32f7xx_ll_usb.o
    0x08007082   0x08007082   0x00000018   Code   RO          717    i.USB_GetHostSpeed  stm32f7xx_ll_usb.o
    0x0800709a   0x0800709a   0x0000000a   Code   RO          718    i.USB_GetMode       stm32f7xx_ll_usb.o
    0x080070a4   0x080070a4   0x000001b6   Code   RO          719    i.USB_HC_Halt       stm32f7xx_ll_usb.o
    0x0800725a   0x0800725a   0x00000002   PAD
    0x0800725c   0x0800725c   0x000001d4   Code   RO          720    i.USB_HC_Init       stm32f7xx_ll_usb.o
    0x08007430   0x08007430   0x0000000e   Code   RO          721    i.USB_HC_ReadInterrupt  stm32f7xx_ll_usb.o
    0x0800743e   0x0800743e   0x00000002   PAD
    0x08007440   0x08007440   0x00000388   Code   RO          722    i.USB_HC_StartXfer  stm32f7xx_ll_usb.o
    0x080077c8   0x080077c8   0x000000f0   Code   RO          723    i.USB_HostInit      stm32f7xx_ll_usb.o
    0x080078b8   0x080078b8   0x0000004a   Code   RO          724    i.USB_InitFSLSPClkSel  stm32f7xx_ll_usb.o
    0x08007902   0x08007902   0x0000001e   Code   RO          725    i.USB_ReadChInterrupts  stm32f7xx_ll_usb.o
    0x08007920   0x08007920   0x0000000a   Code   RO          730    i.USB_ReadInterrupts  stm32f7xx_ll_usb.o
    0x0800792a   0x0800792a   0x00000060   Code   RO          731    i.USB_ReadPacket    stm32f7xx_ll_usb.o
    0x0800798a   0x0800798a   0x0000003c   Code   RO          732    i.USB_ResetPort     stm32f7xx_ll_usb.o
    0x080079c6   0x080079c6   0x00000068   Code   RO          733    i.USB_SetCurrentMode  stm32f7xx_ll_usb.o
    0x08007a2e   0x08007a2e   0x000000c6   Code   RO          738    i.USB_StopHost      stm32f7xx_ll_usb.o
    0x08007af4   0x08007af4   0x00000044   Code   RO          739    i.USB_WritePacket   stm32f7xx_ll_usb.o
    0x08007b38   0x08007b38   0x00000004   Code   RO          405    i.UsageFault_Handler  stm32f7xx_it.o
    0x08007b3c   0x08007b3c   0x00000020   Code   RO         5755    i.__0printf$8       mc_w.l(printf8.o)
    0x08007b5c   0x08007b5c   0x00000028   Code   RO         5757    i.__0sprintf$8      mc_w.l(printf8.o)
    0x08007b84   0x08007b84   0x00000010   Code   RO         1840    i.__NVIC_GetPriorityGrouping  stm32f7xx_hal_cortex.o
    0x08007b94   0x08007b94   0x00000028   Code   RO         1841    i.__NVIC_SetPriority  stm32f7xx_hal_cortex.o
    0x08007bbc   0x08007bbc   0x0000000e   Code   RO         5881    i.__scatterload_copy  mc_w.l(handlers.o)
    0x08007bca   0x08007bca   0x00000002   Code   RO         5882    i.__scatterload_null  mc_w.l(handlers.o)
    0x08007bcc   0x08007bcc   0x0000000e   Code   RO         5883    i.__scatterload_zeroinit  mc_w.l(handlers.o)
    0x08007bda   0x08007bda   0x00000002   PAD
    0x08007bdc   0x08007bdc   0x00000404   Code   RO         5762    i._printf_core      mc_w.l(printf8.o)
    0x08007fe0   0x08007fe0   0x00000024   Code   RO         5763    i._printf_post_padding  mc_w.l(printf8.o)
    0x08008004   0x08008004   0x0000002e   Code   RO         5764    i._printf_pre_padding  mc_w.l(printf8.o)
    0x08008032   0x08008032   0x0000000a   Code   RO         5766    i._sputc            mc_w.l(printf8.o)
    0x0800803c   0x0800803c   0x00000058   Code   RO         3294    i.cli_help          cli.o
    0x08008094   0x08008094   0x000000cc   Code   RO         3325    i.cli_parser        cli_cmds.o
    0x08008160   0x08008160   0x00000030   Code   RO         3295    i.cli_version       cli.o
    0x08008190   0x08008190   0x0000001c   Code   RO          346    i.fputc             usart.o
    0x080081ac   0x080081ac   0x00000050   Code   RO         5809    i.free              mc_w.l(malloc.o)
    0x080081fc   0x080081fc   0x00000010   Code   RO         4372    i.inHandlerMode     cmsis_os.o
    0x0800820c   0x0800820c   0x00000088   Code   RO           16    i.main              main.o
    0x08008294   0x08008294   0x0000000e   Code   RO         4374    i.makeFreeRtosPriority  cmsis_os.o
    0x080082a2   0x080082a2   0x00000002   PAD
    0x080082a4   0x080082a4   0x0000006c   Code   RO         5810    i.malloc            mc_w.l(malloc.o)
    0x08008310   0x08008310   0x00000018   Code   RO         4376    i.osDelay           cmsis_os.o
    0x08008328   0x08008328   0x0000000a   Code   RO         4379    i.osKernelStart     cmsis_os.o
    0x08008332   0x08008332   0x00000028   Code   RO         4388    i.osMessageCreate   cmsis_os.o
    0x0800835a   0x0800835a   0x00000002   PAD
    0x0800835c   0x0800835c   0x0000009c   Code   RO         4390    i.osMessageGet      cmsis_os.o
    0x080083f8   0x080083f8   0x00000060   Code   RO         4392    i.osMessagePut      cmsis_os.o
    0x08008458   0x08008458   0x0000001a   Code   RO         4393    i.osMessageWaiting  cmsis_os.o
    0x08008472   0x08008472   0x0000005e   Code   RO         4413    i.osThreadCreate    cmsis_os.o
    0x080084d0   0x080084d0   0x00000098   Code   RO         4057    i.prvAddCurrentTaskToDelayedList  tasks.o
    0x08008568   0x08008568   0x000000b4   Code   RO         4058    i.prvAddNewTaskToReadyList  tasks.o
    0x0800861c   0x0800861c   0x00000048   Code   RO         4059    i.prvCheckTasksWaitingTermination  tasks.o
    0x08008664   0x08008664   0x0000002a   Code   RO         3723    i.prvCopyDataFromQueue  queue.o
    0x0800868e   0x0800868e   0x0000007e   Code   RO         3724    i.prvCopyDataToQueue  queue.o
    0x0800870c   0x0800870c   0x00000054   Code   RO         4060    i.prvDeleteTCB      tasks.o
    0x08008760   0x08008760   0x0000007c   Code   RO         4741    i.prvHeapInit       heap_4.o
    0x080087dc   0x080087dc   0x00000028   Code   RO         4061    i.prvIdleTask       tasks.o
    0x08008804   0x08008804   0x00000026   Code   RO         3727    i.prvInitialiseNewQueue  queue.o
    0x0800882a   0x0800882a   0x000000b8   Code   RO         4062    i.prvInitialiseNewTask  tasks.o
    0x080088e2   0x080088e2   0x00000002   PAD
    0x080088e4   0x080088e4   0x00000068   Code   RO         4063    i.prvInitialiseTaskLists  tasks.o
    0x0800894c   0x0800894c   0x00000068   Code   RO         4742    i.prvInsertBlockIntoFreeList  heap_4.o
    0x080089b4   0x080089b4   0x0000001a   Code   RO         3728    i.prvIsQueueEmpty   queue.o
    0x080089ce   0x080089ce   0x0000001e   Code   RO         3729    i.prvIsQueueFull    queue.o
    0x080089ec   0x080089ec   0x00000034   Code   RO         4064    i.prvResetNextTaskUnblockTime  tasks.o
    0x08008a20   0x08008a20   0x00000048   Code   RO         4803    i.prvTaskExitError  port.o
    0x08008a68   0x08008a68   0x0000007e   Code   RO         3730    i.prvUnlockQueue    queue.o
    0x08008ae6   0x08008ae6   0x00000002   PAD
    0x08008ae8   0x08008ae8   0x00000148   Code   RO         4743    i.pvPortMalloc      heap_4.o
    0x08008c30   0x08008c30   0x0000002c   Code   RO         4804    i.pxPortInitialiseStack  port.o
    0x08008c5c   0x08008c5c   0x00000028   Code   RO         3683    i.uxListRemove      list.o
    0x08008c84   0x08008c84   0x0000002e   Code   RO         3731    i.uxQueueMessagesWaiting  queue.o
    0x08008cb2   0x08008cb2   0x00000026   Code   RO         3732    i.uxQueueMessagesWaitingFromISR  queue.o
    0x08008cd8   0x08008cd8   0x00000018   Code   RO          253    i.vApplicationGetIdleTaskMemory  freertos.o
    0x08008cf0   0x08008cf0   0x0000001a   Code   RO         3684    i.vListInitialise   list.o
    0x08008d0a   0x08008d0a   0x00000006   Code   RO         3685    i.vListInitialiseItem  list.o
    0x08008d10   0x08008d10   0x00000034   Code   RO         3686    i.vListInsert       list.o
    0x08008d44   0x08008d44   0x00000018   Code   RO         3687    i.vListInsertEnd    list.o
    0x08008d5c   0x08008d5c   0x0000005c   Code   RO         4806    i.vPortEnterCritical  port.o
    0x08008db8   0x08008db8   0x00000040   Code   RO         4807    i.vPortExitCritical  port.o
    0x08008df8   0x08008df8   0x0000009c   Code   RO         4744    i.vPortFree         heap_4.o
    0x08008e94   0x08008e94   0x00000028   Code   RO         4808    i.vPortSetupTimerInterrupt  port.o
    0x08008ebc   0x08008ebc   0x00000080   Code   RO         4809    i.vPortValidateInterruptPriority  port.o
    0x08008f3c   0x08008f3c   0x00000060   Code   RO         4072    i.vTaskDelay        tasks.o
    0x08008f9c   0x08008f9c   0x00000018   Code   RO         4075    i.vTaskInternalSetTimeOutState  tasks.o
    0x08008fb4   0x08008fb4   0x0000000c   Code   RO         4076    i.vTaskMissedYield  tasks.o
    0x08008fc0   0x08008fc0   0x0000003c   Code   RO         4078    i.vTaskPlaceOnEventList  tasks.o
    0x08008ffc   0x08008ffc   0x000000b8   Code   RO         4085    i.vTaskStartScheduler  tasks.o
    0x080090b4   0x080090b4   0x00000010   Code   RO         4087    i.vTaskSuspendAll   tasks.o
    0x080090c4   0x080090c4   0x00000090   Code   RO         4088    i.vTaskSwitchContext  tasks.o
    0x08009154   0x08009154   0x00000114   Code   RO         4810    i.xPortStartScheduler  port.o
    0x08009268   0x08009268   0x00000038   Code   RO         4811    i.xPortSysTickHandler  port.o
    0x080092a0   0x080092a0   0x00000064   Code   RO         3739    i.xQueueGenericCreate  queue.o
    0x08009304   0x08009304   0x000000f4   Code   RO         3740    i.xQueueGenericCreateStatic  queue.o
    0x080093f8   0x080093f8   0x0000009c   Code   RO         3741    i.xQueueGenericReset  queue.o
    0x08009494   0x08009494   0x000001b8   Code   RO         3742    i.xQueueGenericSend  queue.o
    0x0800964c   0x0800964c   0x00000108   Code   RO         3743    i.xQueueGenericSendFromISR  queue.o
    0x08009754   0x08009754   0x00000174   Code   RO         3749    i.xQueueReceive     queue.o
    0x080098c8   0x080098c8   0x000000d6   Code   RO         3750    i.xQueueReceiveFromISR  queue.o
    0x0800999e   0x0800999e   0x00000002   PAD
    0x080099a0   0x080099a0   0x00000094   Code   RO         4089    i.xTaskCheckForTimeOut  tasks.o
    0x08009a34   0x08009a34   0x00000064   Code   RO         4090    i.xTaskCreate       tasks.o
    0x08009a98   0x08009a98   0x000000c6   Code   RO         4091    i.xTaskCreateStatic  tasks.o
    0x08009b5e   0x08009b5e   0x00000002   PAD
    0x08009b60   0x08009b60   0x00000020   Code   RO         4095    i.xTaskGetSchedulerState  tasks.o
    0x08009b80   0x08009b80   0x0000014c   Code   RO         4098    i.xTaskIncrementTick  tasks.o
    0x08009ccc   0x08009ccc   0x000000d0   Code   RO         4101    i.xTaskPriorityDisinherit  tasks.o
    0x08009d9c   0x08009d9c   0x0000009c   Code   RO         4103    i.xTaskRemoveFromEventList  tasks.o
    0x08009e38   0x08009e38   0x00000108   Code   RO         4104    i.xTaskResumeAll    tasks.o
    0x08009f40   0x08009f40   0x0000001c   Data   RO          255    .constdata          freertos.o
    0x08009f5c   0x08009f5c   0x00000018   Data   RO         3262    .constdata          system_stm32f7xx.o
    0x08009f74   0x08009f74   0x0000002c   Data   RO         4906    .constdata          usbh_core.o
    0x08009fa0   0x08009fa0   0x0000000c   Data   RO          256    .conststring        freertos.o
    0x08009fac   0x08009fac   0x0000000d   Data   RO         3326    .conststring        cli_cmds.o
    0x08009fb9   0x08009fb9   0x00000003   PAD
    0x08009fbc   0x08009fbc   0x0000004e   Data   RO         4907    .conststring        usbh_core.o
    0x0800a00a   0x0800a00a   0x00000002   PAD
    0x0800a00c   0x0800a00c   0x000000d3   Data   RO         5059    .conststring        usbh_ctlreq.o
    0x0800a0df   0x0800a0df   0x00000001   PAD
    0x0800a0e0   0x0800a0e0   0x0000004c   Data   RO         5294    .conststring        usbh_hid.o
    0x0800a12c   0x0800a12c   0x00000020   Data   RO         5879    Region$$Table       anon$$obj.o


    Execution Region RW_IRAM1 (Exec base: 0x20000000, Load base: 0x0800a14c, Size: 0x0000a1e0, Max: 0x00080000, ABSOLUTE)

    Exec Addr    Load Addr    Size         Type   Attr      Idx    E Section Name        Object

    0x20000000   0x0800a14c   0x00000004   Data   RW          257    .data               freertos.o
    0x20000004   0x0800a150   0x00000008   Data   RW          348    .data               usart.o
    0x2000000c   0x0800a158   0x00000009   Data   RW         2003    .data               stm32f7xx_hal.o
    0x20000015   0x0800a161   0x00000003   PAD
    0x20000018   0x0800a164   0x00000004   Data   RW         3263    .data               system_stm32f7xx.o
    0x2000001c   0x0800a168   0x00000018   Data   RW         3327    .data               cli_cmds.o
    0x20000034   0x0800a180   0x00000001   Data   RW         3352    .data               usb_host.o
    0x20000035   0x0800a181   0x00000003   PAD
    0x20000038   0x0800a184   0x0000003c   Data   RW         4107    .data               tasks.o
    0x20000074   0x0800a1c0   0x00000018   Data   RW         4749    .data               heap_4.o
    0x2000008c   0x0800a1d8   0x0000000c   Data   RW         4812    .data               port.o
    0x20000098   0x0800a1e4   0x00000020   Data   RW         5295    .data               usbh_hid.o
    0x200000b8   0x0800a204   0x00000010   Data   RW         5415    .data               usbh_hid_keybd.o
    0x200000c8   0x0800a214   0x00000015   Data   RW         5463    .data               usbh_hid_mouse.o
    0x200000dd   0x0800a229   0x00000003   PAD
    0x200000e0   0x0800a22c   0x00000004   Data   RW         5541    .data               mc_w.l(strtok.o)
    0x200000e4   0x0800a230   0x00000004   Data   RW         5853    .data               mc_w.l(stdout.o)
    0x200000e8   0x0800a234   0x00000004   Data   RW         5860    .data               mc_w.l(mvars.o)
    0x200000ec   0x0800a238   0x00000004   Data   RW         5861    .data               mc_w.l(mvars.o)
    0x200000f0        -       0x00000254   Zero   RW          254    .bss                freertos.o
    0x20000344        -       0x00000888   Zero   RW          347    .bss                usart.o
    0x20000bcc        -       0x00000100   Zero   RW         3296    .bss                cli.o
    0x20000ccc        -       0x00000430   Zero   RW         3351    .bss                usb_host.o
    0x200010fc        -       0x000003e0   Zero   RW         3423    .bss                usbh_conf.o
    0x200014dc        -       0x000000f0   Zero   RW         4106    .bss                tasks.o
    0x200015cc        -       0x00003c00   Zero   RW         4748    .bss                heap_4.o
    0x200051cc        -       0x0000000f   Zero   RW         5413    .bss                usbh_hid_keybd.o
    0x200051db   0x0800a23c   0x00000005   PAD
    0x200051e0        -       0x00004000   Zero   RW            2    HEAP                startup_stm32f767xx.o
    0x200091e0        -       0x00001000   Zero   RW            1    STACK               startup_stm32f767xx.o


==============================================================================

Image component sizes


      Code (inc. data)   RO Data    RW Data    ZI Data      Debug   Object Name

       136         84          0          0        256       3046   cli.o
       204         18         13         24          0       2254   cli_cmds.o
       476         10          0          0          0      31962   cmsis_os.o
         0          0          0          0          0      18924   event_groups.o
        78         20         40          4        596      25131   freertos.o
       176         14          0          0          0       1438   gpio.o
       712         62          0         24      15360       7443   heap_4.o
       148          0          0          0          0       3626   list.o
       420         32          0          0          0     886452   main.o
       966         86          0         12          0      12009   port.o
      2262         14          0          0          0      20014   queue.o
        36          8        504          0      20480        844   startup_stm32f767xx.o
       174         30          0          9          0       9249   stm32f7xx_hal.o
       504         40          0          0          0      41657   stm32f7xx_hal_cortex.o
       212          0          0          0          0       1991   stm32f7xx_hal_dma.o
       556         52          0          0          0       2817   stm32f7xx_hal_gpio.o
      6648          0          0          0          0      15095   stm32f7xx_hal_hcd.o
        76          6          0          0          0        870   stm32f7xx_hal_msp.o
       144          8          0          0          0       1288   stm32f7xx_hal_pwr_ex.o
      2010         84          0          0          0       7339   stm32f7xx_hal_rcc.o
      1884         16          0          0          0       2252   stm32f7xx_hal_rcc_ex.o
      3656         86          0          0          0      16297   stm32f7xx_hal_uart.o
        78         12          0          0          0       4391   stm32f7xx_it.o
      3308         44          0          0          0      19710   stm32f7xx_ll_usb.o
         0          0          0          0          0        416   stream_buffer.o
        20          6         24          4          0       1151   system_stm32f7xx.o
      2842        340          0         60        240      26320   tasks.o
       344         52          0          8       2184       3120   usart.o
       396        200          0          1       1072      10610   usb_host.o
       880         14          0          0        992      36277   usbh_conf.o
      4218       1138        122          0          0      14614   usbh_core.o
      2296        118        211          0          0      14154   usbh_ctlreq.o
      1992        306         76         32          0      15791   usbh_hid.o
        96         14          0         16         15       6064   usbh_hid_keybd.o
        92         12          0         21          0       1744   usbh_hid_mouse.o
       174          0          0          0          0       3697   usbh_ioreq.o
       172          0          0          0          0       4066   usbh_pipes.o

    ----------------------------------------------------------------------
     38432       2926       1028        224      41200    1274123   Object Totals
         0          0         32          0          0          0   (incl. Generated)
        46          0          6          9          5          0   (incl. Padding)

    ----------------------------------------------------------------------

      Code (inc. data)   RO Data    RW Data    ZI Data      Debug   Library Member Name

         0          0          0          0          0          0   entry.o
         0          0          0          0          0          0   entry10a.o
         0          0          0          0          0          0   entry11a.o
         4          0          0          0          0          0   entry12b.o
         8          4          0          0          0          0   entry2.o
         4          0          0          0          0          0   entry5.o
         0          0          0          0          0          0   entry7b.o
         0          0          0          0          0          0   entry8b.o
         8          4          0          0          0          0   entry9a.o
        30          0          0          0          0          0   handlers.o
        36          8          0          0          0         68   init.o
        30          0          0          0          0         68   llshl.o
        32          0          0          0          0         68   llushr.o
       188         20          0          0          0        160   malloc.o
        36          0          0          0          0         68   memcpya.o
        36          0          0          0          0        108   memseta.o
         0          0          0          8          0          0   mvars.o
      1192         60          0          0          0        504   printf8.o
         0          0          0          4          0          0   stdout.o
        28          0          0          0          0         76   strcmp.o
        30          0          0          0          0         80   strncmp.o
        68          6          0          4          0         80   strtok.o
        98          0          0          0          0         92   uldiv.o

    ----------------------------------------------------------------------
      1832        102          0         16          0       1372   Library Totals
         4          0          0          0          0          0   (incl. Padding)

    ----------------------------------------------------------------------

      Code (inc. data)   RO Data    RW Data    ZI Data      Debug   Library Name

      1828        102          0         16          0       1372   mc_w.l

    ----------------------------------------------------------------------
      1832        102          0         16          0       1372   Library Totals

    ----------------------------------------------------------------------

==============================================================================


      Code (inc. data)   RO Data    RW Data    ZI Data      Debug   

     40264       3028       1028        240      41200    1249371   Grand Totals
     40264       3028       1028        240      41200    1249371   ELF Image Totals
     40264       3028       1028        240          0          0   ROM Totals

==============================================================================

    Total RO  Size (Code + RO Data)                41292 (  40.32kB)
    Total RW  Size (RW Data + ZI Data)             41440 (  40.47kB)
    Total ROM Size (Code + RO Data + RW Data)      41532 (  40.56kB)

==============================================================================

