<html>
<body>
<pre>
<h1>µVision Build Log</h1>
<h2>Tool Versions:</h2>
IDE-Version: ¦ÌVision V5.38.0.0
Copyright (C) 2022 ARM Ltd and ARM Germany GmbH. All rights reserved.
License Information: 111 1909961237@qq.com, 111, LIC=ATTQ1-CC8P3-9UX4U-SYVXQ-N30TJ-J0M6X
 
Tool Versions:
Toolchain:       MDK-ARM Plus  Version: 5.38.0.0
Toolchain Path:  D:\keil5\ARM\ARMCLANG\Bin
C Compiler:      ArmClang.exe V6.19
Assembler:       Armasm.exe V6.19
Linker/Locator:  ArmLink.exe V6.19
Library Manager: ArmAr.exe V6.19
Hex Converter:   FromElf.exe V6.19
CPU DLL:         SARMCM3.DLL V5.38.0.0
Dialog DLL:      DCM.DLL V1.17.5.0
Target DLL:      CMSIS_AGDI.dll V1.33.15.0
Dialog DLL:      TCM.DLL V1.56.4.0
 
<h2>Project:</h2>
D:\GITHUB\game_console\stm32f767_game_console\MDK-ARM\stm32f767_game_console.uvprojx
Project File Date:  12/19/2025

<h2>Output:</h2>
*** Using Compiler 'V6.19', folder: 'D:\keil5\ARM\ARMCLANG\Bin'
Build target 'stm32f767_game_console'
compiling stm32f7xx_it.c...
compiling main.c...
compiling gpio.c...
compiling hid_app.c...
compiling stm32f7xx_hal_msp.c...
compiling hub.c...
compiling usart.c...
compiling freertos.c...
compiling family.c...
compiling dwc2_common.c...
compiling tusb.c...
compiling tusb_fifo.c...
compiling hid_host.c...
compiling hid_report_parser.c...
compiling usbh.c...
compiling hcd_dwc2.c...
linking...
Program Size: Code=53432 RO-data=1548 RW-data=140 ZI-data=27356  
FromELF: creating hex file...
"stm32f767_game_console\stm32f767_game_console.axf" - 0 Error(s), 0 Warning(s).

<h2>Software Packages used:</h2>

Package Vendor: ARM
                https://www.keil.com/pack/ARM.CMSIS.6.2.0.pack
                ARM.CMSIS.6.2.0
                CMSIS (Common Microcontroller Software Interface Standard)
   * Component: CORE Version: 6.1.1

Package Vendor: Keil
                https://www.keil.com/pack/Keil.STM32F7xx_DFP.3.1.1.pack
                Keil.STM32F7xx_DFP.3.1.1
                STMicroelectronics STM32F7 Series Device Support

<h2>Collection of Component include folders:</h2>
  ./RTE/_stm32f767_game_console
  D:/keil5/ARM/CMSIS/6.2.0/CMSIS/Core/Include

<h2>Collection of Component Files used:</h2>

   * Component: ARM::CMSIS:CORE:6.1.1
      Include file:  CMSIS/Core/Include/tz_context.h
Build Time Elapsed:  00:00:01
</pre>
</body>
</html>
