Component: Arm Compiler for Embedded 6.19 Tool: armlink [5e73cb00]

==============================================================================

Section Cross References

    startup_stm32f767xx.o(RESET) refers to startup_stm32f767xx.o(STACK) for __initial_sp
    startup_stm32f767xx.o(RESET) refers to startup_stm32f767xx.o(.text) for Reset_Handler
    startup_stm32f767xx.o(RESET) refers to stm32f7xx_it.o(.text.NMI_Handler) for NMI_Handler
    startup_stm32f767xx.o(RESET) refers to stm32f7xx_it.o(.text.HardFault_Handler) for HardFault_Handler
    startup_stm32f767xx.o(RESET) refers to stm32f7xx_it.o(.text.MemManage_Handler) for MemManage_Handler
    startup_stm32f767xx.o(RESET) refers to stm32f7xx_it.o(.text.BusFault_Handler) for BusFault_Handler
    startup_stm32f767xx.o(RESET) refers to stm32f7xx_it.o(.text.UsageFault_Handler) for UsageFault_Handler
    startup_stm32f767xx.o(RESET) refers to port.o(.text.SVC_Handler) for SVC_Handler
    startup_stm32f767xx.o(RESET) refers to stm32f7xx_it.o(.text.DebugMon_Handler) for DebugMon_Handler
    startup_stm32f767xx.o(RESET) refers to port.o(.text.PendSV_Handler) for PendSV_Handler
    startup_stm32f767xx.o(RESET) refers to port.o(.text.SysTick_Handler) for SysTick_Handler
    startup_stm32f767xx.o(RESET) refers to stm32f7xx_it.o(.text.USART1_IRQHandler) for USART1_IRQHandler
    startup_stm32f767xx.o(RESET) refers to stm32f7xx_it.o(.text.TIM6_DAC_IRQHandler) for TIM6_DAC_IRQHandler
    startup_stm32f767xx.o(RESET) refers to stm32f7xx_it.o(.text.TIM7_IRQHandler) for TIM7_IRQHandler
    startup_stm32f767xx.o(RESET) refers to family.o(.text.OTG_FS_IRQHandler) for OTG_FS_IRQHandler
    startup_stm32f767xx.o(RESET) refers to family.o(.text.OTG_HS_IRQHandler) for OTG_HS_IRQHandler
    startup_stm32f767xx.o(.text) refers to system_stm32f7xx.o(.text.SystemInit) for SystemInit
    startup_stm32f767xx.o(.text) refers to entry.o(.ARM.Collect$$$$00000000) for __main
    main.o(.text.main) refers to lcd.o(.text.LCD_MPU_Config) for LCD_MPU_Config
    main.o(.text.main) refers to stm32f7xx_hal.o(.text.HAL_Init) for HAL_Init
    main.o(.text.main) refers to main.o(.text.SystemClock_Config) for SystemClock_Config
    main.o(.text.main) refers to gpio.o(.text.MX_GPIO_Init) for MX_GPIO_Init
    main.o(.text.main) refers to usart.o(.text.MX_USART1_UART_Init) for MX_USART1_UART_Init
    main.o(.text.main) refers to usb_otg.o(.text.MX_USB_OTG_FS_HCD_Init) for MX_USB_OTG_FS_HCD_Init
    main.o(.text.main) refers to rng.o(.text.MX_RNG_Init) for MX_RNG_Init
    main.o(.text.main) refers to tim.o(.text.MX_TIM7_Init) for MX_TIM7_Init
    main.o(.text.main) refers to lcd.o(.text.LCD_Init) for LCD_Init
    main.o(.text.main) refers to gpio.o(.text.LED_Init) for LED_Init
    main.o(.text.main) refers to app_init.o(.text.HID_EventQueue_Init) for HID_EventQueue_Init
    main.o(.text.main) refers to cmsis_os2.o(.text.osKernelInitialize) for osKernelInitialize
    main.o(.text.main) refers to freertos.o(.text.MX_FREERTOS_Init) for MX_FREERTOS_Init
    main.o(.text.main) refers to cmsis_os2.o(.text.osKernelStart) for osKernelStart
    main.o(.ARM.exidx.text.main) refers to main.o(.text.main) for [Anonymous Symbol]
    main.o(.text.SystemClock_Config) refers to memseta.o(.text) for __aeabi_memclr4
    main.o(.text.SystemClock_Config) refers to stm32f7xx_hal_rcc.o(.text.HAL_RCC_OscConfig) for HAL_RCC_OscConfig
    main.o(.text.SystemClock_Config) refers to main.o(.text.Error_Handler) for Error_Handler
    main.o(.text.SystemClock_Config) refers to stm32f7xx_hal_pwr_ex.o(.text.HAL_PWREx_EnableOverDrive) for HAL_PWREx_EnableOverDrive
    main.o(.text.SystemClock_Config) refers to stm32f7xx_hal_rcc.o(.text.HAL_RCC_ClockConfig) for HAL_RCC_ClockConfig
    main.o(.text.SystemClock_Config) refers to stm32f7xx_hal_rcc.o(.text.HAL_RCC_EnableCSS) for HAL_RCC_EnableCSS
    main.o(.ARM.exidx.text.SystemClock_Config) refers to main.o(.text.SystemClock_Config) for [Anonymous Symbol]
    main.o(.ARM.exidx.text.Error_Handler) refers to main.o(.text.Error_Handler) for [Anonymous Symbol]
    main.o(.text.FMC_MPU_Config) refers to stm32f7xx_hal_cortex.o(.text.HAL_MPU_Enable) for HAL_MPU_Enable
    main.o(.text.FMC_MPU_Config) refers to stm32f7xx_hal_cortex.o(.text.HAL_MPU_Disable) for HAL_MPU_Disable
    main.o(.text.FMC_MPU_Config) refers to stm32f7xx_hal_cortex.o(.text.HAL_MPU_ConfigRegion) for HAL_MPU_ConfigRegion
    main.o(.ARM.exidx.text.FMC_MPU_Config) refers to main.o(.text.FMC_MPU_Config) for [Anonymous Symbol]
    main.o(.text.HAL_TIM_PeriodElapsedCallback) refers to stm32f7xx_hal.o(.text.HAL_IncTick) for HAL_IncTick
    main.o(.text.HAL_TIM_PeriodElapsedCallback) refers to chip8.o(.bss.chip8_emulator) for chip8_emulator
    main.o(.text.HAL_TIM_PeriodElapsedCallback) refers to chip8.o(.text.chip8_timer_tick) for chip8_timer_tick
    main.o(.ARM.exidx.text.HAL_TIM_PeriodElapsedCallback) refers to main.o(.text.HAL_TIM_PeriodElapsedCallback) for [Anonymous Symbol]
[...]
    hcd_int_enable                           0x0800dc39   Thumb Code    84  hcd_dwc2.o(.text.hcd_int_enable)
    hcd_int_handler                          0x0800dc91   Thumb Code   460  hcd_dwc2.o(.text.hcd_int_handler)
    hcd_port_connect_status                  0x0800de61   Thumb Code    64  hcd_dwc2.o(.text.hcd_port_connect_status)
    hcd_port_reset                           0x0800dea1   Thumb Code    82  hcd_dwc2.o(.text.hcd_port_reset)
    hcd_port_reset_end                       0x0800def9   Thumb Code    82  hcd_dwc2.o(.text.hcd_port_reset_end)
    hcd_port_speed_get                       0x0800df51   Thumb Code   166  hcd_dwc2.o(.text.hcd_port_speed_get)
    hcd_setup_send                           0x0800dff9   Thumb Code   348  hcd_dwc2.o(.text.hcd_setup_send)
    hid_parse_report                         0x0800e159   Thumb Code   124  hid_report_parser.o(.text.hid_parse_report)
    hidh_close                               0x0800e1d9   Thumb Code   106  hid_host.o(.text.hidh_close)
    hidh_deinit                              0x0800e249   Thumb Code     4  hid_host.o(.text.hidh_deinit)
    hidh_init                                0x0800e251   Thumb Code    20  hid_host.o(.text.hidh_init)
    hidh_open                                0x0800e269   Thumb Code   732  hid_host.o(.text.hidh_open)
    hidh_set_config                          0x0800e549   Thumb Code    52  hid_host.o(.text.hidh_set_config)
    hidh_xfer_cb                             0x0800e581   Thumb Code   320  hid_host.o(.text.hidh_xfer_cb)
    hub_close                                0x0800e6c1   Thumb Code    72  hub.o(.text.hub_close)
    hub_deinit                               0x0800e709   Thumb Code     4  hub.o(.text.hub_deinit)
    hub_edpt_status_xfer                     0x0800e711   Thumb Code   190  hub.o(.text.hub_edpt_status_xfer)
    hub_init                                 0x0800e7d1   Thumb Code    18  hub.o(.text.hub_init)
    hub_open                                 0x0800e7e9   Thumb Code   386  hub.o(.text.hub_open)
    hub_port_clear_feature                   0x0800e971   Thumb Code   224  hub.o(.text.hub_port_clear_feature)
    hub_port_get_status                      0x0800ea51   Thumb Code   250  hub.o(.text.hub_port_get_status)
    hub_port_get_status_local                0x0800eb51   Thumb Code    54  hub.o(.text.hub_port_get_status_local)
    hub_port_set_feature                     0x0800eb89   Thumb Code   224  hub.o(.text.hub_port_set_feature)
    hub_set_config                           0x0800ec69   Thumb Code   294  hub.o(.text.hub_set_config)
    hub_xfer_cb                              0x0800ed91   Thumb Code   406  hub.o(.text.hub_xfer_cb)
    main                                     0x0800efe1   Thumb Code    68  main.o(.text.main)
    osDelay                                  0x0800f029   Thumb Code    92  cmsis_os2.o(.text.osDelay)
    osKernelInitialize                       0x0800f089   Thumb Code   110  cmsis_os2.o(.text.osKernelInitialize)
    osKernelStart                            0x0800f0f9   Thumb Code   122  cmsis_os2.o(.text.osKernelStart)
    osThreadNew                              0x0800f179   Thumb Code   388  cmsis_os2.o(.text.osThreadNew)
    pvPortMalloc                             0x08011ba1   Thumb Code   490  heap_4.o(.text.pvPortMalloc)
    pvTaskIncrementMutexHeldCount            0x08011d91   Thumb Code    44  tasks.o(.text.pvTaskIncrementMutexHeldCount)
    pxPortInitialiseStack                    0x08011dc1   Thumb Code    94  port.o(.text.pxPortInitialiseStack)
    tu_bind_driver_to_ep_itf                 0x080121d1   Thumb Code   342  tusb.o(.text.tu_bind_driver_to_ep_itf)
    tu_edpt_claim                            0x08012329   Thumb Code   256  tusb.o(.text.tu_edpt_claim)
    tu_edpt_release                          0x08012429   Thumb Code   200  tusb.o(.text.tu_edpt_release)
    tu_edpt_validate                         0x080124f1   Thumb Code   478  tusb.o(.text.tu_edpt_validate)
    tuh_address_set                          0x080126d1   Thumb Code   202  usbh.o(.text.tuh_address_set)
    tuh_bus_info_get                         0x080127a1   Thumb Code   110  usbh.o(.text.tuh_bus_info_get)
    tuh_configuration_set                    0x08012811   Thumb Code   122  usbh.o(.text.tuh_configuration_set)
    tuh_connected                            0x08012891   Thumb Code   138  usbh.o(.text.tuh_connected)
    tuh_control_xfer                         0x08012921   Thumb Code  1106  usbh.o(.text.tuh_control_xfer)
    tuh_descriptor_get                       0x08012d79   Thumb Code   206  usbh.o(.text.tuh_descriptor_get)
    tuh_descriptor_get_configuration         0x08012e49   Thumb Code    70  usbh.o(.text.tuh_descriptor_get_configuration)
    tuh_descriptor_get_device                0x08012e91   Thumb Code   112  usbh.o(.text.tuh_descriptor_get_device)
    tuh_descriptor_get_hid_report            0x08012f01   Thumb Code   162  usbh.o(.text.tuh_descriptor_get_hid_report)
    tuh_descriptor_get_string                0x08012fa9   Thumb Code   204  usbh.o(.text.tuh_descriptor_get_string)
    tuh_edpt_abort_xfer                      0x08013079   Thumb Code   528  usbh.o(.text.tuh_edpt_abort_xfer)
    tuh_edpt_open                            0x08013289   Thumb Code   198  usbh.o(.text.tuh_edpt_open)
    tuh_enum_descriptor_configuration_cb     0x08013351   Thumb Code    18  usbh.o(.text.tuh_enum_descriptor_configuration_cb)
    tuh_enum_descriptor_device_cb            0x08013369   Thumb Code    12  usbh.o(.text.tuh_enum_descriptor_device_cb)
    tuh_event_hook_cb                        0x08013379   Thumb Code    16  usbh.o(.text.tuh_event_hook_cb)
    tuh_hid_itf_get_index                    0x08013389   Thumb Code   118  hid_host.o(.text.tuh_hid_itf_get_index)
    tuh_hid_mount_cb                         0x08013401   Thumb Code   244  hid_app.o(.text.tuh_hid_mount_cb)
    tuh_hid_receive_report                   0x080134f9   Thumb Code   328  hid_host.o(.text.tuh_hid_receive_report)
    tuh_hid_report_received_cb               0x08013641   Thumb Code   186  hid_app.o(.text.tuh_hid_report_received_cb)
    tuh_hid_report_sent_cb                   0x08013701   Thumb Code    20  hid_host.o(.text.tuh_hid_report_sent_cb)
    tuh_hid_umount_cb                        0x08013719   Thumb Code   106  hid_app.o(.text.tuh_hid_umount_cb)
    tuh_inited                               0x08013789   Thumb Code    18  usbh.o(.text.tuh_inited)
    tuh_mount_cb                             0x080137a1   Thumb Code    10  usbh.o(.text.tuh_mount_cb)
    tuh_rhport_init                          0x080137b1   Thumb Code   712  usbh.o(.text.tuh_rhport_init)
    tuh_rhport_is_active                     0x08013a79   Thumb Code    32  usbh.o(.text.tuh_rhport_is_active)
    tuh_speed_get                            0x08013a99   Thumb Code    26  usbh.o(.text.tuh_speed_get)
    tuh_task_event_ready                     0x08013ab9   Thumb Code    58  usbh.o(.text.tuh_task_event_ready)
    tuh_task_ext                             0x08013af9   Thumb Code  1078  usbh.o(.text.tuh_task_ext)
    tuh_umount_cb                            0x08013f31   Thumb Code    10  usbh.o(.text.tuh_umount_cb)
    tuh_vid_pid_get                          0x08013f41   Thumb Code   152  usbh.o(.text.tuh_vid_pid_get)
    tusb_int_handler                         0x08013fd9   Thumb Code    70  tusb.o(.text.tusb_int_handler)
    tusb_rhport_init                         0x08014021   Thumb Code   212  tusb.o(.text.tusb_rhport_init)
    tusb_time_delay_ms_api                   0x080140f9   Thumb Code    40  tusb.o(.text.tusb_time_delay_ms_api)
    usbh_app_driver_get_cb                   0x08014121   Thumb Code    14  usbh.o(.text.usbh_app_driver_get_cb)
    usbh_driver_set_config_complete          0x08014701   Thumb Code   316  usbh.o(.text.usbh_driver_set_config_complete)
    usbh_edpt_claim                          0x08014841   Thumb Code   256  usbh.o(.text.usbh_edpt_claim)
    usbh_edpt_release                        0x080149a9   Thumb Code   204  usbh.o(.text.usbh_edpt_release)
    usbh_edpt_xfer_with_callback             0x08014a79   Thumb Code   336  usbh.o(.text.usbh_edpt_xfer_with_callback)
    usbh_get_enum_buf                        0x08014bc9   Thumb Code    12  usbh.o(.text.usbh_get_enum_buf)
    usbh_get_rhport                          0x08014bd9   Thumb Code    26  usbh.o(.text.usbh_get_rhport)
    uxListRemove                             0x08014bf9   Thumb Code    72  list.o(.text.uxListRemove)
    uxQueueMessagesWaiting                   0x08014c41   Thumb Code    58  queue.o(.text.uxQueueMessagesWaiting)
    vApplicationGetIdleTaskMemory            0x08014c81   Thumb Code    42  cmsis_os2.o(.text.vApplicationGetIdleTaskMemory)
    vApplicationGetTimerTaskMemory           0x08014cb1   Thumb Code    44  cmsis_os2.o(.text.vApplicationGetTimerTaskMemory)
    vListInitialise                          0x08014ce1   Thumb Code    46  list.o(.text.vListInitialise)
    vListInitialiseItem                      0x08014d11   Thumb Code    14  list.o(.text.vListInitialiseItem)
    vListInsert                              0x08014d21   Thumb Code   106  list.o(.text.vListInsert)
    vListInsertEnd                           0x08014d91   Thumb Code    58  list.o(.text.vListInsertEnd)
    vPortEnterCritical                       0x08014de9   Thumb Code    94  port.o(.text.vPortEnterCritical)
    vPortExitCritical                        0x08014e49   Thumb Code    78  port.o(.text.vPortExitCritical)
    vPortFree                                0x08014e99   Thumb Code   200  heap_4.o(.text.vPortFree)
    vPortSetupTimerInterrupt                 0x08014f61   Thumb Code    68  port.o(.text.vPortSetupTimerInterrupt)
    vPortValidateInterruptPriority           0x08014fa9   Thumb Code   140  port.o(.text.vPortValidateInterruptPriority)
    vQueueAddToRegistry                      0x08015039   Thumb Code    82  queue.o(.text.vQueueAddToRegistry)
    vQueueWaitForMessageRestricted           0x08015091   Thumb Code   100  queue.o(.text.vQueueWaitForMessageRestricted)
    vTaskDelay                               0x080150f9   Thumb Code   114  tasks.o(.text.vTaskDelay)
    vTaskInternalSetTimeOutState             0x08015171   Thumb Code    36  tasks.o(.text.vTaskInternalSetTimeOutState)
    vTaskMissedYield                         0x08015199   Thumb Code    14  tasks.o(.text.vTaskMissedYield)
    vTaskPlaceOnEventList                    0x080151a9   Thumb Code    70  tasks.o(.text.vTaskPlaceOnEventList)
    vTaskPlaceOnEventListRestricted          0x080151f1   Thumb Code    86  tasks.o(.text.vTaskPlaceOnEventListRestricted)
    vTaskPriorityDisinheritAfterTimeout      0x08015249   Thumb Code   316  tasks.o(.text.vTaskPriorityDisinheritAfterTimeout)
    vTaskStartScheduler                      0x08015389   Thumb Code   232  tasks.o(.text.vTaskStartScheduler)
    vTaskSuspendAll                          0x08015471   Thumb Code    16  tasks.o(.text.vTaskSuspendAll)
    vTaskSwitchContext                       0x08015481   Thumb Code   202  tasks.o(.text.vTaskSwitchContext)
    xPortStartScheduler                      0x08015551   Thumb Code   254  port.o(.text.xPortStartScheduler)
    xQueueCreateMutexStatic                  0x08015651   Thumb Code    50  queue.o(.text.xQueueCreateMutexStatic)
    xQueueGenericCreate                      0x08015689   Thumb Code   134  queue.o(.text.xQueueGenericCreate)
    xQueueGenericCreateStatic                0x08015711   Thumb Code   290  queue.o(.text.xQueueGenericCreateStatic)
    xQueueGenericReset                       0x08015839   Thumb Code   190  queue.o(.text.xQueueGenericReset)
    xQueueGenericSend                        0x080158f9   Thumb Code   572  queue.o(.text.xQueueGenericSend)
    xQueueGenericSendFromISR                 0x08015b39   Thumb Code   342  queue.o(.text.xQueueGenericSendFromISR)
    xQueueReceive                            0x08015c91   Thumb Code   488  queue.o(.text.xQueueReceive)
    xQueueSemaphoreTake                      0x08015e79   Thumb Code   572  queue.o(.text.xQueueSemaphoreTake)
    xTaskCheckForTimeOut                     0x080160b9   Thumb Code   212  tasks.o(.text.xTaskCheckForTimeOut)
    xTaskCreate                              0x08016191   Thumb Code   158  tasks.o(.text.xTaskCreate)
    xTaskCreateStatic                        0x08016231   Thumb Code   218  tasks.o(.text.xTaskCreateStatic)
    xTaskGetSchedulerState                   0x08016311   Thumb Code    56  tasks.o(.text.xTaskGetSchedulerState)
    xTaskGetTickCount                        0x08016349   Thumb Code    20  tasks.o(.text.xTaskGetTickCount)
    xTaskIncrementTick                       0x08016361   Thumb Code   456  tasks.o(.text.xTaskIncrementTick)
    xTaskPriorityDisinherit                  0x08016529   Thumb Code   244  tasks.o(.text.xTaskPriorityDisinherit)
    xTaskPriorityInherit                     0x08016621   Thumb Code   270  tasks.o(.text.xTaskPriorityInherit)
    xTaskRemoveFromEventList                 0x08016731   Thumb Code   210  tasks.o(.text.xTaskRemoveFromEventList)
    xTaskResumeAll                           0x08016809   Thumb Code   394  tasks.o(.text.xTaskResumeAll)
    xTimerCreateTimerTask                    0x08016999   Thumb Code   152  timers.o(.text.xTimerCreateTimerTask)
    xTimerGenericCommand                     0x08016a31   Thumb Code   180  timers.o(.text.xTimerGenericCommand)
    __0printf                                0x08016ae5   Thumb Code    22  printfa.o(i.__0printf)
    __1printf                                0x08016ae5   Thumb Code     0  printfa.o(i.__0printf)
    __2printf                                0x08016ae5   Thumb Code     0  printfa.o(i.__0printf)
    __c89printf                              0x08016ae5   Thumb Code     0  printfa.o(i.__0printf)
    printf                                   0x08016ae5   Thumb Code     0  printfa.o(i.__0printf)
    __scatterload_copy                       0x08016b05   Thumb Code    14  handlers.o(i.__scatterload_copy)
    __scatterload_null                       0x08016b13   Thumb Code     2  handlers.o(i.__scatterload_null)
    __scatterload_zeroinit                   0x08016b15   Thumb Code    14  handlers.o(i.__scatterload_zeroinit)
    AHBPrescTable                            0x080173fc   Data          16  system_stm32f7xx.o(.rodata.AHBPrescTable)
    APBPrescTable                            0x0801740c   Data           8  system_stm32f7xx.o(.rodata.APBPrescTable)
    asc2_1206                                0x08017454   Data        1140  lcd.o(.rodata.asc2_1206)
    asc2_1608                                0x080178c8   Data        1520  lcd.o(.rodata.asc2_1608)
    asc2_2412                                0x08017eb8   Data        3420  lcd.o(.rodata.asc2_2412)
    asc2_3216                                0x08018c14   Data       12160  lcd.o(.rodata.asc2_3216)
    gameTask_attributes                      0x0801bbe4   Data          36  freertos.o(.rodata.gameTask_attributes)
    hidParserTask_attributes                 0x0801bc08   Data          36  freertos.o(.rodata.hidParserTask_attributes)
    tinyUSBTask_attributes                   0x0801c0dc   Data          36  freertos.o(.rodata.tinyUSBTask_attributes)
    Region$$Table$$Base                      0x0801c138   Number         0  anon$$obj.o(Region$$Table)
    Region$$Table$$Limit                     0x0801c158   Number         0  anon$$obj.o(Region$$Table)
    __stdout                                 0x20020000   Data           4  stdout.o(.data)
    BACK_COLOR                               0x20020004   Data           4  lcd.o(.data.BACK_COLOR)
    POINT_COLOR                              0x20020008   Data           4  lcd.o(.data.POINT_COLOR)
    Pong1player                              0x2002000c   Data         246  chip8.o(.data.Pong1player)
    SystemCoreClock                          0x20020104   Data           4  system_stm32f7xx.o(.data.SystemCoreClock)
    _usbh_qdef                               0x20020124   Data          92  usbh.o(.data._usbh_qdef)
    chip8_keymap                             0x20020180   Data          16  chip8.o(.data.chip8_keymap)
    chip8_whitecolor                         0x20020190   Data         128  freertos.o(.data.chip8_whitecolor)
    font_base                                0x20020210   Data           1  chip8.o(.data.font_base)
    uwTickFreq                               0x20020211   Data           1  stm32f7xx_hal.o(.data.uwTickFreq)
    uwTickPrio                               0x20020214   Data           4  stm32f7xx_hal.o(.data.uwTickPrio)
    HIDInputEventQueue                       0x20020220   Data           4  app_init.o(.bss.HIDInputEventQueue)
    SRAM_Handler                             0x20020484   Data          76  lcd.o(.bss.SRAM_Handler)
    USART_RX_BUF                             0x2002092c   Data        1024  usart.o(.bss.USART_RX_BUF)
    USART_RX_LEN                             0x20020d2c   Data           4  usart.o(.bss.USART_RX_LEN)
    _hcd_data                                0x20020d38   Data         512  hcd_dwc2.o(.bss._hcd_data)
    _tusb_rhport_role                        0x200215e4   Data           2  tusb.o(.bss._tusb_rhport_role)
    chip8_blackcolor                         0x200219e0   Data         128  freertos.o(.bss.chip8_blackcolor)
    chip8_emulator                           0x20021a60   Data        6216  chip8.o(.bss.chip8_emulator)
    gameTaskHandle                           0x200232ac   Data           4  freertos.o(.bss.gameTaskHandle)
    hhcd_USB_OTG_FS                          0x200232b0   Data         992  usb_otg.o(.bss.hhcd_USB_OTG_FS)
    hidParserTaskHandle                      0x20023690   Data           4  freertos.o(.bss.hidParserTaskHandle)
    hrng                                     0x20023694   Data          16  rng.o(.bss.hrng)
    htim6                                    0x200236a4   Data          76  stm32f7xx_hal_timebase_tim.o(.bss.htim6)
    htim7                                    0x200236f0   Data          76  tim.o(.bss.htim7)
    huart1                                   0x2002373c   Data         136  usart.o(.bss.huart1)
    lcddev                                   0x200237dc   Data          14  lcd.o(.bss.lcddev)
    pxCurrentTCB                             0x200238ec   Data           4  tasks.o(.bss.pxCurrentTCB)
    tinyUSBTaskHandle                        0x20023d64   Data           4  freertos.o(.bss.tinyUSBTaskHandle)
    uart_rx_byte                             0x20023d68   Data           1  usart.o(.bss.uart_rx_byte)
    uwTick                                   0x20027974   Data           4  stm32f7xx_hal.o(.bss.uwTick)
    xQueueRegistry                           0x20027a0c   Data          64  queue.o(.bss.xQueueRegistry)
    __initial_sp                             0x20028a90   Data           0  startup_stm32f767xx.o(STACK)



==============================================================================

Memory Map of the image

  Image Entry point : 0x080001f9

  Load Region LR_IROM1 (Base: 0x08000000, Size: 0x0001c378, Max: 0x00100000, ABSOLUTE, COMPRESSED[0x0001c288])

    Execution Region ER_IROM1 (Exec base: 0x08000000, Load base: 0x08000000, Size: 0x0001c158, Max: 0x00100000, ABSOLUTE)

    Exec Addr    Load Addr    Size         Type   Attr      Idx    E Section Name        Object

    0x08000000   0x08000000   0x000001f8   Data   RO            3    RESET               startup_stm32f767xx.o
    0x080001f8   0x080001f8   0x00000000   Code   RO         3062  * .ARM.Collect$$$$00000000  mc_w.l(entry.o)
    0x080001f8   0x080001f8   0x00000004   Code   RO         3141    .ARM.Collect$$$$00000001  mc_w.l(entry2.o)
    0x080001fc   0x080001fc   0x00000004   Code   RO         3144    .ARM.Collect$$$$00000004  mc_w.l(entry5.o)
    0x08000200   0x08000200   0x00000000   Code   RO         3146    .ARM.Collect$$$$00000008  mc_w.l(entry7b.o)
    0x08000200   0x08000200   0x00000000   Code   RO         3148    .ARM.Collect$$$$0000000A  mc_w.l(entry8b.o)
    0x08000200   0x08000200   0x00000008   Code   RO         3149    .ARM.Collect$$$$0000000B  mc_w.l(entry9a.o)
    0x08000208   0x08000208   0x00000000   Code   RO         3151    .ARM.Collect$$$$0000000D  mc_w.l(entry10a.o)
    0x08000208   0x08000208   0x00000000   Code   RO         3153    .ARM.Collect$$$$0000000F  mc_w.l(entry11a.o)
    0x08000208   0x08000208   0x00000004   Code   RO         3142    .ARM.Collect$$$$00002712  mc_w.l(entry2.o)
    0x0800020c   0x0800020c   0x00000024   Code   RO            4    .text               startup_stm32f767xx.o
    0x08000230   0x08000230   0x00000062   Code   RO         3065    .text               mc_w.l(uldiv.o)
    0x08000292   0x08000292   0x00000024   Code   RO         3095    .text               mc_w.l(memcpya.o)
    0x080002b6   0x080002b6   0x00000024   Code   RO         3097    .text               mc_w.l(memseta.o)
    0x080002da   0x080002da   0x0000001a   Code   RO         3101    .text               mc_w.l(memcmp.o)
    0x080002f4   0x080002f4   0x0000002c   Code   RO         3165    .text               mc_w.l(uidiv.o)
    0x08000320   0x08000320   0x0000001e   Code   RO         3167    .text               mc_w.l(llshl.o)
    0x0800033e   0x0800033e   0x00000020   Code   RO         3169    .text               mc_w.l(llushr.o)
    0x0800035e   0x0800035e   0x00000000   Code   RO         3171    .text               mc_w.l(iusefp.o)
    0x0800035e   0x0800035e   0x0000014e   Code   RO         3172    .text               mf_w.l(dadd.o)
    0x080004ac   0x080004ac   0x000000e4   Code   RO         3174    .text               mf_w.l(dmul.o)
    0x08000590   0x08000590   0x000000de   Code   RO         3176    .text               mf_w.l(ddiv.o)
    0x0800066e   0x0800066e   0x00000030   Code   RO         3178    .text               mf_w.l(dfixul.o)
    0x0800069e   0x0800069e   0x00000002   PAD
    0x080006a0   0x080006a0   0x00000030   Code   RO         3180    .text               mf_w.l(cdrcmple.o)
    0x080006d0   0x080006d0   0x00000024   Code   RO         3182    .text               mc_w.l(init.o)
    0x080006f4   0x080006f4   0x00000024   Code   RO         3184    .text               mc_w.l(llsshr.o)
    0x08000718   0x08000718   0x000000ba   Code   RO         3186    .text               mf_w.l(depilogue.o)
    0x080007d2   0x080007d2   0x0000003a   Code   RO         3196    .text               mc_w.l(__dczerorl.o)
    0x0800080c   0x0800080c   0x00000004   PAD
    0x08000810   0x08000810   0x00000004   Code   RO          137    .text.BusFault_Handler  stm32f7xx_it.o
    0x08000814   0x08000814   0x00000004   PAD
    0x08000818   0x08000818   0x00000002   Code   RO          141    .text.DebugMon_Handler  stm32f7xx_it.o
    0x0800081a   0x0800081a   0x00000006   PAD
    0x08000820   0x08000820   0x0000000e   Code   RO           15    .text.Error_Handler  main.o
    0x0800082e   0x0800082e   0x00000002   PAD
    0x08000830   0x08000830   0x00000064   Code   RO          231    .text.FMC_NORSRAM_Extended_Timing_Init  stm32f7xx_ll_fmc.o
    0x08000894   0x08000894   0x00000004   PAD
    0x08000898   0x08000898   0x0000010c   Code   RO          225    .text.FMC_NORSRAM_Init  stm32f7xx_ll_fmc.o
    0x080009a4   0x080009a4   0x00000004   PAD
    0x080009a8   0x080009a8   0x00000086   Code   RO          229    .text.FMC_NORSRAM_Timing_Init  stm32f7xx_ll_fmc.o
    0x08000a2e   0x08000a2e   0x00000002   PAD
    0x08000a30   0x08000a30   0x00000166   Code   RO           44    .text.Game_Task     freertos.o
    0x08000b96   0x08000b96   0x00000002   PAD
    0x08000b98   0x08000b98   0x000000ec   Code   RO          873    .text.HAL_DMA_Abort  stm32f7xx_hal_dma.o
    0x08000c84   0x08000c84   0x00000004   PAD
    0x08000c88   0x08000c88   0x00000044   Code   RO          875    .text.HAL_DMA_Abort_IT  stm32f7xx_hal_dma.o
    0x08000ccc   0x08000ccc   0x00000004   PAD
    0x08000cd0   0x08000cd0   0x00000042   Code   RO         1006    .text.HAL_Delay     stm32f7xx_hal.o
    0x08000d12   0x08000d12   0x00000006   PAD
    0x08000d18   0x08000d18   0x000003ec   Code   RO          836    .text.HAL_GPIO_Init  stm32f7xx_hal_gpio.o
    0x08001104   0x08001104   0x00000004   PAD
    0x08001108   0x08001108   0x0000002e   Code   RO          842    .text.HAL_GPIO_WritePin  stm32f7xx_hal_gpio.o
    0x08001136   0x08001136   0x00000002   PAD
    0x08001138   0x08001138   0x0000000c   Code   RO          998    .text.HAL_GetTick   stm32f7xx_hal.o
    0x08001144   0x08001144   0x00000004   PAD
    0x08001148   0x08001148   0x00000108   Code   RO         1474    .text.HAL_HCD_Init  stm32f7xx_hal_hcd.o
    0x08001250   0x08001250   0x000000dc   Code   RO          119    .text.HAL_HCD_MspInit  usb_otg.o
    0x0800132c   0x0800132c   0x00000004   PAD
    0x08001330   0x08001330   0x0000001a   Code   RO          996    .text.HAL_IncTick   stm32f7xx_hal.o
    0x0800134a   0x0800134a   0x00000006   PAD
    0x08001350   0x08001350   0x00000016   Code   RO          986    .text.HAL_Init      stm32f7xx_hal.o
    0x08001366   0x08001366   0x00000002   PAD
    0x08001368   0x08001368   0x000000ec   Code   RO          164    .text.HAL_InitTick  stm32f7xx_hal_timebase_tim.o
    0x08001454   0x08001454   0x00000004   PAD
    0x08001458   0x08001458   0x00000080   Code   RO          658    .text.HAL_MPU_ConfigRegion  stm32f7xx_hal_cortex.o
    0x080014d8   0x080014d8   0x00000022   Code   RO          650    .text.HAL_MPU_Disable  stm32f7xx_hal_cortex.o
    0x080014fa   0x080014fa   0x00000006   PAD
    0x08001500   0x08001500   0x00000030   Code   RO          652    .text.HAL_MPU_Enable  stm32f7xx_hal_cortex.o
    0x08001530   0x08001530   0x00000050   Code   RO          156    .text.HAL_MspInit   stm32f7xx_hal_msp.o
    0x08001580   0x08001580   0x00000014   Code   RO          634    .text.HAL_NVIC_EnableIRQ  stm32f7xx_hal_cortex.o
    0x08001594   0x08001594   0x00000004   PAD
    0x08001598   0x08001598   0x00000032   Code   RO          626    .text.HAL_NVIC_SetPriority  stm32f7xx_hal_cortex.o
    0x080015ca   0x080015ca   0x00000006   PAD
    0x080015d0   0x080015d0   0x00000010   Code   RO          622    .text.HAL_NVIC_SetPriorityGrouping  stm32f7xx_hal_cortex.o
    0x080015e0   0x080015e0   0x000000c6   Code   RO          969    .text.HAL_PWREx_EnableOverDrive  stm32f7xx_hal_pwr_ex.o
    0x080016a6   0x080016a6   0x00000002   PAD
    0x080016a8   0x080016a8   0x000008e4   Code   RO          732    .text.HAL_RCCEx_PeriphCLKConfig  stm32f7xx_hal_rcc_ex.o
    0x08001f8c   0x08001f8c   0x00000004   PAD
    0x08001f90   0x08001f90   0x00000002   Code   RO          723    .text.HAL_RCC_CSSCallback  stm32f7xx_hal_rcc.o
    0x08001f92   0x08001f92   0x00000006   PAD
    0x08001f98   0x08001f98   0x0000026c   Code   RO          701    .text.HAL_RCC_ClockConfig  stm32f7xx_hal_rcc.o
    0x08002204   0x08002204   0x00000004   PAD
    0x08002208   0x08002208   0x00000012   Code   RO          707    .text.HAL_RCC_EnableCSS  stm32f7xx_hal_rcc.o
    0x0800221a   0x0800221a   0x00000006   PAD
    0x08002220   0x08002220   0x00000054   Code   RO          719    .text.HAL_RCC_GetClockConfig  stm32f7xx_hal_rcc.o
    0x08002274   0x08002274   0x00000004   PAD
    0x08002278   0x08002278   0x0000000c   Code   RO          711    .text.HAL_RCC_GetHCLKFreq  stm32f7xx_hal_rcc.o
    0x08002284   0x08002284   0x00000004   PAD
    0x08002288   0x08002288   0x00000022   Code   RO          713    .text.HAL_RCC_GetPCLK1Freq  stm32f7xx_hal_rcc.o
    0x080022aa   0x080022aa   0x00000006   PAD
    0x080022b0   0x080022b0   0x00000022   Code   RO          715    .text.HAL_RCC_GetPCLK2Freq  stm32f7xx_hal_rcc.o
    0x080022d2   0x080022d2   0x00000006   PAD
    0x080022d8   0x080022d8   0x000000e6   Code   RO          703    .text.HAL_RCC_GetSysClockFreq  stm32f7xx_hal_rcc.o
    0x080023be   0x080023be   0x00000002   PAD
    0x080023c0   0x080023c0   0x00000028   Code   RO          721    .text.HAL_RCC_NMI_IRQHandler  stm32f7xx_hal_rcc.o
    0x080023e8   0x080023e8   0x0000072c   Code   RO          699    .text.HAL_RCC_OscConfig  stm32f7xx_hal_rcc.o
    0x08002b14   0x08002b14   0x00000004   PAD
    0x08002b18   0x08002b18   0x000000d0   Code   RO         1275    .text.HAL_RNG_GenerateRandomNumber  stm32f7xx_hal_rng.o
    0x08002be8   0x08002be8   0x00000056   Code   RO         1267    .text.HAL_RNG_Init  stm32f7xx_hal_rng.o
    0x08002c3e   0x08002c3e   0x00000002   PAD
    0x08002c40   0x08002c40   0x0000005e   Code   RO           69    .text.HAL_RNG_MspInit  rng.o
    0x08002c9e   0x08002c9e   0x00000002   PAD
    0x08002ca0   0x08002ca0   0x00000080   Code   RO          178    .text.HAL_SRAM_Init  stm32f7xx_hal_sram.o
    0x08002d20   0x08002d20   0x0000009e   Code   RO         2973    .text.HAL_SRAM_MspInit  lcd.o
    0x08002dbe   0x08002dbe   0x00000002   PAD
    0x08002dc0   0x08002dc0   0x00000008   Code   RO          609    .text.HAL_TIMEx_Break2Callback  stm32f7xx_hal_tim_ex.o
    0x08002dc8   0x08002dc8   0x00000008   Code   RO          607    .text.HAL_TIMEx_BreakCallback  stm32f7xx_hal_tim_ex.o
    0x08002dd0   0x08002dd0   0x00000008   Code   RO          603    .text.HAL_TIMEx_CommutCallback  stm32f7xx_hal_tim_ex.o
    0x08002dd8   0x08002dd8   0x00000158   Code   RO          593    .text.HAL_TIMEx_MasterConfigSynchronization  stm32f7xx_hal_tim_ex.o
    0x08002f30   0x08002f30   0x000000a8   Code   RO          276    .text.HAL_TIM_Base_Init  stm32f7xx_hal_tim.o
    0x08002fd8   0x08002fd8   0x0000004e   Code   RO           83    .text.HAL_TIM_Base_MspInit  tim.o
    0x08003026   0x08003026   0x00000002   PAD
    0x08003028   0x08003028   0x00000104   Code   RO          290    .text.HAL_TIM_Base_Start_IT  stm32f7xx_hal_tim.o
    0x0800312c   0x0800312c   0x00000004   PAD
    0x08003130   0x08003130   0x00000008   Code   RO          412    .text.HAL_TIM_IC_CaptureCallback  stm32f7xx_hal_tim.o
    0x08003138   0x08003138   0x00000250   Code   RO          410    .text.HAL_TIM_IRQHandler  stm32f7xx_hal_tim.o
    0x08003388   0x08003388   0x00000008   Code   RO          414    .text.HAL_TIM_OC_DelayElapsedCallback  stm32f7xx_hal_tim.o
    0x08003390   0x08003390   0x00000008   Code   RO          416    .text.HAL_TIM_PWM_PulseFinishedCallback  stm32f7xx_hal_tim.o
    0x08003398   0x08003398   0x00000042   Code   RO           19    .text.HAL_TIM_PeriodElapsedCallback  main.o
    0x080033da   0x080033da   0x00000006   PAD
    0x080033e0   0x080033e0   0x00000008   Code   RO          420    .text.HAL_TIM_TriggerCallback  stm32f7xx_hal_tim.o
    0x080033e8   0x080033e8   0x0000000c   Code   RO         1392    .text.HAL_UARTEx_RxEventCallback  stm32f7xx_hal_uart.o
    0x080033f4   0x080033f4   0x00000004   PAD
    0x080033f8   0x080033f8   0x00000008   Code   RO         1394    .text.HAL_UARTEx_WakeupCallback  stm32f7xx_hal_uart.o
    0x08003400   0x08003400   0x00000008   Code   RO         1390    .text.HAL_UART_ErrorCallback  stm32f7xx_hal_uart.o
    0x08003408   0x08003408   0x00000512   Code   RO         1386    .text.HAL_UART_IRQHandler  stm32f7xx_hal_uart.o
    0x0800391a   0x0800391a   0x00000006   PAD
    0x08003920   0x08003920   0x000000a6   Code   RO         1302    .text.HAL_UART_Init  stm32f7xx_hal_uart.o
    0x080039c6   0x080039c6   0x00000002   PAD
    0x080039c8   0x080039c8   0x000000be   Code   RO           97    .text.HAL_UART_MspInit  usart.o
    0x08003a86   0x08003a86   0x00000002   PAD
    0x08003a88   0x08003a88   0x0000008c   Code   RO         1334    .text.HAL_UART_Receive_IT  stm32f7xx_hal_uart.o
    0x08003b14   0x08003b14   0x00000004   PAD
    0x08003b18   0x08003b18   0x00000052   Code   RO          101    .text.HAL_UART_RxCpltCallback  usart.o
    0x08003b6a   0x08003b6a   0x00000006   PAD
    0x08003b70   0x08003b70   0x0000012e   Code   RO         1322    .text.HAL_UART_Transmit  stm32f7xx_hal_uart.o
    0x08003c9e   0x08003c9e   0x00000002   PAD
    0x08003ca0   0x08003ca0   0x00000008   Code   RO         1398    .text.HAL_UART_TxCpltCallback  stm32f7xx_hal_uart.o
    0x08003ca8   0x08003ca8   0x0000003e   Code   RO         2914    .text.HID_EventQueue_Init  app_init.o
    0x08003ce6   0x08003ce6   0x00000002   PAD
    0x08003ce8   0x08003ce8   0x00000096   Code   RO           46    .text.HID_parser_task  freertos.o
    0x08003d7e   0x08003d7e   0x00000002   PAD
    0x08003d80   0x08003d80   0x00000004   Code   RO          133    .text.HardFault_Handler  stm32f7xx_it.o
    0x08003d84   0x08003d84   0x00000004   PAD
    0x08003d88   0x08003d88   0x00000052   Code   RO         2977    .text.LCD_Clear     lcd.o
    0x08003dda   0x08003dda   0x00000006   PAD
    0x08003de0   0x08003de0   0x000000ba   Code   RO         2981    .text.LCD_Color_Fill  lcd.o
    0x08003e9a   0x08003e9a   0x00000006   PAD
    0x08003ea0   0x08003ea0   0x00000212   Code   RO         2967    .text.LCD_Display_Dir  lcd.o
    0x080040b2   0x080040b2   0x00000006   PAD
    0x080040b8   0x080040b8   0x00000166   Code   RO         2963    .text.LCD_Fast_DrawPoint  lcd.o
    0x0800421e   0x0800421e   0x00000002   PAD
    0x08004220   0x08004220   0x00002bd4   Code   RO         2975    .text.LCD_Init      lcd.o
    0x08006df4   0x08006df4   0x00000004   PAD
    0x08006df8   0x08006df8   0x0000004e   Code   RO         2971    .text.LCD_MPU_Config  lcd.o
    0x08006e46   0x08006e46   0x00000002   PAD
    0x08006e48   0x08006e48   0x00000016   Code   RO         2937    .text.LCD_RD_DATA   lcd.o
    0x08006e5e   0x08006e5e   0x00000002   PAD
    0x08006e60   0x08006e60   0x00000060   Code   RO         2965    .text.LCD_SSD_BackLightSet  lcd.o
    0x08006ec0   0x08006ec0   0x0000035c   Code   RO         2959    .text.LCD_Scan_Dir  lcd.o
    0x0800721c   0x0800721c   0x00000004   PAD
    0x08007220   0x08007220   0x00000188   Code   RO         2953    .text.LCD_SetCursor  lcd.o
    0x080073a8   0x080073a8   0x000001ea   Code   RO         2989    .text.LCD_ShowChar  lcd.o
    0x08007592   0x08007592   0x00000006   PAD
    0x08007598   0x08007598   0x000000da   Code   RO         2997    .text.LCD_ShowString  lcd.o
    0x08007672   0x08007672   0x00000006   PAD
    0x08007678   0x08007678   0x0000001e   Code   RO         2935    .text.LCD_WR_DATA   lcd.o
    0x08007696   0x08007696   0x00000002   PAD
    0x08007698   0x08007698   0x00000020   Code   RO         2933    .text.LCD_WR_REG    lcd.o
    0x080076b8   0x080076b8   0x00000016   Code   RO         2943    .text.LCD_WriteRAM_Prepare  lcd.o
    0x080076ce   0x080076ce   0x00000002   PAD
    0x080076d0   0x080076d0   0x00000028   Code   RO         2939    .text.LCD_WriteReg  lcd.o
    0x080076f8   0x080076f8   0x00000058   Code   RO           29    .text.LED_Init      gpio.o
    0x08007750   0x08007750   0x0000006a   Code   RO           40    .text.MX_FREERTOS_Init  freertos.o
    0x080077ba   0x080077ba   0x00000006   PAD
    0x080077c0   0x080077c0   0x00000060   Code   RO           31    .text.MX_GPIO_Init  gpio.o
    0x08007820   0x08007820   0x00000024   Code   RO           67    .text.MX_RNG_Init   rng.o
    0x08007844   0x08007844   0x00000004   PAD
    0x08007848   0x08007848   0x0000005c   Code   RO           81    .text.MX_TIM7_Init  tim.o
    0x080078a4   0x080078a4   0x00000004   PAD
    0x080078a8   0x080078a8   0x0000005a   Code   RO           95    .text.MX_USART1_UART_Init  usart.o
    0x08007902   0x08007902   0x00000006   PAD
    0x08007908   0x08007908   0x00000032   Code   RO          117    .text.MX_USB_OTG_FS_HCD_Init  usb_otg.o
    0x0800793a   0x0800793a   0x00000006   PAD
    0x08007940   0x08007940   0x00000004   Code   RO          135    .text.MemManage_Handler  stm32f7xx_it.o
    0x08007944   0x08007944   0x00000004   PAD
    0x08007948   0x08007948   0x0000000a   Code   RO          131    .text.NMI_Handler   stm32f7xx_it.o
    0x08007952   0x08007952   0x00000006   PAD
    0x08007958   0x08007958   0x0000006c   Code   RO          632    .text.NVIC_EncodePriority  stm32f7xx_hal_cortex.o
    0x080079c4   0x080079c4   0x00000004   PAD
    0x080079c8   0x080079c8   0x0000000c   Code   RO         2330    .text.OTG_FS_IRQHandler  family.o
    0x080079d4   0x080079d4   0x00000004   PAD
    0x080079d8   0x080079d8   0x0000000c   Code   RO         2332    .text.OTG_HS_IRQHandler  family.o
    0x080079e4   0x080079e4   0x0000000c   PAD
    0x080079f0   0x080079f0   0x00000064   Code   RO         2314    .text.PendSV_Handler  port.o
    0x08007a54   0x08007a54   0x0000000c   PAD
    0x08007a60   0x08007a60   0x00000024   Code   RO         2298    .text.SVC_Handler   port.o
    0x08007a84   0x08007a84   0x00000004   PAD
    0x08007a88   0x08007a88   0x00000002   Code   RO         2130    .text.SVC_Setup     cmsis_os2.o
    0x08007a8a   0x08007a8a   0x00000006   PAD
    0x08007a90   0x08007a90   0x00000040   Code   RO         2316    .text.SysTick_Handler  port.o
    0x08007ad0   0x08007ad0   0x000000ca   Code   RO           13    .text.SystemClock_Config  main.o
    0x08007b9a   0x08007b9a   0x00000006   PAD
    0x08007ba0   0x08007ba0   0x00000012   Code   RO         1690    .text.SystemInit    system_stm32f7xx.o
    0x08007bb2   0x08007bb2   0x00000006   PAD
    0x08007bb8   0x08007bb8   0x00000010   Code   RO          145    .text.TIM6_DAC_IRQHandler  stm32f7xx_it.o
    0x08007bc8   0x08007bc8   0x00000010   Code   RO          147    .text.TIM7_IRQHandler  stm32f7xx_it.o
    0x08007bd8   0x08007bd8   0x000001a4   Code   RO          280    .text.TIM_Base_SetConfig  stm32f7xx_hal_tim.o
    0x08007d7c   0x08007d7c   0x00000004   PAD
    0x08007d80   0x08007d80   0x0000002e   Code   RO           42    .text.TinyUSB_Task  freertos.o
    0x08007dae   0x08007dae   0x00000002   PAD
    0x08007db0   0x08007db0   0x00000148   Code   RO         1306    .text.UART_AdvFeatureConfig  stm32f7xx_hal_uart.o
    0x08007ef8   0x08007ef8   0x00000142   Code   RO         1310    .text.UART_CheckIdleState  stm32f7xx_hal_uart.o
    0x0800803a   0x0800803a   0x00000006   PAD
    0x08008040   0x08008040   0x0000001e   Code   RO         1388    .text.UART_DMAAbortOnError  stm32f7xx_hal_uart.o
    0x0800805e   0x0800805e   0x00000002   PAD
    0x08008060   0x08008060   0x00000098   Code   RO         1358    .text.UART_EndRxTransfer  stm32f7xx_hal_uart.o
    0x080080f8   0x080080f8   0x00000042   Code   RO         1396    .text.UART_EndTransmit_IT  stm32f7xx_hal_uart.o
    0x0800813a   0x0800813a   0x00000006   PAD
    0x08008140   0x08008140   0x00000170   Code   RO         1428    .text.UART_RxISR_16BIT  stm32f7xx_hal_uart.o
    0x080082b0   0x080082b0   0x0000016c   Code   RO         1430    .text.UART_RxISR_8BIT  stm32f7xx_hal_uart.o
    0x0800841c   0x0800841c   0x00000004   PAD
    0x08008420   0x08008420   0x00000540   Code   RO         1308    .text.UART_SetConfig  stm32f7xx_hal_uart.o
    0x08008960   0x08008960   0x0000017c   Code   RO         1336    .text.UART_Start_Receive_IT  stm32f7xx_hal_uart.o
    0x08008adc   0x08008adc   0x00000004   PAD
    0x08008ae0   0x08008ae0   0x0000010c   Code   RO         1324    .text.UART_WaitOnFlagUntilTimeout  stm32f7xx_hal_uart.o
    0x08008bec   0x08008bec   0x00000004   PAD
    0x08008bf0   0x08008bf0   0x00000010   Code   RO          143    .text.USART1_IRQHandler  stm32f7xx_it.o
    0x08008c00   0x08008c00   0x000000c0   Code   RO         1541    .text.USB_CoreInit  stm32f7xx_ll_usb.o
    0x08008cc0   0x08008cc0   0x00000086   Code   RO         1543    .text.USB_CoreReset  stm32f7xx_ll_usb.o
    0x08008d46   0x08008d46   0x00000002   PAD
    0x08008d48   0x08008d48   0x00000014   Code   RO         1549    .text.USB_DisableGlobalInt  stm32f7xx_ll_usb.o
    0x08008d5c   0x08008d5c   0x00000004   PAD
    0x08008d60   0x08008d60   0x00000074   Code   RO         1561    .text.USB_FlushRxFifo  stm32f7xx_ll_usb.o
    0x08008dd4   0x08008dd4   0x00000004   PAD
    0x08008dd8   0x08008dd8   0x0000007a   Code   RO         1559    .text.USB_FlushTxFifo  stm32f7xx_ll_usb.o
    0x08008e52   0x08008e52   0x00000006   PAD
    0x08008e58   0x08008e58   0x00000010   Code   RO         1553    .text.USB_GetMode   stm32f7xx_ll_usb.o
    0x08008e68   0x08008e68   0x00000172   Code   RO         1611    .text.USB_HostInit  stm32f7xx_ll_usb.o
    0x08008fda   0x08008fda   0x00000006   PAD
    0x08008fe0   0x08008fe0   0x000000de   Code   RO         1551    .text.USB_SetCurrentMode  stm32f7xx_ll_usb.o
    0x080090be   0x080090be   0x00000002   PAD
    0x080090c0   0x080090c0   0x00000004   Code   RO          139    .text.UsageFault_Handler  stm32f7xx_it.o
    0x080090c4   0x080090c4   0x00000004   PAD
    0x080090c8   0x080090c8   0x00000038   Code   RO         2866    .text.__NVIC_DisableIRQ  hcd_dwc2.o
    0x08009100   0x08009100   0x00000030   Code   RO          636    .text.__NVIC_EnableIRQ  stm32f7xx_hal_cortex.o
    0x08009130   0x08009130   0x00000030   Code   RO         2864    .text.__NVIC_EnableIRQ  hcd_dwc2.o
    0x08009160   0x08009160   0x00000010   Code   RO          628    .text.__NVIC_GetPriorityGrouping  stm32f7xx_hal_cortex.o
    0x08009170   0x08009170   0x00000042   Code   RO          630    .text.__NVIC_SetPriority  stm32f7xx_hal_cortex.o
    0x080091b2   0x080091b2   0x00000006   PAD
    0x080091b8   0x080091b8   0x0000003c   Code   RO          624    .text.__NVIC_SetPriorityGrouping  stm32f7xx_hal_cortex.o
    0x080091f4   0x080091f4   0x00000004   PAD
    0x080091f8   0x080091f8   0x00000010   Code   RO         2696    .text._control_blocking_complete_cb  usbh.o
    0x08009208   0x08009208   0x0000011a   Code   RO         2754    .text._control_xfer_complete  usbh.o
    0x08009322   0x08009322   0x00000006   PAD
    0x08009328   0x08009328   0x00000088   Code   RO         2524    .text._hidh_set_idle  hid_host.o
    0x080093b0   0x080093b0   0x00000088   Code   RO         2482    .text._hidh_set_protocol  hid_host.o
    0x08009438   0x08009438   0x000000d8   Code   RO         2334    .text.board_init    family.o
    0x08009510   0x08009510   0x0000041c   Code   RO         2878    .text.channel_xfer_in_retry  hcd_dwc2.o
    0x0800992c   0x0800992c   0x00000004   PAD
    0x08009930   0x08009930   0x00000108   Code   RO         2876    .text.channel_xfer_out_wrapup  hcd_dwc2.o
    0x08009a38   0x08009a38   0x00000462   Code   RO         2868    .text.channel_xfer_start  hcd_dwc2.o
    0x08009e9a   0x08009e9a   0x00000006   PAD
    0x08009ea0   0x08009ea0   0x0000008a   Code   RO         2789    .text.check_dwc2    dwc2_common.o
    0x08009f2a   0x08009f2a   0x00000006   PAD
    0x08009f30   0x08009f30   0x0000002e   Code   RO         3042    .text.chip8_clear_key  chip8.o
    0x08009f5e   0x08009f5e   0x00000002   PAD
    0x08009f60   0x08009f60   0x0000001a   Code   RO         3038    .text.chip8_clear_screen  chip8.o
    0x08009f7a   0x08009f7a   0x00000006   PAD
    0x08009f80   0x08009f80   0x00000122   Code   RO         3040    .text.chip8_draw    chip8.o
    0x0800a0a2   0x0800a0a2   0x00000006   PAD
    0x0800a0a8   0x0800a0a8   0x0000003c   Code   RO         3032    .text.chip8_init    chip8.o
    0x0800a0e4   0x0800a0e4   0x00000004   PAD
    0x0800a0e8   0x0800a0e8   0x0000002e   Code   RO         3034    .text.chip8_load_rom  chip8.o
    0x0800a116   0x0800a116   0x00000002   PAD
    0x0800a118   0x0800a118   0x00000050   Code   RO         3044    .text.chip8_set_key  chip8.o
    0x0800a168   0x0800a168   0x00000748   Code   RO         3036    .text.chip8_step    chip8.o
    0x0800a8b0   0x0800a8b0   0x00000040   Code   RO         3046    .text.chip8_timer_tick  chip8.o
    0x0800a8f0   0x0800a8f0   0x00000042   Code   RO         2678    .text.clear_device  usbh.o
    0x0800a932   0x0800a932   0x00000006   PAD
    0x0800a938   0x0800a938   0x000000da   Code   RO         2526    .text.config_driver_mount_complete  hid_host.o
    0x0800aa12   0x0800aa12   0x00000006   PAD
    0x0800aa18   0x0800aa18   0x000000fa   Code   RO         2620    .text.config_port_power_complete  hub.o
    0x0800ab12   0x0800ab12   0x00000006   PAD
    0x0800ab18   0x0800ab18   0x000000c2   Code   RO         2614    .text.config_set_port_power  hub.o
    0x0800abda   0x0800abda   0x00000006   PAD
    0x0800abe0   0x0800abe0   0x00000020   Code   RO         3022    .text.delay_ms      sys.o
    0x0800ac00   0x0800ac00   0x0000002e   Code   RO         3020    .text.delay_us      sys.o
    0x0800ac2e   0x0800ac2e   0x00000002   PAD
    0x0800ac30   0x0800ac30   0x000001b6   Code   RO         2818    .text.dfifo_host_init  hcd_dwc2.o
    0x0800ade6   0x0800ade6   0x00000002   PAD
    0x0800ade8   0x0800ade8   0x0000009e   Code   RO         2795    .text.dfifo_read_packet  dwc2_common.o
    0x0800ae86   0x0800ae86   0x00000002   PAD
    0x0800ae88   0x0800ae88   0x000000a2   Code   RO         2797    .text.dfifo_write_packet  dwc2_common.o
    0x0800af2a   0x0800af2a   0x00000006   PAD
    0x0800af30   0x0800af30   0x00000094   Code   RO         2371    .text.diff_report   hid_app.o
    0x0800afc4   0x0800afc4   0x00000004   PAD
    0x0800afc8   0x0800afc8   0x0000003e   Code   RO         2373    .text.diff_than_2   hid_app.o
    0x0800b006   0x0800b006   0x00000002   PAD
    0x0800b008   0x0800b008   0x00000144   Code   RO         2787    .text.dwc2_core_init  dwc2_common.o
    0x0800b14c   0x0800b14c   0x00000004   PAD
    0x0800b150   0x0800b150   0x0000003a   Code   RO         2785    .text.dwc2_core_is_highspeed  dwc2_common.o
    0x0800b18a   0x0800b18a   0x00000006   PAD
    0x0800b190   0x0800b190   0x00000062   Code   RO         2799    .text.dwc2_phy_init  dwc2_common.o
    0x0800b1f2   0x0800b1f2   0x00000006   PAD
    0x0800b1f8   0x0800b1f8   0x00000150   Code   RO         2803    .text.dwc2_phy_update  dwc2_common.o
    0x0800b348   0x0800b348   0x00000166   Code   RO         2836    .text.edpt_close    hcd_dwc2.o
    0x0800b4ae   0x0800b4ae   0x00000002   PAD
    0x0800b4b0   0x0800b4b0   0x00000138   Code   RO         2844    .text.edpt_xfer_kickoff  hcd_dwc2.o
    0x0800b5e8   0x0800b5e8   0x00000038   Code   RO         2752    .text.enum_full_complete  usbh.o
    0x0800b620   0x0800b620   0x00000090   Code   RO         2760    .text.enum_get_new_address  usbh.o
    0x0800b6b0   0x0800b6b0   0x00000142   Code   RO         2690    .text.enum_new_device  usbh.o
    0x0800b7f2   0x0800b7f2   0x00000006   PAD
    0x0800b7f8   0x0800b7f8   0x00000220   Code   RO         2762    .text.enum_parse_configuration_desc  usbh.o
    0x0800ba18   0x0800ba18   0x0000005e   Code   RO         2516    .text.find_new_itf  hid_host.o
    0x0800ba76   0x0800ba76   0x00000002   PAD
    0x0800ba78   0x0800ba78   0x00000022   Code   RO          103    .text.fputc         usart.o
    0x0800ba9a   0x0800ba9a   0x00000006   PAD
    0x0800baa0   0x0800baa0   0x00000084   Code   RO         2510    .text.get_idx_by_epaddr  hid_host.o
    0x0800bb24   0x0800bb24   0x00000004   PAD
    0x0800bb28   0x0800bb28   0x000006f0   Code   RO         2874    .text.handle_channel_in_slave  hcd_dwc2.o
    0x0800c218   0x0800c218   0x000002a6   Code   RO         2858    .text.handle_channel_irq  hcd_dwc2.o
    0x0800c4be   0x0800c4be   0x00000002   PAD
    0x0800c4c0   0x0800c4c0   0x000004e4   Code   RO         2872    .text.handle_channel_out_slave  hcd_dwc2.o
    0x0800c9a4   0x0800c9a4   0x00000004   PAD
    0x0800c9a8   0x0800c9a8   0x0000014e   Code   RO         2856    .text.handle_hprt_irq  hcd_dwc2.o
    0x0800caf6   0x0800caf6   0x00000002   PAD
    0x0800caf8   0x0800caf8   0x00000152   Code   RO         2860    .text.handle_rxflvl_irq  hcd_dwc2.o
    0x0800cc4a   0x0800cc4a   0x00000006   PAD
    0x0800cc50   0x0800cc50   0x000001aa   Code   RO         2854    .text.handle_sof_irq  hcd_dwc2.o
    0x0800cdfa   0x0800cdfa   0x00000006   PAD
    0x0800ce00   0x0800ce00   0x0000020c   Code   RO         2862    .text.handle_txfifo_empty  hcd_dwc2.o
    0x0800d00c   0x0800d00c   0x00000004   PAD
    0x0800d010   0x0800d010   0x0000000c   Code   RO         2644    .text.hcd_dcache_clean  usbh.o
    0x0800d01c   0x0800d01c   0x00000004   PAD
    0x0800d020   0x0800d020   0x000000a0   Code   RO         2834    .text.hcd_device_close  hcd_dwc2.o
    0x0800d0c0   0x0800d0c0   0x0000030a   Code   RO         2846    .text.hcd_edpt_abort_xfer  hcd_dwc2.o
    0x0800d3ca   0x0800d3ca   0x00000006   PAD
    0x0800d3d0   0x0800d3d0   0x000003c2   Code   RO         2838    .text.hcd_edpt_open  hcd_dwc2.o
    0x0800d792   0x0800d792   0x00000006   PAD
    0x0800d798   0x0800d798   0x000001e2   Code   RO         2842    .text.hcd_edpt_xfer  hcd_dwc2.o
    0x0800d97a   0x0800d97a   0x00000006   PAD
    0x0800d980   0x0800d980   0x00000154   Code   RO         2726    .text.hcd_event_handler  usbh.o
    0x0800dad4   0x0800dad4   0x00000004   PAD
    0x0800dad8   0x0800dad8   0x0000015c   Code   RO         2816    .text.hcd_init      hcd_dwc2.o
    0x0800dc34   0x0800dc34   0x00000004   PAD
    0x0800dc38   0x0800dc38   0x00000054   Code   RO         2820    .text.hcd_int_enable  hcd_dwc2.o
    0x0800dc8c   0x0800dc8c   0x00000004   PAD
    0x0800dc90   0x0800dc90   0x000001cc   Code   RO         2852    .text.hcd_int_handler  hcd_dwc2.o
    0x0800de5c   0x0800de5c   0x00000004   PAD
    0x0800de60   0x0800de60   0x00000040   Code   RO         2826    .text.hcd_port_connect_status  hcd_dwc2.o
    0x0800dea0   0x0800dea0   0x00000052   Code   RO         2828    .text.hcd_port_reset  hcd_dwc2.o
    0x0800def2   0x0800def2   0x00000006   PAD
    0x0800def8   0x0800def8   0x00000052   Code   RO         2830    .text.hcd_port_reset_end  hcd_dwc2.o
    0x0800df4a   0x0800df4a   0x00000006   PAD
    0x0800df50   0x0800df50   0x000000a6   Code   RO         2832    .text.hcd_port_speed_get  hcd_dwc2.o
    0x0800dff6   0x0800dff6   0x00000002   PAD
    0x0800dff8   0x0800dff8   0x0000015c   Code   RO         2848    .text.hcd_setup_send  hcd_dwc2.o
    0x0800e154   0x0800e154   0x00000004   PAD
    0x0800e158   0x0800e158   0x0000007c   Code   RO         2923    .text.hid_parse_report  hid_report_parser.o
    0x0800e1d4   0x0800e1d4   0x00000004   PAD
    0x0800e1d8   0x0800e1d8   0x0000006a   Code   RO         2512    .text.hidh_close    hid_host.o
    0x0800e242   0x0800e242   0x00000006   PAD
    0x0800e248   0x0800e248   0x00000004   Code   RO         2506    .text.hidh_deinit   hid_host.o
    0x0800e24c   0x0800e24c   0x00000004   PAD
    0x0800e250   0x0800e250   0x00000014   Code   RO         2504    .text.hidh_init     hid_host.o
    0x0800e264   0x0800e264   0x00000004   PAD
    0x0800e268   0x0800e268   0x000002dc   Code   RO         2514    .text.hidh_open     hid_host.o
    0x0800e544   0x0800e544   0x00000004   PAD
    0x0800e548   0x0800e548   0x00000034   Code   RO         2518    .text.hidh_set_config  hid_host.o
    0x0800e57c   0x0800e57c   0x00000004   PAD
    0x0800e580   0x0800e580   0x00000140   Code   RO         2508    .text.hidh_xfer_cb  hid_host.o
    0x0800e6c0   0x0800e6c0   0x00000048   Code   RO         2608    .text.hub_close     hub.o
    0x0800e708   0x0800e708   0x00000004   Code   RO         2604    .text.hub_deinit    hub.o
    0x0800e70c   0x0800e70c   0x00000004   PAD
    0x0800e710   0x0800e710   0x000000be   Code   RO         2610    .text.hub_edpt_status_xfer  hub.o
    0x0800e7ce   0x0800e7ce   0x00000002   PAD
    0x0800e7d0   0x0800e7d0   0x00000012   Code   RO         2602    .text.hub_init      hub.o
    0x0800e7e2   0x0800e7e2   0x00000006   PAD
    0x0800e7e8   0x0800e7e8   0x00000182   Code   RO         2606    .text.hub_open      hub.o
    0x0800e96a   0x0800e96a   0x00000006   PAD
    0x0800e970   0x0800e970   0x000000e0   Code   RO         2592    .text.hub_port_clear_feature  hub.o
    0x0800ea50   0x0800ea50   0x000000fa   Code   RO         2596    .text.hub_port_get_status  hub.o
    0x0800eb4a   0x0800eb4a   0x00000006   PAD
    0x0800eb50   0x0800eb50   0x00000036   Code   RO         2600    .text.hub_port_get_status_local  hub.o
    0x0800eb86   0x0800eb86   0x00000002   PAD
    0x0800eb88   0x0800eb88   0x000000e0   Code   RO         2594    .text.hub_port_set_feature  hub.o
    0x0800ec68   0x0800ec68   0x00000126   Code   RO         2612    .text.hub_set_config  hub.o
    0x0800ed8e   0x0800ed8e   0x00000002   PAD
    0x0800ed90   0x0800ed90   0x00000196   Code   RO         2616    .text.hub_xfer_cb   hub.o
    0x0800ef26   0x0800ef26   0x00000002   PAD
    0x0800ef28   0x0800ef28   0x000000b6   Code   RO         2363    .text.is_sony_ds4   hid_app.o
    0x0800efde   0x0800efde   0x00000002   PAD
    0x0800efe0   0x0800efe0   0x00000044   Code   RO           11    .text.main          main.o
    0x0800f024   0x0800f024   0x00000004   PAD
    0x0800f028   0x0800f028   0x0000005c   Code   RO         2182    .text.osDelay       cmsis_os2.o
    0x0800f084   0x0800f084   0x00000004   PAD
    0x0800f088   0x0800f088   0x0000006e   Code   RO         2122    .text.osKernelInitialize  cmsis_os2.o
    0x0800f0f6   0x0800f0f6   0x00000002   PAD
    0x0800f0f8   0x0800f0f8   0x0000007a   Code   RO         2128    .text.osKernelStart  cmsis_os2.o
    0x0800f172   0x0800f172   0x00000006   PAD
    0x0800f178   0x0800f178   0x00000184   Code   RO         2146    .text.osThreadNew   cmsis_os2.o
    0x0800f2fc   0x0800f2fc   0x00000004   PAD
    0x0800f300   0x0800f300   0x0000004c   Code   RO         2793    .text.phy_fs_init   dwc2_common.o
    0x0800f34c   0x0800f34c   0x00000004   PAD
    0x0800f350   0x0800f350   0x000000ea   Code   RO         2791    .text.phy_hs_init   dwc2_common.o
    0x0800f43a   0x0800f43a   0x00000006   PAD
    0x0800f440   0x0800f440   0x000000e2   Code   RO         2870    .text.port0_enable  hcd_dwc2.o
    0x0800f522   0x0800f522   0x00000006   PAD
    0x0800f528   0x0800f528   0x0000005c   Code   RO         2598    .text.port_get_status_complete  hub.o
    0x0800f584   0x0800f584   0x00000004   PAD
    0x0800f588   0x0800f588   0x00000db8   Code   RO         2756    .text.process_enumeration  usbh.o
    0x08010340   0x08010340   0x000002d4   Code   RO         2618    .text.process_new_status  hub.o
    0x08010614   0x08010614   0x00000004   PAD
    0x08010618   0x08010618   0x00000174   Code   RO         2688    .text.process_remove_event  usbh.o
    0x0801078c   0x0801078c   0x00000004   PAD
    0x08010790   0x08010790   0x0000022a   Code   RO         2520    .text.process_set_config  hid_host.o
    0x080109ba   0x080109ba   0x00000006   PAD
    0x080109c0   0x080109c0   0x0000028a   Code   RO         2369    .text.process_sony_ds4  hid_app.o
    0x08010c4a   0x08010c4a   0x00000006   PAD
    0x08010c50   0x08010c50   0x000000d4   Code   RO         1922    .text.prvAddCurrentTaskToDelayedList  tasks.o
    0x08010d24   0x08010d24   0x00000004   PAD
    0x08010d28   0x08010d28   0x00000122   Code   RO         1908    .text.prvAddNewTaskToReadyList  tasks.o
    0x08010e4a   0x08010e4a   0x00000006   PAD
    0x08010e50   0x08010e50   0x000000a2   Code   RO         2055    .text.prvCheckForValidListAndQueue  timers.o
    0x08010ef2   0x08010ef2   0x00000006   PAD
    0x08010ef8   0x08010ef8   0x0000005a   Code   RO         2022    .text.prvCheckTasksWaitingTermination  tasks.o
    0x08010f52   0x08010f52   0x00000006   PAD
    0x08010f58   0x08010f58   0x00000042   Code   RO         1801    .text.prvCopyDataFromQueue  queue.o
    0x08010f9a   0x08010f9a   0x00000006   PAD
    0x08010fa0   0x08010fa0   0x000000cc   Code   RO         1789    .text.prvCopyDataToQueue  queue.o
    0x0801106c   0x0801106c   0x00000004   PAD
    0x08011070   0x08011070   0x00000062   Code   RO         1914    .text.prvDeleteTCB  tasks.o
    0x080110d2   0x080110d2   0x00000006   PAD
    0x080110d8   0x080110d8   0x00000026   Code   RO         1805    .text.prvGetDisinheritPriorityAfterTimeout  queue.o
    0x080110fe   0x080110fe   0x00000002   PAD
    0x08011100   0x08011100   0x00000040   Code   RO         2091    .text.prvGetNextExpireTime  timers.o
    0x08011140   0x08011140   0x000000bc   Code   RO         2269    .text.prvHeapInit   heap_4.o
    0x080111fc   0x080111fc   0x00000004   PAD
    0x08011200   0x08011200   0x00000038   Code   RO         1948    .text.prvIdleTask   tasks.o
    0x08011238   0x08011238   0x0000002c   Code   RO         1769    .text.prvInitialiseMutex  queue.o
    0x08011264   0x08011264   0x00000004   PAD
    0x08011268   0x08011268   0x00000048   Code   RO         1763    .text.prvInitialiseNewQueue  queue.o
    0x080112b0   0x080112b0   0x00000126   Code   RO         1906    .text.prvInitialiseNewTask  tasks.o
    0x080113d6   0x080113d6   0x00000002   PAD
    0x080113d8   0x080113d8   0x0000008e   Code   RO         2020    .text.prvInitialiseTaskLists  tasks.o
    0x08011466   0x08011466   0x00000002   PAD
    0x08011468   0x08011468   0x000000c6   Code   RO         2271    .text.prvInsertBlockIntoFreeList  heap_4.o
    0x0801152e   0x0801152e   0x00000002   PAD
    0x08011530   0x08011530   0x00000086   Code   RO         2103    .text.prvInsertTimerInActiveList  timers.o
    0x080115b6   0x080115b6   0x00000002   PAD
    0x080115b8   0x080115b8   0x00000028   Code   RO         1803    .text.prvIsQueueEmpty  queue.o
    0x080115e0   0x080115e0   0x0000002e   Code   RO         1791    .text.prvIsQueueFull  queue.o
    0x0801160e   0x0801160e   0x00000002   PAD
    0x08011610   0x08011610   0x00000028   Code   RO         2306    .text.prvPortStartFirstTask  port.o
    0x08011638   0x08011638   0x00000092   Code   RO         2099    .text.prvProcessExpiredTimer  timers.o
    0x080116ca   0x080116ca   0x00000006   PAD
    0x080116d0   0x080116d0   0x0000019e   Code   RO         2095    .text.prvProcessReceivedCommands  timers.o
    0x0801186e   0x0801186e   0x00000002   PAD
    0x08011870   0x08011870   0x0000009a   Code   RO         2093    .text.prvProcessTimerOrBlockTask  timers.o
    0x0801190a   0x0801190a   0x00000006   PAD
    0x08011910   0x08011910   0x00000046   Code   RO         1916    .text.prvResetNextTaskUnblockTime  tasks.o
    0x08011956   0x08011956   0x00000002   PAD
    0x08011958   0x08011958   0x00000044   Code   RO         2097    .text.prvSampleTimeNow  timers.o
    0x0801199c   0x0801199c   0x00000004   PAD
    0x080119a0   0x080119a0   0x000000d8   Code   RO         2101    .text.prvSwitchTimerLists  timers.o
    0x08011a78   0x08011a78   0x00000054   Code   RO         2296    .text.prvTaskExitError  port.o
    0x08011acc   0x08011acc   0x00000004   PAD
    0x08011ad0   0x08011ad0   0x0000001e   Code   RO         2057    .text.prvTimerTask  timers.o
    0x08011aee   0x08011aee   0x00000002   PAD
    0x08011af0   0x08011af0   0x000000ae   Code   RO         1793    .text.prvUnlockQueue  queue.o
    0x08011b9e   0x08011b9e   0x00000002   PAD
    0x08011ba0   0x08011ba0   0x000001ea   Code   RO         2267    .text.pvPortMalloc  heap_4.o
    0x08011d8a   0x08011d8a   0x00000006   PAD
    0x08011d90   0x08011d90   0x0000002c   Code   RO         2006    .text.pvTaskIncrementMutexHeldCount  tasks.o
    0x08011dbc   0x08011dbc   0x00000004   PAD
    0x08011dc0   0x08011dc0   0x0000005e   Code   RO         2294    .text.pxPortInitialiseStack  port.o
    0x08011e1e   0x08011e1e   0x00000002   PAD
    0x08011e20   0x08011e20   0x00000334   Code   RO         2682    .text.remove_device_tree  usbh.o
    0x08012154   0x08012154   0x00000004   PAD
    0x08012158   0x08012158   0x00000074   Code   RO         2801    .text.reset_core    dwc2_common.o
    0x080121cc   0x080121cc   0x00000004   PAD
    0x080121d0   0x080121d0   0x00000156   Code   RO         2417    .text.tu_bind_driver_to_ep_itf  tusb.o
    0x08012326   0x08012326   0x00000002   PAD
    0x08012328   0x08012328   0x00000100   Code   RO         2411    .text.tu_edpt_claim  tusb.o
    0x08012428   0x08012428   0x000000c8   Code   RO         2413    .text.tu_edpt_release  tusb.o
    0x080124f0   0x080124f0   0x000001de   Code   RO         2415    .text.tu_edpt_validate  tusb.o
    0x080126ce   0x080126ce   0x00000002   PAD
    0x080126d0   0x080126d0   0x000000ca   Code   RO         2744    .text.tuh_address_set  usbh.o
    0x0801279a   0x0801279a   0x00000006   PAD
    0x080127a0   0x080127a0   0x0000006e   Code   RO         2666    .text.tuh_bus_info_get  usbh.o
    0x0801280e   0x0801280e   0x00000002   PAD
    0x08012810   0x08012810   0x0000007a   Code   RO         2746    .text.tuh_configuration_set  usbh.o
    0x0801288a   0x0801288a   0x00000006   PAD
    0x08012890   0x08012890   0x0000008a   Code   RO         2658    .text.tuh_connected  usbh.o
    0x0801291a   0x0801291a   0x00000006   PAD
    0x08012920   0x08012920   0x00000452   Code   RO         2694    .text.tuh_control_xfer  usbh.o
    0x08012d72   0x08012d72   0x00000006   PAD
    0x08012d78   0x08012d78   0x000000ce   Code   RO         2728    .text.tuh_descriptor_get  usbh.o
    0x08012e46   0x08012e46   0x00000002   PAD
    0x08012e48   0x08012e48   0x00000046   Code   RO         2732    .text.tuh_descriptor_get_configuration  usbh.o
    0x08012e8e   0x08012e8e   0x00000002   PAD
    0x08012e90   0x08012e90   0x00000070   Code   RO         2730    .text.tuh_descriptor_get_device  usbh.o
    0x08012f00   0x08012f00   0x000000a2   Code   RO         2742    .text.tuh_descriptor_get_hid_report  usbh.o
    0x08012fa2   0x08012fa2   0x00000006   PAD
    0x08012fa8   0x08012fa8   0x000000cc   Code   RO         2734    .text.tuh_descriptor_get_string  usbh.o
    0x08013074   0x08013074   0x00000004   PAD
    0x08013078   0x08013078   0x00000210   Code   RO         2706    .text.tuh_edpt_abort_xfer  usbh.o
    0x08013288   0x08013288   0x000000c6   Code   RO         2720    .text.tuh_edpt_open  usbh.o
    0x0801334e   0x0801334e   0x00000002   PAD
    0x08013350   0x08013350   0x00000012   Code   RO         2640    .text.tuh_enum_descriptor_configuration_cb  usbh.o
    0x08013362   0x08013362   0x00000006   PAD
    0x08013368   0x08013368   0x0000000c   Code   RO         2638    .text.tuh_enum_descriptor_device_cb  usbh.o
    0x08013374   0x08013374   0x00000004   PAD
    0x08013378   0x08013378   0x00000010   Code   RO         2642    .text.tuh_event_hook_cb  usbh.o
    0x08013388   0x08013388   0x00000076   Code   RO         2472    .text.tuh_hid_itf_get_index  hid_host.o
    0x080133fe   0x080133fe   0x00000002   PAD
    0x08013400   0x08013400   0x000000f4   Code   RO         2361    .text.tuh_hid_mount_cb  hid_app.o
    0x080134f4   0x080134f4   0x00000004   PAD
    0x080134f8   0x080134f8   0x00000148   Code   RO         2496    .text.tuh_hid_receive_report  hid_host.o
    0x08013640   0x08013640   0x000000ba   Code   RO         2367    .text.tuh_hid_report_received_cb  hid_app.o
    0x080136fa   0x080136fa   0x00000006   PAD
    0x08013700   0x08013700   0x00000014   Code   RO         2456    .text.tuh_hid_report_sent_cb  hid_host.o
    0x08013714   0x08013714   0x00000004   PAD
    0x08013718   0x08013718   0x0000006a   Code   RO         2365    .text.tuh_hid_umount_cb  hid_app.o
    0x08013782   0x08013782   0x00000006   PAD
    0x08013788   0x08013788   0x00000012   Code   RO         2674    .text.tuh_inited    usbh.o
    0x0801379a   0x0801379a   0x00000006   PAD
    0x080137a0   0x080137a0   0x0000000a   Code   RO         2652    .text.tuh_mount_cb  usbh.o
    0x080137aa   0x080137aa   0x00000006   PAD
    0x080137b0   0x080137b0   0x000002c8   Code   RO         2676    .text.tuh_rhport_init  usbh.o
    0x08013a78   0x08013a78   0x00000020   Code   RO         2668    .text.tuh_rhport_is_active  usbh.o
    0x08013a98   0x08013a98   0x0000001a   Code   RO         2664    .text.tuh_speed_get  usbh.o
    0x08013ab2   0x08013ab2   0x00000006   PAD
    0x08013ab8   0x08013ab8   0x0000003a   Code   RO         2684    .text.tuh_task_event_ready  usbh.o
    0x08013af2   0x08013af2   0x00000006   PAD
    0x08013af8   0x08013af8   0x00000436   Code   RO         2686    .text.tuh_task_ext  usbh.o
    0x08013f2e   0x08013f2e   0x00000002   PAD
    0x08013f30   0x08013f30   0x0000000a   Code   RO         2654    .text.tuh_umount_cb  usbh.o
    0x08013f3a   0x08013f3a   0x00000006   PAD
    0x08013f40   0x08013f40   0x00000098   Code   RO         2660    .text.tuh_vid_pid_get  usbh.o
    0x08013fd8   0x08013fd8   0x00000046   Code   RO         2401    .text.tusb_int_handler  tusb.o
    0x0801401e   0x0801401e   0x00000002   PAD
    0x08014020   0x08014020   0x000000d4   Code   RO         2397    .text.tusb_rhport_init  tusb.o
    0x080140f4   0x080140f4   0x00000004   PAD
    0x080140f8   0x080140f8   0x00000028   Code   RO         2391    .text.tusb_time_delay_ms_api  tusb.o
    0x08014120   0x08014120   0x0000000e   Code   RO         2650    .text.usbh_app_driver_get_cb  usbh.o
    0x0801412e   0x0801412e   0x00000002   PAD
    0x08014130   0x08014130   0x000005d0   Code   RO         2692    .text.usbh_control_xfer_cb  usbh.o
    0x08014700   0x08014700   0x0000013c   Code   RO         2750    .text.usbh_driver_set_config_complete  usbh.o
    0x0801483c   0x0801483c   0x00000004   PAD
    0x08014840   0x08014840   0x00000100   Code   RO         2700    .text.usbh_edpt_claim  usbh.o
    0x08014940   0x08014940   0x00000064   Code   RO         2758    .text.usbh_edpt_control_open  usbh.o
    0x080149a4   0x080149a4   0x00000004   PAD
    0x080149a8   0x080149a8   0x000000cc   Code   RO         2704    .text.usbh_edpt_release  usbh.o
    0x08014a74   0x08014a74   0x00000004   PAD
    0x08014a78   0x08014a78   0x00000150   Code   RO         2702    .text.usbh_edpt_xfer_with_callback  usbh.o
    0x08014bc8   0x08014bc8   0x0000000c   Code   RO         2710    .text.usbh_get_enum_buf  usbh.o
    0x08014bd4   0x08014bd4   0x00000004   PAD
    0x08014bd8   0x08014bd8   0x0000001a   Code   RO         2708    .text.usbh_get_rhport  usbh.o
    0x08014bf2   0x08014bf2   0x00000006   PAD
    0x08014bf8   0x08014bf8   0x00000048   Code   RO         1750    .text.uxListRemove  list.o
    0x08014c40   0x08014c40   0x0000003a   Code   RO         1813    .text.uxQueueMessagesWaiting  queue.o
    0x08014c7a   0x08014c7a   0x00000006   PAD
    0x08014c80   0x08014c80   0x0000002a   Code   RO         2250    .text.vApplicationGetIdleTaskMemory  cmsis_os2.o
    0x08014caa   0x08014caa   0x00000006   PAD
    0x08014cb0   0x08014cb0   0x0000002c   Code   RO         2252    .text.vApplicationGetTimerTaskMemory  cmsis_os2.o
    0x08014cdc   0x08014cdc   0x00000004   PAD
    0x08014ce0   0x08014ce0   0x0000002e   Code   RO         1742    .text.vListInitialise  list.o
    0x08014d0e   0x08014d0e   0x00000002   PAD
    0x08014d10   0x08014d10   0x0000000e   Code   RO         1744    .text.vListInitialiseItem  list.o
    0x08014d1e   0x08014d1e   0x00000002   PAD
    0x08014d20   0x08014d20   0x0000006a   Code   RO         1748    .text.vListInsert   list.o
    0x08014d8a   0x08014d8a   0x00000006   PAD
    0x08014d90   0x08014d90   0x0000003a   Code   RO         1746    .text.vListInsertEnd  list.o
    0x08014dca   0x08014dca   0x00000006   PAD
    0x08014dd0   0x08014dd0   0x00000014   Code   RO         2304    .text.vPortEnableVFP  port.o
    0x08014de4   0x08014de4   0x00000004   PAD
    0x08014de8   0x08014de8   0x0000005e   Code   RO         2310    .text.vPortEnterCritical  port.o
    0x08014e46   0x08014e46   0x00000002   PAD
    0x08014e48   0x08014e48   0x0000004e   Code   RO         2312    .text.vPortExitCritical  port.o
    0x08014e96   0x08014e96   0x00000002   PAD
    0x08014e98   0x08014e98   0x000000c8   Code   RO         2273    .text.vPortFree     heap_4.o
    0x08014f60   0x08014f60   0x00000044   Code   RO         2302    .text.vPortSetupTimerInterrupt  port.o
    0x08014fa4   0x08014fa4   0x00000004   PAD
    0x08014fa8   0x08014fa8   0x0000008c   Code   RO         2318    .text.vPortValidateInterruptPriority  port.o
    0x08015034   0x08015034   0x00000004   PAD
    0x08015038   0x08015038   0x00000052   Code   RO         1833    .text.vQueueAddToRegistry  queue.o
    0x0801508a   0x0801508a   0x00000006   PAD
    0x08015090   0x08015090   0x00000064   Code   RO         1837    .text.vQueueWaitForMessageRestricted  queue.o
    0x080150f4   0x080150f4   0x00000004   PAD
    0x080150f8   0x080150f8   0x00000072   Code   RO         1926    .text.vTaskDelay    tasks.o
    0x0801516a   0x0801516a   0x00000006   PAD
    0x08015170   0x08015170   0x00000024   Code   RO         1978    .text.vTaskInternalSetTimeOutState  tasks.o
    0x08015194   0x08015194   0x00000004   PAD
    0x08015198   0x08015198   0x0000000e   Code   RO         1982    .text.vTaskMissedYield  tasks.o
    0x080151a6   0x080151a6   0x00000002   PAD
    0x080151a8   0x080151a8   0x00000046   Code   RO         1966    .text.vTaskPlaceOnEventList  tasks.o
    0x080151ee   0x080151ee   0x00000002   PAD
    0x080151f0   0x080151f0   0x00000056   Code   RO         1970    .text.vTaskPlaceOnEventListRestricted  tasks.o
    0x08015246   0x08015246   0x00000002   PAD
    0x08015248   0x08015248   0x0000013c   Code   RO         2002    .text.vTaskPriorityDisinheritAfterTimeout  tasks.o
    0x08015384   0x08015384   0x00000004   PAD
    0x08015388   0x08015388   0x000000e8   Code   RO         1946    .text.vTaskStartScheduler  tasks.o
    0x08015470   0x08015470   0x00000010   Code   RO         1920    .text.vTaskSuspendAll  tasks.o
    0x08015480   0x08015480   0x000000ca   Code   RO         1938    .text.vTaskSwitchContext  tasks.o
    0x0801554a   0x0801554a   0x00000006   PAD
    0x08015550   0x08015550   0x000000fe   Code   RO         2300    .text.xPortStartScheduler  port.o
    0x0801564e   0x0801564e   0x00000002   PAD
    0x08015650   0x08015650   0x00000032   Code   RO         1771    .text.xQueueCreateMutexStatic  queue.o
    0x08015682   0x08015682   0x00000006   PAD
    0x08015688   0x08015688   0x00000086   Code   RO         1765    .text.xQueueGenericCreate  queue.o
    0x0801570e   0x0801570e   0x00000002   PAD
    0x08015710   0x08015710   0x00000122   Code   RO         1761    .text.xQueueGenericCreateStatic  queue.o
    0x08015832   0x08015832   0x00000006   PAD
    0x08015838   0x08015838   0x000000be   Code   RO         1759    .text.xQueueGenericReset  queue.o
    0x080158f6   0x080158f6   0x00000002   PAD
    0x080158f8   0x080158f8   0x0000023c   Code   RO         1779    .text.xQueueGenericSend  queue.o
    0x08015b34   0x08015b34   0x00000004   PAD
    0x08015b38   0x08015b38   0x00000156   Code   RO         1795    .text.xQueueGenericSendFromISR  queue.o
    0x08015c8e   0x08015c8e   0x00000002   PAD
    0x08015c90   0x08015c90   0x000001e8   Code   RO         1799    .text.xQueueReceive  queue.o
    0x08015e78   0x08015e78   0x0000023c   Code   RO         1783    .text.xQueueSemaphoreTake  queue.o
    0x080160b4   0x080160b4   0x00000004   PAD
    0x080160b8   0x080160b8   0x000000d4   Code   RO         1980    .text.xTaskCheckForTimeOut  tasks.o
    0x0801618c   0x0801618c   0x00000004   PAD
    0x08016190   0x08016190   0x0000009e   Code   RO         1910    .text.xTaskCreate   tasks.o
    0x0801622e   0x0801622e   0x00000002   PAD
    0x08016230   0x08016230   0x000000da   Code   RO         1904    .text.xTaskCreateStatic  tasks.o
    0x0801630a   0x0801630a   0x00000006   PAD
    0x08016310   0x08016310   0x00000038   Code   RO         1996    .text.xTaskGetSchedulerState  tasks.o
    0x08016348   0x08016348   0x00000014   Code   RO         1954    .text.xTaskGetTickCount  tasks.o
    0x0801635c   0x0801635c   0x00000004   PAD
    0x08016360   0x08016360   0x000001c8   Code   RO         1952    .text.xTaskIncrementTick  tasks.o
    0x08016528   0x08016528   0x000000f4   Code   RO         2000    .text.xTaskPriorityDisinherit  tasks.o
    0x0801661c   0x0801661c   0x00000004   PAD
    0x08016620   0x08016620   0x0000010e   Code   RO         1998    .text.xTaskPriorityInherit  tasks.o
    0x0801672e   0x0801672e   0x00000002   PAD
    0x08016730   0x08016730   0x000000d2   Code   RO         1972    .text.xTaskRemoveFromEventList  tasks.o
    0x08016802   0x08016802   0x00000006   PAD
    0x08016808   0x08016808   0x0000018a   Code   RO         1924    .text.xTaskResumeAll  tasks.o
    0x08016992   0x08016992   0x00000006   PAD
    0x08016998   0x08016998   0x00000098   Code   RO         2053    .text.xTimerCreateTimerTask  timers.o
    0x08016a30   0x08016a30   0x000000b4   Code   RO         2065    .text.xTimerGenericCommand  timers.o
    0x08016ae4   0x08016ae4   0x00000020   Code   RO         3114    i.__0printf         mc_w.l(printfa.o)
    0x08016b04   0x08016b04   0x0000000e   Code   RO         3190    i.__scatterload_copy  mc_w.l(handlers.o)
    0x08016b12   0x08016b12   0x00000002   Code   RO         3191    i.__scatterload_null  mc_w.l(handlers.o)
    0x08016b14   0x08016b14   0x0000000e   Code   RO         3192    i.__scatterload_zeroinit  mc_w.l(handlers.o)
    0x08016b22   0x08016b22   0x00000002   PAD
    0x08016b24   0x08016b24   0x00000184   Code   RO         3121    i._fp_digits        mc_w.l(printfa.o)
    0x08016ca8   0x08016ca8   0x000006dc   Code   RO         3122    i._printf_core      mc_w.l(printfa.o)
    0x08017384   0x08017384   0x00000024   Code   RO         3123    i._printf_post_padding  mc_w.l(printfa.o)
    0x080173a8   0x080173a8   0x0000002e   Code   RO         3124    i._printf_pre_padding  mc_w.l(printfa.o)
    0x080173d6   0x080173d6   0x00000002   PAD
    0x080173d8   0x080173d8   0x00000024   Data   RO         2382    .rodata..L__const.process_sony_ds4.dpad_str  hid_app.o
    0x080173fc   0x080173fc   0x00000010   Data   RO         1695    .rodata.AHBPrescTable  system_stm32f7xx.o
    0x0801740c   0x0801740c   0x00000008   Data   RO         1696    .rodata.APBPrescTable  system_stm32f7xx.o
    0x08017414   0x08017414   0x00000020   Data   RO         2806    .rodata._dwc2_controller  dwc2_common.o
    0x08017434   0x08017434   0x00000020   Data   RO         2882    .rodata._dwc2_controller  hcd_dwc2.o
    0x08017454   0x08017454   0x00000474   Data   RO         2999    .rodata.asc2_1206   lcd.o
    0x080178c8   0x080178c8   0x000005f0   Data   RO         3000    .rodata.asc2_1608   lcd.o
    0x08017eb8   0x08017eb8   0x00000d5c   Data   RO         3001    .rodata.asc2_2412   lcd.o
    0x08018c14   0x08018c14   0x00002f80   Data   RO         3002    .rodata.asc2_3216   lcd.o
    0x0801bb94   0x0801bb94   0x00000050   Data   RO         3054    .rodata.font        chip8.o
    0x0801bbe4   0x0801bbe4   0x00000024   Data   RO           54    .rodata.gameTask_attributes  freertos.o
    0x0801bc08   0x0801bc08   0x00000024   Data   RO           55    .rodata.hidParserTask_attributes  freertos.o
    0x0801bc2c   0x0801bc2c   0x00000032   Data   RO           52    .rodata.str1.1      freertos.o
    0x0801bc5e   0x0801bc5e   0x00000005   Data   RO         2038    .rodata.str1.1      tasks.o
    0x0801bc63   0x0801bc63   0x0000000d   Data   RO         2106    .rodata.str1.1      timers.o
    0x0801bc70   0x0801bc70   0x00000172   Data   RO         2381    .rodata.str1.1      hid_app.o
    0x0801bde2   0x0801bde2   0x00000052   Data   RO         2444    .rodata.str1.1      tusb.o
    0x0801be34   0x0801be34   0x00000029   Data   RO         2530    .rodata.str1.1      hid_host.o
    0x0801be5d   0x0801be5d   0x00000094   Data   RO         2622    .rodata.str1.1      hub.o
    0x0801bef1   0x0801bef1   0x00000110   Data   RO         2765    .rodata.str1.1      usbh.o
    0x0801c001   0x0801c001   0x0000001a   Data   RO         2805    .rodata.str1.1      dwc2_common.o
    0x0801c01b   0x0801c01b   0x000000c0   Data   RO         2881    .rodata.str1.1      hcd_dwc2.o
    0x0801c0db   0x0801c0db   0x00000001   PAD
    0x0801c0dc   0x0801c0dc   0x00000024   Data   RO           53    .rodata.tinyUSBTask_attributes  freertos.o
    0x0801c100   0x0801c100   0x00000038   Data   RO         2776    .rodata.usbh_class_drivers  usbh.o
    0x0801c138   0x0801c138   0x00000020   Data   RO         3189    Region$$Table       anon$$obj.o


    Execution Region RW_IRAM1 (Exec base: 0x20020000, Load base: 0x0801c158, Size: 0x00008a90, Max: 0x00060000, ABSOLUTE, COMPRESSED[0x00000130])

    Exec Addr    Load Addr    Size         Type   Attr      Idx    E Section Name        Object

    0x20020000   COMPRESSED   0x00000004   Data   RW         3155    .data               mc_w.l(stdout.o)
    0x20020004   COMPRESSED   0x00000004   Data   RW         3004    .data.BACK_COLOR    lcd.o
    0x20020008   COMPRESSED   0x00000004   Data   RW         3003    .data.POINT_COLOR   lcd.o
    0x2002000c   COMPRESSED   0x000000f6   Data   RW         3051    .data.Pong1player   chip8.o
    0x20020102   COMPRESSED   0x00000002   PAD
    0x20020104   COMPRESSED   0x00000004   Data   RW         1694    .data.SystemCoreClock  system_stm32f7xx.o
    0x20020108   COMPRESSED   0x0000001c   Data   RW         2767    .data._usbh_data    usbh.o
    0x20020124   COMPRESSED   0x0000005c   Data   RW         2766    .data._usbh_qdef    usbh.o
    0x20020180   COMPRESSED   0x00000010   Data   RW         3052    .data.chip8_keymap  chip8.o
    0x20020190   COMPRESSED   0x00000080   Data   RW           50    .data.chip8_whitecolor  freertos.o
    0x20020210   COMPRESSED   0x00000001   Data   RW         3053    .data.font_base     chip8.o
    0x20020211   COMPRESSED   0x00000001   Data   RW         1049    .data.uwTickFreq    stm32f7xx_hal.o
    0x20020212   COMPRESSED   0x00000002   PAD
    0x20020214   COMPRESSED   0x00000004   Data   RW         1048    .data.uwTickPrio    stm32f7xx_hal.o
    0x20020218   COMPRESSED   0x00000004   Data   RW         2322    .data.uxCriticalNesting  port.o
    0x2002021c   COMPRESSED   0x00000004   PAD
    0x20020220        -       0x00000004   Zero   RW         2916    .bss.HIDInputEventQueue  app_init.o
    0x20020224        -       0x00000200   Zero   RW         2257    .bss.Idle_Stack     cmsis_os2.o
    0x20020424        -       0x0000005c   Zero   RW         2256    .bss.Idle_TCB       cmsis_os2.o
    0x20020480        -       0x00000004   Zero   RW         2254    .bss.KernelState    cmsis_os2.o
    0x20020484        -       0x0000004c   Zero   RW         3006    .bss.SRAM_Handler   lcd.o
    0x200204d0        -       0x00000400   Zero   RW         2259    .bss.Timer_Stack    cmsis_os2.o
    0x200208d0        -       0x0000005c   Zero   RW         2258    .bss.Timer_TCB      cmsis_os2.o
    0x2002092c        -       0x00000400   Zero   RW          108    .bss.USART_RX_BUF   usart.o
    0x20020d2c        -       0x00000004   Zero   RW          105    .bss.USART_RX_LEN   usart.o
    0x20020d30        -       0x00000004   Zero   RW         2773    .bss._app_driver    usbh.o
    0x20020d34        -       0x00000001   Zero   RW         2772    .bss._app_driver_count  usbh.o
    0x20020d35   COMPRESSED   0x00000003   PAD
    0x20020d38        -       0x00000200   Zero   RW         2880    .bss._hcd_data      hcd_dwc2.o
    0x20020f38        -       0x00000001   Zero   RW         2529    .bss._hidh_default_protocol  hid_host.o
    0x20020f39   COMPRESSED   0x00000003   PAD
    0x20020f3c        -       0x00000600   Zero   RW         2531    .bss._hidh_epbuf    hid_host.o
    0x2002153c        -       0x000000a8   Zero   RW         2528    .bss._hidh_itf      hid_host.o
    0x200215e4        -       0x00000002   Zero   RW         2443    .bss._tusb_rhport_role  tusb.o
    0x200215e6        -       0x000001d6   Zero   RW         2774    .bss._usbh_devices  usbh.o
    0x200217bc        -       0x00000108   Zero   RW         2775    .bss._usbh_epbuf    usbh.o
    0x200218c4        -       0x00000004   Zero   RW         2771    .bss._usbh_mutex    usbh.o
    0x200218c8        -       0x00000050   Zero   RW         2770    .bss._usbh_mutexdef  usbh.o
    0x20021918        -       0x00000004   Zero   RW         2769    .bss._usbh_q        usbh.o
    0x2002191c        -       0x000000c0   Zero   RW         2764    .bss._usbh_qdef_buf  usbh.o
    0x200219dc        -       0x00000004   Zero   RW         2768    .bss._usbh_spin     usbh.o
    0x200219e0        -       0x00000080   Zero   RW           51    .bss.chip8_blackcolor  freertos.o
    0x20021a60        -       0x00001848   Zero   RW         3055    .bss.chip8_emulator  chip8.o
    0x200232a8        -       0x00000001   Zero   RW         2379    .bss.ds4_dev_addr   hid_app.o
    0x200232a9        -       0x00000001   Zero   RW         2380    .bss.ds4_instance   hid_app.o
    0x200232aa        -       0x00000001   Zero   RW         2375    .bss.ds4_mounted    hid_app.o
    0x200232ab   COMPRESSED   0x00000001   PAD
    0x200232ac        -       0x00000004   Zero   RW           57    .bss.gameTaskHandle  freertos.o
    0x200232b0        -       0x000003e0   Zero   RW          123    .bss.hhcd_USB_OTG_FS  usb_otg.o
    0x20023690        -       0x00000004   Zero   RW           58    .bss.hidParserTaskHandle  freertos.o
    0x20023694        -       0x00000010   Zero   RW           73    .bss.hrng           rng.o
    0x200236a4        -       0x0000004c   Zero   RW          170    .bss.htim6          stm32f7xx_hal_timebase_tim.o
    0x200236f0        -       0x0000004c   Zero   RW           87    .bss.htim7          tim.o
    0x2002373c        -       0x00000088   Zero   RW          106    .bss.huart1         usart.o
    0x200237c4        -       0x00000010   Zero   RW         2626    .bss.hub_epbufs     hub.o
    0x200237d4        -       0x00000008   Zero   RW         2624    .bss.hub_itfs       hub.o
    0x200237dc        -       0x0000000e   Zero   RW         3005    .bss.lcddev         lcd.o
    0x200237ea        -       0x00000001   Zero   RW         2377    .bss.motor_left     hid_app.o
    0x200237eb        -       0x00000001   Zero   RW         2378    .bss.motor_right    hid_app.o
    0x200237ec        -       0x00000001   Zero   RW         2777    .bss.process_enumeration.failed_count  usbh.o
    0x200237ed        -       0x00000009   Zero   RW         2383    .bss.process_sony_ds4.prev_report  hid_app.o
    0x200237f6        -       0x000000a0   Zero   RW         2114    .bss.prvCheckForValidListAndQueue.ucStaticTimerQueueStorage  timers.o
    0x20023896   COMPRESSED   0x00000002   PAD
    0x20023898        -       0x00000050   Zero   RW         2113    .bss.prvCheckForValidListAndQueue.xStaticTimerQueue  timers.o
    0x200238e8        -       0x00000004   Zero   RW         2110    .bss.prvSampleTimeNow.xLastTime  timers.o
    0x200238ec        -       0x00000004   Zero   RW         2024    .bss.pxCurrentTCB   tasks.o
    0x200238f0        -       0x00000004   Zero   RW         2108    .bss.pxCurrentTimerList  timers.o
    0x200238f4        -       0x00000004   Zero   RW         2032    .bss.pxDelayedTaskList  tasks.o
    0x200238f8        -       0x00000004   Zero   RW         2281    .bss.pxEnd          heap_4.o
    0x200238fc        -       0x00000004   Zero   RW         2033    .bss.pxOverflowDelayedTaskList  tasks.o
    0x20023900        -       0x00000004   Zero   RW         2109    .bss.pxOverflowTimerList  timers.o
    0x20023904        -       0x00000460   Zero   RW         2035    .bss.pxReadyTasksLists  tasks.o
    0x20023d64        -       0x00000004   Zero   RW           56    .bss.tinyUSBTaskHandle  freertos.o
    0x20023d68        -       0x00000001   Zero   RW          107    .bss.uart_rx_byte   usart.o
    0x20023d69        -       0x00003c00   Zero   RW         2286    .bss.ucHeap         heap_4.o
    0x20027969        -       0x00000001   Zero   RW         2320    .bss.ucMaxSysCallPriority  port.o
    0x2002796a   COMPRESSED   0x00000002   PAD
    0x2002796c        -       0x00000004   Zero   RW         2321    .bss.ulMaxPRIGROUPValue  port.o
    0x20027970        -       0x00000004   Zero   RW         2623    .bss.user_complete_cb  hub.o
    0x20027974        -       0x00000004   Zero   RW         1050    .bss.uwTick         stm32f7xx_hal.o
    0x20027978        -       0x00000004   Zero   RW         2028    .bss.uxCurrentNumberOfTasks  tasks.o
    0x2002797c        -       0x00000004   Zero   RW         2027    .bss.uxDeletedTasksWaitingCleanUp  tasks.o
    0x20027980        -       0x00000004   Zero   RW         2042    .bss.uxPendedTicks  tasks.o
    0x20027984        -       0x00000004   Zero   RW         2030    .bss.uxSchedulerSuspended  tasks.o
    0x20027988        -       0x00000004   Zero   RW         2025    .bss.uxTaskNumber   tasks.o
    0x2002798c        -       0x00000004   Zero   RW         2036    .bss.uxTopReadyPriority  tasks.o
    0x20027990        -       0x00000014   Zero   RW         2111    .bss.xActiveTimerList1  timers.o
    0x200279a4        -       0x00000014   Zero   RW         2112    .bss.xActiveTimerList2  timers.o
    0x200279b8        -       0x00000004   Zero   RW         2282    .bss.xBlockAllocatedBit  heap_4.o
    0x200279bc        -       0x00000014   Zero   RW         2044    .bss.xDelayedTaskList1  tasks.o
    0x200279d0        -       0x00000014   Zero   RW         2045    .bss.xDelayedTaskList2  tasks.o
    0x200279e4        -       0x00000004   Zero   RW         2283    .bss.xFreeBytesRemaining  heap_4.o
    0x200279e8        -       0x00000004   Zero   RW         2039    .bss.xIdleTaskHandle  tasks.o
    0x200279ec        -       0x00000004   Zero   RW         2285    .bss.xMinimumEverFreeBytesRemaining  heap_4.o
    0x200279f0        -       0x00000004   Zero   RW         2040    .bss.xNextTaskUnblockTime  tasks.o
    0x200279f4        -       0x00000004   Zero   RW         2043    .bss.xNumOfOverflows  tasks.o
    0x200279f8        -       0x00000014   Zero   RW         2037    .bss.xPendingReadyList  tasks.o
    0x20027a0c        -       0x00000040   Zero   RW         1839    .bss.xQueueRegistry  queue.o
    0x20027a4c        -       0x00000004   Zero   RW         2029    .bss.xSchedulerRunning  tasks.o
    0x20027a50        -       0x00000008   Zero   RW         2284    .bss.xStart         heap_4.o
    0x20027a58        -       0x00000014   Zero   RW         2034    .bss.xSuspendedTaskList  tasks.o
    0x20027a6c        -       0x00000014   Zero   RW         2026    .bss.xTasksWaitingTermination  tasks.o
    0x20027a80        -       0x00000004   Zero   RW         2031    .bss.xTickCount     tasks.o
    0x20027a84        -       0x00000004   Zero   RW         2105    .bss.xTimerQueue    timers.o
    0x20027a88        -       0x00000004   Zero   RW         2107    .bss.xTimerTaskHandle  timers.o
    0x20027a8c        -       0x00000004   Zero   RW         2041    .bss.xYieldPending  tasks.o
    0x20027a90        -       0x00001000   Zero   RW            1    STACK               startup_stm32f767xx.o


==============================================================================

Image component sizes


      Code (inc. data)   RO Data    RW Data    ZI Data      Debug   Object Name

        62          0          0          0          4        978   app_init.o
      2476         16         80        263       6216       4613   chip8.o
       800          0          0          0       1724      31433   cmsis_os2.o
      1700          0         58          0          0      10196   dwc2_common.o
       240          0          0          0          0       9973   family.o
       660          0        158        128        140       5050   freertos.o
       184          0          0          0          0       2285   gpio.o
     13220          6        224          0        512      39855   hcd_dwc2.o
      1076          0          0          0      15384       3573   heap_4.o
      1578          0        406          0         14       6032   hid_app.o
      2970          4         41          0       1705      20017   hid_host.o
       124          0          0          0          0       1467   hid_report_parser.o
      3382          4        148          0         28      13787   hub.o
     14814         24      18240          8         90      16683   lcd.o
       296          0          0          0          0       2212   list.o
       350          0          0          0          0       6426   main.o
      1072         16          0          4          5       3734   port.o
      3562          0          0          0         64      17191   queue.o
       130          0          0          0         16       3801   rng.o
        36          8        504          0       4096        840   startup_stm32f767xx.o
       126          0          0          5          4       8026   stm32f7xx_hal.o
       594          0          0          0          0      10739   stm32f7xx_hal_cortex.o
       304          0          0          0          0       8472   stm32f7xx_hal_dma.o
      1050          0          0          0          0       5192   stm32f7xx_hal_gpio.o
       264          0          0          0          0      15134   stm32f7xx_hal_hcd.o
        80          0          0          0          0       3943   stm32f7xx_hal_msp.o
       198          0          0          0          0       5635   stm32f7xx_hal_pwr_ex.o
      2910          0          0          0          0       8091   stm32f7xx_hal_rcc.o
      2276          0          0          0          0       7519   stm32f7xx_hal_rcc_ex.o
       294          0          0          0          0       3854   stm32f7xx_hal_rng.o
       128          0          0          0          0       8321   stm32f7xx_hal_sram.o
      1472          0          0          0          0      36871   stm32f7xx_hal_tim.o
       368          0          0          0          0      16725   stm32f7xx_hal_tim_ex.o
       236          0          0          0         76       7850   stm32f7xx_hal_timebase_tim.o
      5564         38          0          0          0      23738   stm32f7xx_hal_uart.o
        76          0          0          0          0       1065   stm32f7xx_it.o
       502          0          0          0          0       7253   stm32f7xx_ll_fmc.o
      1192          0          0          0          0      19834   stm32f7xx_ll_usb.o
        78          0          0          0          0       2573   sys.o
        18          0         24          4          0       3219   system_stm32f7xx.o
      4620          0          5          0       1280      23635   tasks.o
       170          0          0          0         76       7557   tim.o
      1720         10         13          0        300      11303   timers.o
      1598          0         82          0          2      16336   tusb.o
       396          0          0          0       1165       9492   usart.o
       270          0          0          0        992       6537   usb_otg.o
     14538         46        328        120       1024      42751   usbh.o

    ----------------------------------------------------------------------
     90872        192      20344        536      34932     521811   Object Totals
         0          0         32          0          0          0   (incl. Generated)
      1098         20          1          4         15          0   (incl. Padding)

    ----------------------------------------------------------------------

      Code (inc. data)   RO Data    RW Data    ZI Data      Debug   Library Member Name

        58          0          0          0          0          0   __dczerorl.o
         0          0          0          0          0          0   entry.o
         0          0          0          0          0          0   entry10a.o
         0          0          0          0          0          0   entry11a.o
         8          4          0          0          0          0   entry2.o
         4          0          0          0          0          0   entry5.o
         0          0          0          0          0          0   entry7b.o
         0          0          0          0          0          0   entry8b.o
         8          4          0          0          0          0   entry9a.o
        30          0          0          0          0          0   handlers.o
        36          8          0          0          0         68   init.o
         0          0          0          0          0          0   iusefp.o
        30          0          0          0          0         68   llshl.o
        36          0          0          0          0         68   llsshr.o
        32          0          0          0          0         68   llushr.o
        26          0          0          0          0         80   memcmp.o
        36          0          0          0          0         68   memcpya.o
        36          0          0          0          0        108   memseta.o
      2258         90          0          0          0        452   printfa.o
         0          0          0          4          0          0   stdout.o
        44          0          0          0          0         80   uidiv.o
        98          0          0          0          0         92   uldiv.o
        48          0          0          0          0         68   cdrcmple.o
       334          0          0          0          0        148   dadd.o
       222          0          0          0          0        100   ddiv.o
       186          0          0          0          0        176   depilogue.o
        48          0          0          0          0         68   dfixul.o
       228          0          0          0          0         96   dmul.o

    ----------------------------------------------------------------------
      3816        106          0          4          0       1808   Library Totals
        10          0          0          0          0          0   (incl. Padding)

    ----------------------------------------------------------------------

      Code (inc. data)   RO Data    RW Data    ZI Data      Debug   Library Name

      2740        106          0          4          0       1152   mc_w.l
      1066          0          0          0          0        656   mf_w.l

    ----------------------------------------------------------------------
      3816        106          0          4          0       1808   Library Totals

    ----------------------------------------------------------------------

==============================================================================


      Code (inc. data)   RO Data    RW Data    ZI Data      Debug   

     94688        298      20344        540      34932     522067   Grand Totals
     94688        298      20344        304      34932     522067   ELF Image Totals (compressed)
     94688        298      20344        304          0          0   ROM Totals

==============================================================================

    Total RO  Size (Code + RO Data)               115032 ( 112.34kB)
    Total RW  Size (RW Data + ZI Data)             35472 (  34.64kB)
    Total ROM Size (Code + RO Data + RW Data)     115336 ( 112.63kB)

==============================================================================

